 SQLite.Interop

 Timestamp is 53ec9968 (Thu Aug 14 14:11:36 2014)

 Preferred load address is 10000000

 Start         Length     Name                   Class
 0001:00000000 000ab790H .text                   CODE
 0002:00000000 0000020cH .idata$5                DATA
 0002:0000020c 00000004H .CRT$XCA                DATA
 0002:00000210 00000004H .CRT$XCZ                DATA
 0002:00000214 00000004H .CRT$XIA                DATA
 0002:00000218 00000004H .CRT$XIAA               DATA
 0002:0000021c 00000008H .CRT$XIC                DATA
 0002:00000224 00000004H .CRT$XIZ                DATA
 0002:00000230 0000b368H .rdata                  DATA
 0002:0000b598 00000088H .rdata$debug            DATA
 0002:0000b620 00000004H .rdata$sxdata           DATA
 0002:0000b624 00000004H .rtc$IAA                DATA
 0002:0000b628 00000004H .rtc$IZZ                DATA
 0002:0000b62c 00000004H .rtc$TAA                DATA
 0002:0000b630 00000004H .rtc$TZZ                DATA
 0002:0000b638 00000064H .xdata$x                DATA
 0002:0000b69c 0000003cH .idata$2                DATA
 0002:0000b6d8 00000014H .idata$3                DATA
 0002:0000b6ec 0000020cH .idata$4                DATA
 0002:0000b8f8 000008eaH .idata$6                DATA
 0002:0000c1f0 000023f0H .edata                  DATA
 0003:00000000 000010a0H .data                   DATA
 0003:000010a0 00000794H .bss                    DATA
 0004:00000000 00000058H .rsrc$01                DATA
 0004:00000060 000005b8H .rsrc$02                DATA

  Address         Publics by Value              Rva+Base       Lib:Object

 0000:00000000       __except_list              00000000     <absolute>
 0000:00000001       ___safe_se_handler_count   00000001     <absolute>
 0000:00009876       __ldused                   00009876     <absolute>
 0000:00009876       __fltused                  00009876     <absolute>
 0000:00000000       ___ImageBase               10000000     <linker-defined>
 0001:00000000       _GetFullPathNameW@16       10001000 f   kernel32:KERNEL32.dll
 0001:00000006       _GetFullPathNameA@16       10001006 f   kernel32:KERNEL32.dll
 0001:0000000c       _HeapReAlloc@16            1000100c f   kernel32:KERNEL32.dll
 0001:00000012       _CreateFileA@28            10001012 f   kernel32:KERNEL32.dll
 0001:00000018       _GetFileSize@8             10001018 f   kernel32:KERNEL32.dll
 0001:0000001e       _CreateMutexW@12           1000101e f   kernel32:KERNEL32.dll
 0001:00000024       _HeapCompact@8             10001024 f   kernel32:KERNEL32.dll
 0001:0000002a       _SetFilePointer@16         1000102a f   kernel32:KERNEL32.dll
 0001:00000030       _MapViewOfFile@20          10001030 f   kernel32:KERNEL32.dll
 0001:00000036       _UnmapViewOfFile@4         10001036 f   kernel32:KERNEL32.dll
 0001:0000003c       _SetEndOfFile@4            1000103c f   kernel32:KERNEL32.dll
 0001:00000042       _FreeLibrary@4             10001042 f   kernel32:KERNEL32.dll
 0001:00000048       _HeapAlloc@12              10001048 f   kernel32:KERNEL32.dll
 0001:0000004e       _SystemTimeToFileTime@8    1000104e f   kernel32:KERNEL32.dll
 0001:00000054       _QueryPerformanceCounter@4 10001054 f   kernel32:KERNEL32.dll
 0001:0000005a       _HeapFree@12               1000105a f   kernel32:KERNEL32.dll
 0001:00000060       _WaitForSingleObject@8     10001060 f   kernel32:KERNEL32.dll
 0001:00000066       _UnlockFile@20             10001066 f   kernel32:KERNEL32.dll
 0001:0000006c       _LockFile@20               1000106c f   kernel32:KERNEL32.dll
 0001:00000072       _OutputDebugStringW@4      10001072 f   kernel32:KERNEL32.dll
 0001:00000078       _GetTickCount@0            10001078 f   kernel32:KERNEL32.dll
 0001:0000007e       _UnlockFileEx@20           1000107e f   kernel32:KERNEL32.dll
 0001:00000084       _GetProcessHeap@0          10001084 f   kernel32:KERNEL32.dll
 0001:0000008a       _GetSystemTimeAsFileTime@4 1000108a f   kernel32:KERNEL32.dll
 0001:00000090       _FormatMessageA@28         10001090 f   kernel32:KERNEL32.dll
 0001:00000096       _WriteFile@20              10001096 f   kernel32:KERNEL32.dll
 0001:0000009c       _WideCharToMultiByte@32    1000109c f   kernel32:KERNEL32.dll
 0001:000000a2       _LoadLibraryW@4            100010a2 f   kernel32:KERNEL32.dll
 0001:000000a8       _Sleep@4                   100010a8 f   kernel32:KERNEL32.dll
 0001:000000ae       _FormatMessageW@28         100010ae f   kernel32:KERNEL32.dll
 0001:000000b4       _GetVersionExW@4           100010b4 f   kernel32:KERNEL32.dll
 0001:000000ba       _HeapDestroy@4             100010ba f   kernel32:KERNEL32.dll
 0001:000000c0       _GetFileAttributesA@4      100010c0 f   kernel32:KERNEL32.dll
 0001:000000c6       _HeapCreate@12             100010c6 f   kernel32:KERNEL32.dll
 0001:000000cc       _HeapValidate@12           100010cc f   kernel32:KERNEL32.dll
 0001:000000d2       _GetFileAttributesW@4      100010d2 f   kernel32:KERNEL32.dll
 0001:000000d8       _ReadFile@20               100010d8 f   kernel32:KERNEL32.dll
 0001:000000de       _CreateFileW@28            100010de f   kernel32:KERNEL32.dll
 0001:000000e4       _MultiByteToWideChar@24    100010e4 f   kernel32:KERNEL32.dll
 0001:000000ea       _FlushFileBuffers@4        100010ea f   kernel32:KERNEL32.dll
 0001:000000f0       _GetTempPathW@8            100010f0 f   kernel32:KERNEL32.dll
 0001:000000f6       _GetLastError@0            100010f6 f   kernel32:KERNEL32.dll
 0001:000000fc       _GetProcAddress@8          100010fc f   kernel32:KERNEL32.dll
 0001:00000102       _HeapSize@12               10001102 f   kernel32:KERNEL32.dll
 0001:00000108       _LockFileEx@24             10001108 f   kernel32:KERNEL32.dll
 0001:0000010e       _GetDiskFreeSpaceW@20      1000110e f   kernel32:KERNEL32.dll
 0001:00000114       _LoadLibraryA@4            10001114 f   kernel32:KERNEL32.dll
 0001:0000011a       _CreateFileMappingA@24     1000111a f   kernel32:KERNEL32.dll
 0001:00000120       _CreateFileMappingW@24     10001120 f   kernel32:KERNEL32.dll
 0001:00000126       _GetDiskFreeSpaceA@20      10001126 f   kernel32:KERNEL32.dll
 0001:0000012c       _GetSystemInfo@4           1000112c f   kernel32:KERNEL32.dll
 0001:00000132       _GetFileAttributesExW@12   10001132 f   kernel32:KERNEL32.dll
 0001:00000138       _OutputDebugStringA@4      10001138 f   kernel32:KERNEL32.dll
 0001:0000013e       _GetVersionExA@4           1000113e f   kernel32:KERNEL32.dll
 0001:00000144       _CloseHandle@4             10001144 f   kernel32:KERNEL32.dll
 0001:0000014a       _DeleteFileW@4             1000114a f   kernel32:KERNEL32.dll
 0001:00000150       _GetCurrentProcessId@0     10001150 f   kernel32:KERNEL32.dll
 0001:00000156       _GetTempPathA@8            10001156 f   kernel32:KERNEL32.dll
 0001:0000015c       _LocalFree@4               1000115c f   kernel32:KERNEL32.dll
 0001:00000162       _GetSystemTime@4           10001162 f   kernel32:KERNEL32.dll
 0001:00000168       _AreFileApisANSI@0         10001168 f   kernel32:KERNEL32.dll
 0001:0000016e       _DeleteFileA@4             1000116e f   kernel32:KERNEL32.dll
 0001:00000174       @__security_check_cookie@4 10001174 f   MSVCRT:secchk.obj
 0001:00000183       ___raise_securityfailure   10001183 f   MSVCRT:gs_report.obj
 0001:000001c0       ___report_gsfailure        100011c0 f   MSVCRT:gs_report.obj
 0001:000002b9       ___report_rangecheckfailure 100012b9 f   MSVCRT:gs_report.obj
 0001:000002c5       ___report_securityfailure  100012c5 f   MSVCRT:gs_report.obj
 0001:000003df       __CRT_INIT@12              100013df f   MSVCRT:crtdll.obj
 0001:000005d4       __DllMainCRTStartup@12     100015d4 f   MSVCRT:crtdll.obj
 0001:0000072a       __crt_debugger_hook        1000172a f   MSVCRT:MSVCR110.dll
 0001:00000730       ___crtUnhandledException   10001730 f   MSVCRT:MSVCR110.dll
 0001:00000736       ___crtTerminateProcess     10001736 f   MSVCRT:MSVCR110.dll
 0001:0000073c       ___CppXcptFilter           1000173c f   MSVCRT:MSVCR110.dll
 0001:00000742       __amsg_exit                10001742 f   MSVCRT:MSVCR110.dll
 0001:00000750       __FindPESection            10001750 f   MSVCRT:pesect.obj
 0001:000007a0       __IsNonwritableInCurrentImage 100017a0 f   MSVCRT:pesect.obj
 0001:00000860       __ValidateImageBase        10001860 f   MSVCRT:pesect.obj
 0001:00000891       ___atonexitinit            10001891 f   MSVCRT:atonexit.obj
 0001:000008cd       __onexit                   100018cd f   MSVCRT:atonexit.obj
 0001:00000972       _atexit                    10001972 f   MSVCRT:atonexit.obj
 0001:00000987       ___security_init_cookie    10001987 f   MSVCRT:gs_support.obj
 0001:00000a21       _DllMain@12                10001a21 f   MSVCRT:dllmain.obj
 0001:00000a43       __RTC_Initialize           10001a43 f   MSVCRT:initsect.obj
 0001:00000a63       __RTC_Terminate            10001a63 f   MSVCRT:initsect.obj
 0001:00000a84       __initterm                 10001a84 f   MSVCRT:MSVCR110.dll
 0001:00000a8a       __initterm_e               10001a8a f   MSVCRT:MSVCR110.dll
 0001:00000a90       ___clean_type_info_names   10001a90 f   MSVCRT:tncleanup.obj
 0001:00000aa0       __SEH_prolog4              10001aa0 f   MSVCRT:sehprolg4.obj
 0001:00000ae5       __SEH_epilog4              10001ae5 f   MSVCRT:sehprolg4.obj
 0001:00000af9       __except_handler4          10001af9 f   MSVCRT:chandler4gs.obj
 0001:00000b1c       __lock                     10001b1c f   MSVCRT:MSVCR110.dll
 0001:00000b22       __unlock                   10001b22 f   MSVCRT:MSVCR110.dll
 0001:00000b28       ___dllonexit               10001b28 f   MSVCRT:MSVCR110.dll
 0001:00000b2e       ___clean_type_info_names_internal 10001b2e f   MSVCRT:MSVCR110.dll
 0001:00000b34       __except_handler4_common   10001b34 f   MSVCRT:MSVCR110.dll
 0001:00000b3a       _IsProcessorFeaturePresent@4 10001b3a f   kernel32:KERNEL32.dll
 0001:00000b40       _sqlite3_cursor_rowid_interop@12 10001b40 f   interop.obj
 0001:00000be0       _sqlite3_table_cursor_interop@12 10001be0 f   interop.obj
 0001:00000c60       _sqlite3_index_column_info_interop@32 10001c60 f   interop.obj
 0001:00000d80       _sqlite3_table_column_metadata_interop@44 10001d80 f   interop.obj
 0001:00000e00       _sqlite3_column_origin_name16_interop@12 10001e00 f   interop.obj
 0001:00000e50       _sqlite3_column_origin_name_interop@12 10001e50 f   interop.obj
 0001:00000ea0       _sqlite3_column_table_name16_interop@12 10001ea0 f   interop.obj
 0001:00000ef0       _sqlite3_column_table_name_interop@12 10001ef0 f   interop.obj
 0001:00000f40       _sqlite3_column_database_name16_interop@12 10001f40 f   interop.obj
 0001:00000f90       _sqlite3_column_database_name_interop@12 10001f90 f   interop.obj
 0001:00000fe0       _sqlite3_context_collseq_interop@16 10001fe0 f   interop.obj
 0001:00001050       _sqlite3_context_collcompare_interop@20 10002050 f   interop.obj
 0001:00001090       _sqlite3_result_int64_interop@8 10002090 f   interop.obj
 0001:000010d0       _sqlite3_result_double_interop@8 100020d0 f   interop.obj
 0001:00001180       _sqlite3_value_text16_interop@8 10002180 f   interop.obj
 0001:000011e0       _sqlite3_value_text_interop@8 100021e0 f   interop.obj
 0001:00001240       _sqlite3_value_int64_interop@8 10002240 f   interop.obj
 0001:00001260       _sqlite3_value_double_interop@8 10002260 f   interop.obj
 0001:00001280       _sqlite3_create_function_interop@36 10002280 f   interop.obj
 0001:00001300       _sqlite3_reset_interop@4   10002300 f   interop.obj
 0001:00001320       _sqlite3_backup_finish_interop@4 10002320 f   interop.obj
 0001:00001340       _sqlite3_finalize_interop@4 10002340 f   interop.obj
 0001:00001360       _sqlite3_column_text16_interop@12 10002360 f   interop.obj
 0001:00001390       _sqlite3_column_text_interop@12 10002390 f   interop.obj
 0001:000013c0       _sqlite3_memory_highwater_interop@8 100023c0 f   interop.obj
 0001:000013f0       _sqlite3_memory_used_interop@4 100023f0 f   interop.obj
 0001:00001410       _sqlite3_last_insert_rowid_interop@8 10002410 f   interop.obj
 0001:00001430       _sqlite3_column_int64_interop@12 10002430 f   interop.obj
 0001:00001450       _sqlite3_column_double_interop@12 10002450 f   interop.obj
 0001:00001470       _sqlite3_column_decltype16_interop@12 10002470 f   interop.obj
 0001:000014c0       _sqlite3_column_decltype_interop@12 100024c0 f   interop.obj
 0001:00001510       _sqlite3_column_name16_interop@12 10002510 f   interop.obj
 0001:000015c0       _sqlite3_column_name_interop@12 100025c0 f   interop.obj
 0001:00001660       _sqlite3_bind_parameter_name_interop@12 10002660 f   interop.obj
 0001:000016c0       _sqlite3_bind_int64_interop@12 100026c0 f   interop.obj
 0001:00001740       _sqlite3_bind_double_interop@12 10002740 f   interop.obj
 0001:00001770       _sqlite3_create_disposable_module_interop@112 10002770 f   interop.obj
 0001:00001830       _sqlite3_prepare16_interop@24 10002830 f   interop.obj
 0001:00001890       _sqlite3_prepare_interop@24 10002890 f   interop.obj
 0001:000018f0       _sqlite3_changes_interop@4 100028f0 f   interop.obj
 0001:00001900       _sqlite3_errmsg_interop@8  10002900 f   interop.obj
 0001:00001950       _sqlite3_open16_interop@12 10002950 f   interop.obj
 0001:000019a0       _sqlite3_open_interop@12   100029a0 f   interop.obj
 0001:000019d0       _interop_sourceid@0        100029d0 f   interop.obj
 0001:000019e0       _interop_libversion@0      100029e0 f   interop.obj
 0001:000019f0       _sqlite3_close_interop@4   100029f0 f   interop.obj
 0001:00001a10       _sqlite3_malloc_size_interop@4 10002a10 f   interop.obj
 0001:00001a30       _interop_compileoption_get@4 10002a30 f   interop.obj
 0001:00001a50       _interop_compileoption_used@4 10002a50 f   interop.obj
 0001:00001bb0       _sqlite3_rekey             10002bb0 f   interop.obj
 0001:00001bd0       _sqlite3_rekey_v2          10002bd0 f   interop.obj
 0001:00001df0       _sqlite3_key               10002df0 f   interop.obj
 0001:00001e10       _sqlite3_key_v2            10002e10 f   interop.obj
 0001:00001e30       _sqlite3CodecGetKey        10002e30 f   interop.obj
 0001:00001e80       _sqlite3CodecAttach        10002e80 f   interop.obj
 0001:00002040       _sqlite3Codec              10003040 f   interop.obj
 0001:00002190       _sqlite3CodecSizeChange    10003190 f   interop.obj
 0001:00002370       _sqlite3_activate_see      10003370 f   interop.obj
 0001:000023a0       _double_cmp                100033a0 f   interop.obj
 0001:000023e0       _int_cmp                   100033e0 f   interop.obj
 0001:00002430       _map_destroy               10003430 f   interop.obj
 0001:00002470       _node_destroy              10003470 f   interop.obj
 0001:000024b0       _map_iterate               100034b0 f   interop.obj
 0001:00002500       _node_iterate              10003500 f   interop.obj
 0001:00002540       _map_insert                10003540 f   interop.obj
 0001:00002550       _node_insert               10003550 f   interop.obj
 0001:000025c0       _xfree                     100035c0 f   interop.obj
 0001:000025d0       _xcalloc                   100035d0 f   interop.obj
 0001:000025e0       _map_make                  100035e0 f   interop.obj
 0001:00002600       _RegisterExtensionFunctions 10003600 f   interop.obj
 0001:00004b60       _isblank                   10005b60 f   interop.obj
 0001:00006970       _sqlite3_regexp_init       10007970 f   interop.obj
 0001:00006b90       _sqlite3re_compile         10007b90 f   interop.obj
 0001:00006de0       _sqlite3re_free            10007de0 f   interop.obj
 0001:00007f60       _sqlite3_totype_init       10008f60 f   interop.obj
 0001:00008c70       _sqlite3_percentile_init   10009c70 f   interop.obj
 0001:00009150       _sqlite3_vtshim_init       1000a150 f   interop.obj
 0001:00009160       _sqlite3_dispose_module    1000a160 f   interop.obj
 0001:000091d0       _sqlite3_create_disposable_module 1000a1d0 f   interop.obj
 0001:0000a7e0       _sqlite3_rtree_query_callback 1000b7e0 f   interop.obj
 0001:0000a850       _sqlite3_rtree_geometry_callback 1000b850 f   interop.obj
 0001:00028920       _sqlite3_db_readonly       10029920 f   interop.obj
 0001:00028950       _sqlite3_db_filename       10029950 f   interop.obj
 0001:00028a10       _sqlite3_uri_int64         10029a10 f   interop.obj
 0001:00028a70       _sqlite3_uri_boolean       10029a70 f   interop.obj
 0001:00028ab0       _sqlite3_uri_parameter     10029ab0 f   interop.obj
 0001:00028b60       _sqlite3_test_control      10029b60 f   interop.obj
 0001:00028d70       _sqlite3_file_control      10029d70 f   interop.obj
 0001:00028e20       _sqlite3_extended_result_codes 10029e20 f   interop.obj
 0001:00028e60       _sqlite3_sleep             10029e60 f   interop.obj
 0001:00028ea0       _sqlite3_table_column_metadata 10029ea0 f   interop.obj
 0001:000290f0       _sqlite3_thread_cleanup    1002a0f0 f   interop.obj
 0001:00029160       _sqlite3_get_autocommit    1002a160 f   interop.obj
 0001:00029170       _sqlite3_global_recover    1002a170 f   interop.obj
 0001:00029180       _sqlite3_collation_needed16 1002a180 f   interop.obj
 0001:000291d0       _sqlite3_collation_needed  1002a1d0 f   interop.obj
 0001:00029220       _sqlite3_create_collation16 1002a220 f   interop.obj
 0001:000293b0       _sqlite3_create_collation_v2 1002a3b0 f   interop.obj
 0001:00029430       _sqlite3_create_collation  1002a430 f   interop.obj
 0001:000294a0       _sqlite3_open16            1002a4a0 f   interop.obj
 0001:000295c0       _sqlite3_open_v2           1002a5c0 f   interop.obj
 0001:000295e0       _sqlite3_open              1002a5e0 f   interop.obj
 0001:0002a0a0       _sqlite3_limit             1002b0a0 f   interop.obj
 0001:0002a380       _sqlite3_errstr            1002b380 f   interop.obj
 0001:0002a3b0       _sqlite3_extended_errcode  1002b3b0 f   interop.obj
 0001:0002a420       _sqlite3_errcode           1002b420 f   interop.obj
 0001:0002a490       _sqlite3_errmsg16          1002b490 f   interop.obj
 0001:0002a570       _sqlite3_errmsg            1002b570 f   interop.obj
 0001:0002a7b0       _sqlite3_wal_checkpoint    1002b7b0 f   interop.obj
 0001:0002a870       _sqlite3_wal_checkpoint_v2 1002b870 f   interop.obj
 0001:0002a960       _sqlite3_wal_hook          1002b960 f   interop.obj
 0001:0002a9b0       _sqlite3_wal_autocheckpoint 1002b9b0 f   interop.obj
 0001:0002aa60       _sqlite3_rollback_hook     1002ba60 f   interop.obj
 0001:0002aab0       _sqlite3_update_hook       1002bab0 f   interop.obj
 0001:0002ab00       _sqlite3_commit_hook       1002bb00 f   interop.obj
 0001:0002ab50       _sqlite3_profile           1002bb50 f   interop.obj
 0001:0002aba0       _sqlite3_trace             1002bba0 f   interop.obj
 0001:0002abf0       _sqlite3_overload_function 1002bbf0 f   interop.obj
 0001:0002aca0       _sqlite3_create_function16 1002bca0 f   interop.obj
 0001:0002ae40       _sqlite3_create_function_v2 1002be40 f   interop.obj
 0001:0002af20       _sqlite3_create_function   1002bf20 f   interop.obj
 0001:0002b110       _sqlite3_interrupt         1002c110 f   interop.obj
 0001:0002b130       _sqlite3_busy_timeout      1002c130 f   interop.obj
 0001:0002b1e0       _sqlite3_progress_handler  1002c1e0 f   interop.obj
 0001:0002b250       _sqlite3_busy_handler      1002c250 f   interop.obj
 0001:0002ba80       _sqlite3_close_v2          1002ca80 f   interop.obj
 0001:0002baa0       _sqlite3_close             1002caa0 f   interop.obj
 0001:0002be00       _sqlite3_total_changes     1002ce00 f   interop.obj
 0001:0002be10       _sqlite3_changes           1002ce10 f   interop.obj
 0001:0002be20       _sqlite3_last_insert_rowid 1002ce20 f   interop.obj
 0001:0002bf50       _sqlite3_db_config         1002cf50 f   interop.obj
 0001:0002bff0       _sqlite3_db_release_memory 1002cff0 f   interop.obj
 0001:0002c070       _sqlite3_db_mutex          1002d070 f   interop.obj
 0001:0002c1b0       _sqlite3_config            1002d1b0 f   interop.obj
 0001:0002c540       _sqlite3_shutdown          1002d540 f   interop.obj
 0001:0002c610       _sqlite3_initialize        1002d610 f   interop.obj
 0001:0002c800       _sqlite3_threadsafe        1002d800 f   interop.obj
 0001:0002c810       _sqlite3_libversion_number 1002d810 f   interop.obj
 0001:0002c820       _sqlite3_sourceid          1002d820 f   interop.obj
 0001:0002c830       _sqlite3_libversion        1002d830 f   interop.obj
 0001:0002c840       _sqlite3_complete16        1002d840 f   interop.obj
 0001:0002c930       _sqlite3_complete          1002d930 f   interop.obj
 0001:0003ba70       _sqlite3_vtab_config       1003ca70 f   interop.obj
 0001:0003bb00       _sqlite3_vtab_on_conflict  1003cb00 f   interop.obj
 0001:0003c020       _sqlite3_declare_vtab      1003d020 f   interop.obj
 0001:0003cea0       _sqlite3_create_module_v2  1003dea0 f   interop.obj
 0001:0003cec0       _sqlite3_create_module     1003dec0 f   interop.obj
 0001:00043790       _sqlite3_free_table        10044790 f   interop.obj
 0001:00043870       _sqlite3_get_table         10044870 f   interop.obj
 0001:0004fab0       _sqlite3_prepare16_v2      10050ab0 f   interop.obj
 0001:0004fad0       _sqlite3_prepare16         10050ad0 f   interop.obj
 0001:0004fd40       _sqlite3_prepare_v2        10050d40 f   interop.obj
 0001:0004fd60       _sqlite3_prepare           10050d60 f   interop.obj
 0001:00053f60       _sqlite3_reset_auto_extension 10054f60 f   interop.obj
 0001:00053fd0       _sqlite3_cancel_auto_extension 10054fd0 f   interop.obj
 0001:00054050       _sqlite3_auto_extension    10055050 f   interop.obj
 0001:00054110       _sqlite3_enable_load_extension 10055110 f   interop.obj
 0001:00054210       _sqlite3_load_extension    10055210 f   interop.obj
 0001:000546d0       _sqlite3_exec              100556d0 f   interop.obj
 0001:0005ee90       _sqlite3_strglob           1005fe90 f   interop.obj
 0001:00069720       _sqlite3_set_authorizer    1006a720 f   interop.obj
 0001:00078ed0       _sqlite3_blob_reopen       10079ed0 f   interop.obj
 0001:00078fb0       _sqlite3_blob_bytes        10079fb0 f   interop.obj
 0001:00078fd0       _sqlite3_blob_write        10079fd0 f   interop.obj
 0001:00078ff0       _sqlite3_blob_read         10079ff0 f   interop.obj
 0001:00079120       _sqlite3_blob_close        1007a120 f   interop.obj
 0001:00079180       _sqlite3_blob_open         1007a180 f   interop.obj
 0001:0007fd80       _sqlite3_value_numeric_type 10080d80 f   interop.obj
 0001:000804b0       _sqlite3_stmt_status       100814b0 f   interop.obj
 0001:000804d0       _sqlite3_next_stmt         100814d0 f   interop.obj
 0001:00080510       _sqlite3_stmt_busy         10081510 f   interop.obj
 0001:00080540       _sqlite3_stmt_readonly     10081540 f   interop.obj
 0001:00080560       _sqlite3_db_handle         10081560 f   interop.obj
 0001:00080580       _sqlite3_transfer_bindings 10081580 f   interop.obj
 0001:00080730       _sqlite3_bind_parameter_index 10081730 f   interop.obj
 0001:000807e0       _sqlite3_bind_parameter_name 100817e0 f   interop.obj
 0001:00080810       _sqlite3_bind_parameter_count 10081810 f   interop.obj
 0001:00080830       _sqlite3_bind_zeroblob     10081830 f   interop.obj
 0001:000808a0       _sqlite3_bind_value        100818a0 f   interop.obj
 0001:00080a40       _sqlite3_bind_text16       10081a40 f   interop.obj
 0001:00080a60       _sqlite3_bind_text         10081a60 f   interop.obj
 0001:00080a80       _sqlite3_bind_null         10081a80 f   interop.obj
 0001:00080ac0       _sqlite3_bind_int64        10081ac0 f   interop.obj
 0001:00080b30       _sqlite3_bind_int          10081b30 f   interop.obj
 0001:00080b90       _sqlite3_bind_double       10081b90 f   interop.obj
 0001:00080c60       _sqlite3_bind_blob         10081c60 f   interop.obj
 0001:00080ed0       _sqlite3_column_origin_name16 10081ed0 f   interop.obj
 0001:00080f40       _sqlite3_column_origin_name 10081f40 f   interop.obj
 0001:00080fb0       _sqlite3_column_table_name16 10081fb0 f   interop.obj
 0001:00081020       _sqlite3_column_table_name 10082020 f   interop.obj
 0001:00081090       _sqlite3_column_database_name16 10082090 f   interop.obj
 0001:00081100       _sqlite3_column_database_name 10082100 f   interop.obj
 0001:00081170       _sqlite3_column_decltype16 10082170 f   interop.obj
 0001:000811e0       _sqlite3_column_decltype   100821e0 f   interop.obj
 0001:00081250       _sqlite3_column_name16     10082250 f   interop.obj
 0001:000812c0       _sqlite3_column_name       100822c0 f   interop.obj
 0001:000813a0       _sqlite3_column_type       100823a0 f   interop.obj
 0001:00081420       _sqlite3_column_text16     10082420 f   interop.obj
 0001:000814a0       _sqlite3_column_value      100824a0 f   interop.obj
 0001:00081530       _sqlite3_column_text       10082530 f   interop.obj
 0001:000815b0       _sqlite3_column_int64      100825b0 f   interop.obj
 0001:00081650       _sqlite3_column_int        10082650 f   interop.obj
 0001:000816d0       _sqlite3_column_double     100826d0 f   interop.obj
 0001:00081760       _sqlite3_column_bytes16    10082760 f   interop.obj
 0001:00081800       _sqlite3_column_bytes      10082800 f   interop.obj
 0001:000818a0       _sqlite3_column_blob       100828a0 f   interop.obj
 0001:00081a20       _sqlite3_data_count        10082a20 f   interop.obj
 0001:00081a40       _sqlite3_column_count      10082a40 f   interop.obj
 0001:00081a60       _sqlite3_aggregate_count   10082a60 f   interop.obj
 0001:00081a70       _sqlite3_set_auxdata       10082a70 f   interop.obj
 0001:00081b40       _sqlite3_get_auxdata       10082b40 f   interop.obj
 0001:00081b80       _sqlite3_aggregate_context 10082b80 f   interop.obj
 0001:00081d60       _sqlite3_context_db_handle 10082d60 f   interop.obj
 0001:00081d70       _sqlite3_user_data         10082d70 f   interop.obj
 0001:00081d80       _sqlite3_step              10082d80 f   interop.obj
 0001:00082230       _sqlite3_result_error_nomem 10083230 f   interop.obj
 0001:00082290       _sqlite3_result_error_toobig 10083290 f   interop.obj
 0001:00082320       _sqlite3_result_error_code 10083320 f   interop.obj
 0001:00082410       _sqlite3_result_zeroblob   10083410 f   interop.obj
 0001:00082450       _sqlite3_result_value      10083450 f   interop.obj
 0001:00082470       _sqlite3_result_text16le   10083470 f   interop.obj
 0001:000824a0       _sqlite3_result_text16be   100834a0 f   interop.obj
 0001:000824d0       _sqlite3_result_text16     100834d0 f   interop.obj
 0001:00082500       _sqlite3_result_text       10083500 f   interop.obj
 0001:00082530       _sqlite3_result_null       10083530 f   interop.obj
 0001:00082580       _sqlite3_result_int64      10083580 f   interop.obj
 0001:000825b0       _sqlite3_result_int        100835b0 f   interop.obj
 0001:000825e0       _sqlite3_result_error16    100835e0 f   interop.obj
 0001:00082610       _sqlite3_result_error      10083610 f   interop.obj
 0001:00082640       _sqlite3_result_double     10083640 f   interop.obj
 0001:000826e0       _sqlite3_result_blob       100836e0 f   interop.obj
 0001:00082740       _sqlite3_value_type        10083740 f   interop.obj
 0001:00082760       _sqlite3_value_text16le    10083760 f   interop.obj
 0001:00082770       _sqlite3_value_text16be    10083770 f   interop.obj
 0001:00082780       _sqlite3_value_text16      10083780 f   interop.obj
 0001:00082790       _sqlite3_value_text        10083790 f   interop.obj
 0001:000827b0       _sqlite3_value_int64       100837b0 f   interop.obj
 0001:000827c0       _sqlite3_value_int         100837c0 f   interop.obj
 0001:00082840       _sqlite3_value_double      10083840 f   interop.obj
 0001:00082860       _sqlite3_value_bytes16     10083860 f   interop.obj
 0001:000828a0       _sqlite3_value_bytes       100838a0 f   interop.obj
 0001:000828e0       _sqlite3_value_blob        100838e0 f   interop.obj
 0001:00082920       _sqlite3_clear_bindings    10083920 f   interop.obj
 0001:00082a40       _sqlite3_reset             10083a40 f   interop.obj
 0001:00082b10       _sqlite3_finalize          10083b10 f   interop.obj
 0001:00082c10       _sqlite3_expired           10083c10 f   interop.obj
 0001:000875f0       _sqlite3_sql               100885f0 f   interop.obj
 0001:000890a0       _sqlite3_backup_pagecount  1008a0a0 f   interop.obj
 0001:000890b0       _sqlite3_backup_remaining  1008a0b0 f   interop.obj
 0001:000890c0       _sqlite3_backup_finish     1008a0c0 f   interop.obj
 0001:000891b0       _sqlite3_backup_step       1008a1b0 f   interop.obj
 0001:0008a0c0       _sqlite3_backup_init       1008b0c0 f   interop.obj
 0001:00094910       _sqlite3_enable_shared_cache 10095910 f   interop.obj
 0001:0009f9a0       _sqlite3_os_end            100a09a0 f   interop.obj
 0001:0009f9b0       _sqlite3_os_init           100a09b0 f   interop.obj
 0001:000a2c30       _sqlite3_win32_set_directory 100a3c30 f   interop.obj
 0001:000a2ca0       _sqlite3_win32_utf8_to_mbcs 100a3ca0 f   interop.obj
 0001:000a2ce0       _sqlite3_win32_mbcs_to_utf8 100a3ce0 f   interop.obj
 0001:000a31c0       _sqlite3_win32_sleep       100a41c0 f   interop.obj
 0001:000a31d0       _sqlite3_win32_write_debug 100a41d0 f   interop.obj
 0001:000a3250       _sqlite3_win32_reset_heap  100a4250 f   interop.obj
 0001:000a3310       _sqlite3_win32_compact_heap 100a4310 f   interop.obj
 0001:000a4eb0       _sqlite3_strnicmp          100a5eb0 f   interop.obj
 0001:000a4f10       _sqlite3_stricmp           100a5f10 f   interop.obj
 0001:000a5950       _sqlite3_randomness        100a6950 f   interop.obj
 0001:000a5ae0       _sqlite3_log               100a6ae0 f   interop.obj
 0001:000a5ba0       _sqlite3_snprintf          100a6ba0 f   interop.obj
 0001:000a5c00       _sqlite3_vsnprintf         100a6c00 f   interop.obj
 0001:000a5c60       _sqlite3_mprintf           100a6c60 f   interop.obj
 0001:000a5c90       _sqlite3_vmprintf          100a6c90 f   interop.obj
 0001:000a7850       _sqlite3_realloc           100a8850 f   interop.obj
 0001:000a7a50       _sqlite3_free              100a8a50 f   interop.obj
 0001:000a7db0       _sqlite3_malloc            100a8db0 f   interop.obj
 0001:000a7fe0       _sqlite3_memory_highwater  100a8fe0 f   interop.obj
 0001:000a8010       _sqlite3_memory_used       100a9010 f   interop.obj
 0001:000a81a0       _sqlite3_soft_heap_limit   100a91a0 f   interop.obj
 0001:000a81c0       _sqlite3_soft_heap_limit64 100a91c0 f   interop.obj
 0001:000a82e0       _sqlite3_memory_alarm      100a92e0 f   interop.obj
 0001:000a83a0       _sqlite3_release_memory    100a93a0 f   interop.obj
 0001:000a85a0       _sqlite3_mutex_leave       100a95a0 f   interop.obj
 0001:000a85c0       _sqlite3_mutex_try         100a95c0 f   interop.obj
 0001:000a85e0       _sqlite3_mutex_enter       100a95e0 f   interop.obj
 0001:000a8600       _sqlite3_mutex_free        100a9600 f   interop.obj
 0001:000a8640       _sqlite3_mutex_alloc       100a9640 f   interop.obj
 0001:000a8710       _sqlite3_vfs_unregister    100a9710 f   interop.obj
 0001:000a8790       _sqlite3_vfs_register      100a9790 f   interop.obj
 0001:000a8890       _sqlite3_vfs_find          100a9890 f   interop.obj
 0001:000aab70       _sqlite3_db_status         100abb70 f   interop.obj
 0001:000aaec0       _sqlite3_status            100abec0 f   interop.obj
 0001:000aaf70       _sqlite3_compileoption_get 100abf70 f   interop.obj
 0001:000aaf90       _sqlite3_compileoption_used 100abf90 f   interop.obj
 0001:000ab09c       __CIatan2                  100ac09c f   MSVCRT:MSVCR110.dll
 0001:000ab0a2       __CIcosh                   100ac0a2 f   MSVCRT:MSVCR110.dll
 0001:000ab0a8       __CIsinh                   100ac0a8 f   MSVCRT:MSVCR110.dll
 0001:000ab0ae       __CItanh                   100ac0ae f   MSVCRT:MSVCR110.dll
 0001:000ab0c0       __alldiv                   100ac0c0 f   MSVCRT:lldiv.obj
 0001:000ab170       __alldvrm                  100ac170 f   MSVCRT:lldvrm.obj
 0001:000ab250       __allmul                   100ac250 f   MSVCRT:llmul.obj
 0001:000ab290       __allrem                   100ac290 f   MSVCRT:llrem.obj
 0001:000ab350       __allshl                   100ac350 f   MSVCRT:llshl.obj
 0001:000ab370       __aulldiv                  100ac370 f   MSVCRT:ulldiv.obj
 0001:000ab3e0       __aulldvrm                 100ac3e0 f   MSVCRT:ulldvrm.obj
 0001:000ab480       __aullrem                  100ac480 f   MSVCRT:ullrem.obj
 0001:000ab500       __aullshr                  100ac500 f   MSVCRT:ullshr.obj
 0001:000ab520       __alloca_probe             100ac520     MSVCRT:chkstk.obj
 0001:000ab520       __chkstk                   100ac520 f   MSVCRT:chkstk.obj
 0001:000ab550       __ftol2_sse                100ac550 f   MSVCRT:ftol2.obj
 0001:000ab559       __ftol2_pentium4           100ac559 f   MSVCRT:ftol2.obj
 0001:000ab56c       __ftol2_sse_excpt          100ac56c f   MSVCRT:ftol2.obj
 0001:000ab586       __ftol2                    100ac586 f   MSVCRT:ftol2.obj
 0001:000ab5fc       __libm_sse2_acos_precise   100ac5fc f   MSVCRT:MSVCR110.dll
 0001:000ab602       __libm_sse2_asin_precise   100ac602 f   MSVCRT:MSVCR110.dll
 0001:000ab608       __libm_sse2_atan_precise   100ac608 f   MSVCRT:MSVCR110.dll
 0001:000ab60e       __libm_sse2_cos_precise    100ac60e f   MSVCRT:MSVCR110.dll
 0001:000ab614       __libm_sse2_exp_precise    100ac614 f   MSVCRT:MSVCR110.dll
 0001:000ab61a       __libm_sse2_log10_precise  100ac61a f   MSVCRT:MSVCR110.dll
 0001:000ab620       __libm_sse2_log_precise    100ac620 f   MSVCRT:MSVCR110.dll
 0001:000ab626       __libm_sse2_pow_precise    100ac626 f   MSVCRT:MSVCR110.dll
 0001:000ab62c       __libm_sse2_sin_precise    100ac62c f   MSVCRT:MSVCR110.dll
 0001:000ab632       __libm_sse2_sqrt_precise   100ac632 f   MSVCRT:MSVCR110.dll
 0001:000ab638       __libm_sse2_tan_precise    100ac638 f   MSVCRT:MSVCR110.dll
 0001:000ab63e       _floor                     100ac63e f   MSVCRT:MSVCR110.dll
 0001:000ab644       _memcpy                    100ac644 f   MSVCRT:MSVCR110.dll
 0001:000ab64a       _memset                    100ac64a f   MSVCRT:MSVCR110.dll
 0001:000ab650       ___isa_available_init      100ac650 f   MSVCRT:cpu_disp.obj
 0002:00000000       __imp__CryptDestroyHash@4  100ad000     advapi32:ADVAPI32.dll
 0002:00000004       __imp__CryptDecrypt@24     100ad004     advapi32:ADVAPI32.dll
 0002:00000008       __imp__CryptDestroyKey@4   100ad008     advapi32:ADVAPI32.dll
 0002:0000000c       __imp__CryptCreateHash@20  100ad00c     advapi32:ADVAPI32.dll
 0002:00000010       __imp__CryptEncrypt@28     100ad010     advapi32:ADVAPI32.dll
 0002:00000014       __imp__CryptDuplicateKey@16 100ad014     advapi32:ADVAPI32.dll
 0002:00000018       __imp__CryptDeriveKey@20   100ad018     advapi32:ADVAPI32.dll
 0002:0000001c       __imp__CryptAcquireContextW@20 100ad01c     advapi32:ADVAPI32.dll
 0002:00000020       __imp__CryptHashData@16    100ad020     advapi32:ADVAPI32.dll
 0002:00000024       \177ADVAPI32_NULL_THUNK_DATA 100ad024     advapi32:ADVAPI32.dll
 0002:00000028       __imp__SetEndOfFile@4      100ad028     kernel32:KERNEL32.dll
 0002:0000002c       __imp__FreeLibrary@4       100ad02c     kernel32:KERNEL32.dll
 0002:00000030       __imp__HeapAlloc@12        100ad030     kernel32:KERNEL32.dll
 0002:00000034       __imp__SystemTimeToFileTime@8 100ad034     kernel32:KERNEL32.dll
 0002:00000038       __imp__QueryPerformanceCounter@4 100ad038     kernel32:KERNEL32.dll
 0002:0000003c       __imp__HeapFree@12         100ad03c     kernel32:KERNEL32.dll
 0002:00000040       __imp__WaitForSingleObject@8 100ad040     kernel32:KERNEL32.dll
 0002:00000044       __imp__InterlockedCompareExchange@12 100ad044     kernel32:KERNEL32.dll
 0002:00000048       __imp__UnlockFile@20       100ad048     kernel32:KERNEL32.dll
 0002:0000004c       __imp__LockFile@20         100ad04c     kernel32:KERNEL32.dll
 0002:00000050       __imp__OutputDebugStringW@4 100ad050     kernel32:KERNEL32.dll
 0002:00000054       __imp__GetTickCount@0      100ad054     kernel32:KERNEL32.dll
 0002:00000058       __imp__UnlockFileEx@20     100ad058     kernel32:KERNEL32.dll
 0002:0000005c       __imp__GetProcessHeap@0    100ad05c     kernel32:KERNEL32.dll
 0002:00000060       __imp__GetSystemTimeAsFileTime@4 100ad060     kernel32:KERNEL32.dll
 0002:00000064       __imp__FormatMessageA@28   100ad064     kernel32:KERNEL32.dll
 0002:00000068       __imp__WriteFile@20        100ad068     kernel32:KERNEL32.dll
 0002:0000006c       __imp__InitializeCriticalSection@4 100ad06c     kernel32:KERNEL32.dll
 0002:00000070       __imp__WideCharToMultiByte@32 100ad070     kernel32:KERNEL32.dll
 0002:00000074       __imp__LoadLibraryW@4      100ad074     kernel32:KERNEL32.dll
 0002:00000078       __imp__Sleep@4             100ad078     kernel32:KERNEL32.dll
 0002:0000007c       __imp__FormatMessageW@28   100ad07c     kernel32:KERNEL32.dll
 0002:00000080       __imp__GetVersionExW@4     100ad080     kernel32:KERNEL32.dll
 0002:00000084       __imp__HeapDestroy@4       100ad084     kernel32:KERNEL32.dll
 0002:00000088       __imp__GetFileAttributesA@4 100ad088     kernel32:KERNEL32.dll
 0002:0000008c       __imp__LeaveCriticalSection@4 100ad08c     kernel32:KERNEL32.dll
 0002:00000090       __imp__HeapCreate@12       100ad090     kernel32:KERNEL32.dll
 0002:00000094       __imp__HeapValidate@12     100ad094     kernel32:KERNEL32.dll
 0002:00000098       __imp__UnmapViewOfFile@4   100ad098     kernel32:KERNEL32.dll
 0002:0000009c       __imp__ReadFile@20         100ad09c     kernel32:KERNEL32.dll
 0002:000000a0       __imp__CreateFileW@28      100ad0a0     kernel32:KERNEL32.dll
 0002:000000a4       __imp__MultiByteToWideChar@24 100ad0a4     kernel32:KERNEL32.dll
 0002:000000a8       __imp__FlushFileBuffers@4  100ad0a8     kernel32:KERNEL32.dll
 0002:000000ac       __imp__GetTempPathW@8      100ad0ac     kernel32:KERNEL32.dll
 0002:000000b0       __imp__GetLastError@0      100ad0b0     kernel32:KERNEL32.dll
 0002:000000b4       __imp__GetProcAddress@8    100ad0b4     kernel32:KERNEL32.dll
 0002:000000b8       __imp__HeapSize@12         100ad0b8     kernel32:KERNEL32.dll
 0002:000000bc       __imp__LockFileEx@24       100ad0bc     kernel32:KERNEL32.dll
 0002:000000c0       __imp__EnterCriticalSection@4 100ad0c0     kernel32:KERNEL32.dll
 0002:000000c4       __imp__GetDiskFreeSpaceW@20 100ad0c4     kernel32:KERNEL32.dll
 0002:000000c8       __imp__LoadLibraryA@4      100ad0c8     kernel32:KERNEL32.dll
 0002:000000cc       __imp__CreateFileMappingA@24 100ad0cc     kernel32:KERNEL32.dll
 0002:000000d0       __imp__CreateFileMappingW@24 100ad0d0     kernel32:KERNEL32.dll
 0002:000000d4       __imp__GetDiskFreeSpaceA@20 100ad0d4     kernel32:KERNEL32.dll
 0002:000000d8       __imp__GetSystemInfo@4     100ad0d8     kernel32:KERNEL32.dll
 0002:000000dc       __imp__GetFileAttributesExW@12 100ad0dc     kernel32:KERNEL32.dll
 0002:000000e0       __imp__DeleteCriticalSection@4 100ad0e0     kernel32:KERNEL32.dll
 0002:000000e4       __imp__OutputDebugStringA@4 100ad0e4     kernel32:KERNEL32.dll
 0002:000000e8       __imp__GetVersionExA@4     100ad0e8     kernel32:KERNEL32.dll
 0002:000000ec       __imp__CloseHandle@4       100ad0ec     kernel32:KERNEL32.dll
 0002:000000f0       __imp__DeleteFileW@4       100ad0f0     kernel32:KERNEL32.dll
 0002:000000f4       __imp__GetCurrentProcessId@0 100ad0f4     kernel32:KERNEL32.dll
 0002:000000f8       __imp__GetTempPathA@8      100ad0f8     kernel32:KERNEL32.dll
 0002:000000fc       __imp__LocalFree@4         100ad0fc     kernel32:KERNEL32.dll
 0002:00000100       __imp__GetSystemTime@4     100ad100     kernel32:KERNEL32.dll
 0002:00000104       __imp__AreFileApisANSI@0   100ad104     kernel32:KERNEL32.dll
 0002:00000108       __imp__DeleteFileA@4       100ad108     kernel32:KERNEL32.dll
 0002:0000010c       __imp__MapViewOfFile@20    100ad10c     kernel32:KERNEL32.dll
 0002:00000110       __imp__SetFilePointer@16   100ad110     kernel32:KERNEL32.dll
 0002:00000114       __imp__HeapCompact@8       100ad114     kernel32:KERNEL32.dll
 0002:00000118       __imp__CreateMutexW@12     100ad118     kernel32:KERNEL32.dll
 0002:0000011c       __imp__GetFileSize@8       100ad11c     kernel32:KERNEL32.dll
 0002:00000120       __imp__CreateFileA@28      100ad120     kernel32:KERNEL32.dll
 0002:00000124       __imp__HeapReAlloc@16      100ad124     kernel32:KERNEL32.dll
 0002:00000128       __imp__GetFullPathNameA@16 100ad128     kernel32:KERNEL32.dll
 0002:0000012c       __imp__GetFileAttributesW@4 100ad12c     kernel32:KERNEL32.dll
 0002:00000130       __imp__GetFullPathNameW@16 100ad130     kernel32:KERNEL32.dll
 0002:00000134       __imp__DisableThreadLibraryCalls@4 100ad134     kernel32:KERNEL32.dll
 0002:00000138       __imp__GetCurrentThreadId@0 100ad138     kernel32:KERNEL32.dll
 0002:0000013c       __imp__DecodePointer@4     100ad13c     kernel32:KERNEL32.dll
 0002:00000140       __imp__EncodePointer@4     100ad140     kernel32:KERNEL32.dll
 0002:00000144       __imp__IsProcessorFeaturePresent@4 100ad144     kernel32:KERNEL32.dll
 0002:00000148       __imp__IsDebuggerPresent@0 100ad148     kernel32:KERNEL32.dll
 0002:0000014c       \177KERNEL32_NULL_THUNK_DATA 100ad14c     kernel32:KERNEL32.dll
 0002:00000150       __imp___localtime64_s      100ad150     MSVCRT:MSVCR110.dll
 0002:00000154       __imp__strerror            100ad154     MSVCRT:MSVCR110.dll
 0002:00000158       __imp___errno              100ad158     MSVCRT:MSVCR110.dll
 0002:0000015c       __imp__tolower             100ad15c     MSVCRT:MSVCR110.dll
 0002:00000160       __imp__strncpy             100ad160     MSVCRT:MSVCR110.dll
 0002:00000164       __imp__isalpha             100ad164     MSVCRT:MSVCR110.dll
 0002:00000168       __imp__toupper             100ad168     MSVCRT:MSVCR110.dll
 0002:0000016c       __imp___crt_debugger_hook  100ad16c     MSVCRT:MSVCR110.dll
 0002:00000170       __imp____crtUnhandledException 100ad170     MSVCRT:MSVCR110.dll
 0002:00000174       __imp____crtTerminateProcess 100ad174     MSVCRT:MSVCR110.dll
 0002:00000178       __imp____CppXcptFilter     100ad178     MSVCRT:MSVCR110.dll
 0002:0000017c       __imp___amsg_exit          100ad17c     MSVCRT:MSVCR110.dll
 0002:00000180       __imp___malloc_crt         100ad180     MSVCRT:MSVCR110.dll
 0002:00000184       __imp___initterm           100ad184     MSVCRT:MSVCR110.dll
 0002:00000188       __imp___initterm_e         100ad188     MSVCRT:MSVCR110.dll
 0002:0000018c       __imp___lock               100ad18c     MSVCRT:MSVCR110.dll
 0002:00000190       __imp___unlock             100ad190     MSVCRT:MSVCR110.dll
 0002:00000194       __imp___calloc_crt         100ad194     MSVCRT:MSVCR110.dll
 0002:00000198       __imp____dllonexit         100ad198     MSVCRT:MSVCR110.dll
 0002:0000019c       __imp___onexit             100ad19c     MSVCRT:MSVCR110.dll
 0002:000001a0       __imp____clean_type_info_names_internal 100ad1a0     MSVCRT:MSVCR110.dll
 0002:000001a4       __imp___except_handler4_common 100ad1a4     MSVCRT:MSVCR110.dll
 0002:000001a8       __imp__qsort               100ad1a8     MSVCRT:MSVCR110.dll
 0002:000001ac       __imp__calloc              100ad1ac     MSVCRT:MSVCR110.dll
 0002:000001b0       __imp__free                100ad1b0     MSVCRT:MSVCR110.dll
 0002:000001b4       __imp__ceil                100ad1b4     MSVCRT:MSVCR110.dll
 0002:000001b8       __imp__strncmp             100ad1b8     MSVCRT:MSVCR110.dll
 0002:000001bc       __imp__memmove             100ad1bc     MSVCRT:MSVCR110.dll
 0002:000001c0       __imp___CIatan2            100ad1c0     MSVCRT:MSVCR110.dll
 0002:000001c4       __imp___CIcosh             100ad1c4     MSVCRT:MSVCR110.dll
 0002:000001c8       __imp___CIsinh             100ad1c8     MSVCRT:MSVCR110.dll
 0002:000001cc       __imp___CItanh             100ad1cc     MSVCRT:MSVCR110.dll
 0002:000001d0       __imp___libm_sse2_acos_precise 100ad1d0     MSVCRT:MSVCR110.dll
 0002:000001d4       __imp___libm_sse2_asin_precise 100ad1d4     MSVCRT:MSVCR110.dll
 0002:000001d8       __imp___libm_sse2_atan_precise 100ad1d8     MSVCRT:MSVCR110.dll
 0002:000001dc       __imp___libm_sse2_cos_precise 100ad1dc     MSVCRT:MSVCR110.dll
 0002:000001e0       __imp___libm_sse2_exp_precise 100ad1e0     MSVCRT:MSVCR110.dll
 0002:000001e4       __imp___libm_sse2_log10_precise 100ad1e4     MSVCRT:MSVCR110.dll
 0002:000001e8       __imp___libm_sse2_log_precise 100ad1e8     MSVCRT:MSVCR110.dll
 0002:000001ec       __imp___libm_sse2_pow_precise 100ad1ec     MSVCRT:MSVCR110.dll
 0002:000001f0       __imp___libm_sse2_sin_precise 100ad1f0     MSVCRT:MSVCR110.dll
 0002:000001f4       __imp___libm_sse2_sqrt_precise 100ad1f4     MSVCRT:MSVCR110.dll
 0002:000001f8       __imp___libm_sse2_tan_precise 100ad1f8     MSVCRT:MSVCR110.dll
 0002:000001fc       __imp__floor               100ad1fc     MSVCRT:MSVCR110.dll
 0002:00000200       __imp__memcpy              100ad200     MSVCRT:MSVCR110.dll
 0002:00000204       __imp__memset              100ad204     MSVCRT:MSVCR110.dll
 0002:00000208       \177MSVCR110_NULL_THUNK_DATA 100ad208     MSVCRT:MSVCR110.dll
 0002:0000020c       ___xc_a                    100ad20c     MSVCRT:cinitexe.obj
 0002:00000210       ___xc_z                    100ad210     MSVCRT:cinitexe.obj
 0002:00000214       ___xi_a                    100ad214     MSVCRT:cinitexe.obj
 0002:00000224       ___xi_z                    100ad224     MSVCRT:cinitexe.obj
 0002:00000270       __pRawDllMain              100ad270     MSVCRT:crtdll.obj
 0002:00000270       __pDefaultRawDllMain       100ad270     MSVCRT:crtdll.obj
 0002:00000274       ??_C@_01GBGANLPD@0?$AA@    100ad274     interop.obj
 0002:00000278       ??_C@_01HIHLOKLC@1?$AA@    100ad278     interop.obj
 0002:0000027c       ??_C@_0BH@CMJLKIMD@ENABLE_COLUMN_METADATA?$AA@ 100ad27c     interop.obj
 0002:00000294       ??_C@_0M@LFFMHLBN@ENABLE_FTS3?$AA@ 100ad294     interop.obj
 0002:000002a0       ??_C@_0BG@DOKPBAOP@ENABLE_LOAD_EXTENSION?$AA@ 100ad2a0     interop.obj
 0002:000002b8       ??_C@_0BJ@LLLBHPOM@ENABLE_MEMORY_MANAGEMENT?$AA@ 100ad2b8     interop.obj
 0002:000002d4       ??_C@_0N@JODKLIOI@ENABLE_RTREE?$AA@ 100ad2d4     interop.obj
 0002:000002e4       ??_C@_0N@DMAKBCMM@ENABLE_STAT4?$AA@ 100ad2e4     interop.obj
 0002:000002f4       ??_C@_09LMNJIBDP@HAS_CODEC?$AA@ 100ad2f4     interop.obj
 0002:00000300       ??_C@_07FIPCPJFC@SOUNDEX?$AA@ 100ad300     interop.obj
 0002:00000308       ??_C@_0N@HEAGAILC@THREADSAFE?$DN1?$AA@ 100ad308     interop.obj
 0002:00000318       ??_C@_0N@KPAIEOFP@WIN32_MALLOC?$AA@ 100ad318     interop.obj
 0002:00000328       ??_C@_07OGLCFANK@SQLITE_?$AA@ 100ad328     interop.obj
 0002:00000330       ??_C@_03CGLHMDPP@now?$AA@  100ad330     interop.obj
 0002:00000334       ??_C@_0BH@HEILFFIJ@local?5time?5unavailable?$AA@ 100ad334     interop.obj
 0002:0000034c       ??_C@_09EKBOCLDN@localtime?$AA@ 100ad34c     interop.obj
 0002:00000358       ??_C@_09KNIMKLBK@unixepoch?$AA@ 100ad358     interop.obj
 0002:00000364       ??_C@_03JPHCIIKF@utc?$AA@  100ad364     interop.obj
 0002:00000368       ??_C@_08IPAOEBNP@weekday?5?$AA@ 100ad368     interop.obj
 0002:00000374       ??_C@_09CABLEOFK@start?5of?5?$AA@ 100ad374     interop.obj
 0002:00000380       ??_C@_05MEBAADFH@month?$AA@ 100ad380     interop.obj
 0002:00000388       ??_C@_04JFPLDHAO@year?$AA@ 100ad388     interop.obj
 0002:00000390       ??_C@_03NNBHCDBP@day?$AA@  100ad390     interop.obj
 0002:00000394       ??_C@_04LMOJGCPE@hour?$AA@ 100ad394     interop.obj
 0002:0000039c       ??_C@_06JGJIJFNK@minute?$AA@ 100ad39c     interop.obj
 0002:000003a4       ??_C@_06BJCFNGJP@second?$AA@ 100ad3a4     interop.obj
 0002:000003ac       ??_C@_0BO@NGNOHJIK@?$CF04d?9?$CF02d?9?$CF02d?5?$CF02d?3?$CF02d?3?$CF02d?$AA@ 100ad3ac     interop.obj
 0002:000003cc       ??_C@_0P@PLMNPDMB@?$CF02d?3?$CF02d?3?$CF02d?$AA@ 100ad3cc     interop.obj
 0002:000003dc       ??_C@_0P@MCDGMPHH@?$CF04d?9?$CF02d?9?$CF02d?$AA@ 100ad3dc     interop.obj
 0002:000003ec       ??_C@_04OGKJMPGK@?$CF02d?$AA@ 100ad3ec     interop.obj
 0002:000003f4       ??_C@_06IAGKDDNE@?$CF06?43f?$AA@ 100ad3f4     interop.obj
 0002:000003fc       ??_C@_04OHGLKFFN@?$CF03d?$AA@ 100ad3fc     interop.obj
 0002:00000404       ??_C@_05CFGAKADK@?$CF?416g?$AA@ 100ad404     interop.obj
 0002:0000040c       ??_C@_04BFAHMMK@?$CFlld?$AA@ 100ad40c     interop.obj
 0002:00000414       ??_C@_04OCCELDNI@?$CF04d?$AA@ 100ad414     interop.obj
 0002:0000041c       ??_C@_09BPOICPEH@julianday?$AA@ 100ad41c     interop.obj
 0002:00000428       ??_C@_04JNIHBGGH@date?$AA@ 100ad428     interop.obj
 0002:00000430       ??_C@_04CLCEDBPF@time?$AA@ 100ad430     interop.obj
 0002:00000438       ??_C@_08FGNPMIBK@datetime?$AA@ 100ad438     interop.obj
 0002:00000444       ??_C@_08EPGBJPHJ@strftime?$AA@ 100ad444     interop.obj
 0002:00000450       ??_C@_0N@IPDKEGPB@current_time?$AA@ 100ad450     interop.obj
 0002:00000460       ??_C@_0BC@DDICBCEN@current_timestamp?$AA@ 100ad460     interop.obj
 0002:00000474       ??_C@_0N@DJJJGBGD@current_date?$AA@ 100ad474     interop.obj
 0002:00000484       ??_C@_01FGNFDNOH@?$CF?$AA@ 100ad484     interop.obj
 0002:00000488       ??_C@_03ICJPMMHB@NaN?$AA@  100ad488     interop.obj
 0002:0000048c       ??_C@_04JHHONOOL@?9Inf?$AA@ 100ad48c     interop.obj
 0002:00000494       ??_C@_04BIDOCLEL@?$CLInf?$AA@ 100ad494     interop.obj
 0002:0000049c       ??_C@_03EJEJBNFP@Inf?$AA@  100ad49c     interop.obj
 0002:000004a0       ??_C@_00CNPNBAHC@?$AA@     100ad4a0     interop.obj
 0002:000004a4       ??_C@_04HIBGFPH@NULL?$AA@  100ad4a4     interop.obj
 0002:000004ac       ??_C@_06LHGEHABH@?$CINULL?$CJ?$AA@ 100ad4ac     interop.obj
 0002:000004b4       ??_C@_01LFCBOECM@?4?$AA@   100ad4b4     interop.obj
 0002:000004b8       ??_C@_0BD@FKIFACO@922337203685477580?$AA@ 100ad4b8     interop.obj
 0002:000004cc       ??_C@_0CN@EOKIBNLJ@API?5call?5with?5?$CFs?5database?5connec@ 100ad4cc     interop.obj
 0002:000004fc       ??_C@_08NFNJDBOK@unopened?$AA@ 100ad4fc     interop.obj
 0002:00000508       ??_C@_07MALOAKCI@invalid?$AA@ 100ad508     interop.obj
 0002:00000510       ??_C@_01OGPIMHDM@?$DP?$AA@ 100ad510     interop.obj
 0002:00000514       ??_C@_08PHKOHANG@Function?$AA@ 100ad514     interop.obj
 0002:00000520       ??_C@_09OJILMLHM@Savepoint?$AA@ 100ad520     interop.obj
 0002:0000052c       ??_C@_0L@BPKAOEDK@AutoCommit?$AA@ 100ad52c     interop.obj
 0002:00000538       ??_C@_0M@MEGKBOMN@Transaction?$AA@ 100ad538     interop.obj
 0002:00000544       ??_C@_0L@MGGJHFHJ@SorterNext?$AA@ 100ad544     interop.obj
 0002:00000550       ??_C@_0L@GJHBGGGF@PrevIfOpen?$AA@ 100ad550     interop.obj
 0002:0000055c       ??_C@_0L@EPCJLBGC@NextIfOpen?$AA@ 100ad55c     interop.obj
 0002:00000568       ??_C@_04PHIBHIIF@Prev?$AA@ 100ad568     interop.obj
 0002:00000570       ??_C@_04MDFHGMOB@Next?$AA@ 100ad570     interop.obj
 0002:00000578       ??_C@_07NOMHFNIB@AggStep?$AA@ 100ad578     interop.obj
 0002:00000580       ??_C@_0L@IHLHABNJ@Checkpoint?$AA@ 100ad580     interop.obj
 0002:0000058c       ??_C@_0M@FAIDBMDK@JournalMode?$AA@ 100ad58c     interop.obj
 0002:00000598       ??_C@_06OBCEMCJB@Vacuum?$AA@ 100ad598     interop.obj
 0002:000005a0       ??_C@_07OKDOHLDO@VFilter?$AA@ 100ad5a0     interop.obj
 0002:000005a8       ??_C@_07NHABAPID@VUpdate?$AA@ 100ad5a8     interop.obj
 0002:000005b0       ??_C@_04BNGNMAK@Goto?$AA@  100ad5b0     interop.obj
 0002:000005b8       ??_C@_05DLHJCIPI@Gosub?$AA@ 100ad5b8     interop.obj
 0002:000005c0       ??_C@_06HCFIKKEA@Return?$AA@ 100ad5c0     interop.obj
 0002:000005c8       ??_C@_03KNKIDPAC@Not?$AA@  100ad5c8     interop.obj
 0002:000005cc       ??_C@_0O@OADCGMIE@InitCoroutine?$AA@ 100ad5cc     interop.obj
 0002:000005dc       ??_C@_0N@FPMLICGC@EndCoroutine?$AA@ 100ad5dc     interop.obj
 0002:000005ec       ??_C@_05LNDKIJIJ@Yield?$AA@ 100ad5ec     interop.obj
 0002:000005f4       ??_C@_0L@GIACEIKJ@HaltIfNull?$AA@ 100ad5f4     interop.obj
 0002:00000600       ??_C@_04NIFKAFLK@Halt?$AA@ 100ad600     interop.obj
 0002:00000608       ??_C@_07EDADKEAH@Integer?$AA@ 100ad608     interop.obj
 0002:00000610       ??_C@_05DPPJJBMK@Int64?$AA@ 100ad610     interop.obj
 0002:00000618       ??_C@_06ENNEIMBA@String?$AA@ 100ad618     interop.obj
 0002:00000620       ??_C@_04KHKKIIL@Null?$AA@  100ad620     interop.obj
 0002:00000628       ??_C@_08BAJALCJE@SoftNull?$AA@ 100ad628     interop.obj
 0002:00000634       ??_C@_04HOFOMOEI@Blob?$AA@ 100ad634     interop.obj
 0002:0000063c       ??_C@_08DMMJCAML@Variable?$AA@ 100ad63c     interop.obj
 0002:00000648       ??_C@_04LCANPIEP@Move?$AA@ 100ad648     interop.obj
 0002:00000650       ??_C@_04OPMHGHMB@Copy?$AA@ 100ad650     interop.obj
 0002:00000658       ??_C@_05BCDNELCG@SCopy?$AA@ 100ad658     interop.obj
 0002:00000660       ??_C@_09BKHKEBMD@ResultRow?$AA@ 100ad660     interop.obj
 0002:0000066c       ??_C@_07MCEFGNMJ@CollSeq?$AA@ 100ad66c     interop.obj
 0002:00000674       ??_C@_06JHIJIKD@AddImm?$AA@ 100ad674     interop.obj
 0002:0000067c       ??_C@_09LLJOBHN@MustBeInt?$AA@ 100ad67c     interop.obj
 0002:00000688       ??_C@_0N@KGPEGHPK@RealAffinity?$AA@ 100ad688     interop.obj
 0002:00000698       ??_C@_0M@LPEOJDB@Permutation?$AA@ 100ad698     interop.obj
 0002:000006a4       ??_C@_07MBOMJGGF@Compare?$AA@ 100ad6a4     interop.obj
 0002:000006ac       ??_C@_04BIEPDJCB@Jump?$AA@ 100ad6ac     interop.obj
 0002:000006b4       ??_C@_04GKJMKNNB@Once?$AA@ 100ad6b4     interop.obj
 0002:000006bc       ??_C@_02EMFCFMID@If?$AA@   100ad6bc     interop.obj
 0002:000006c0       ??_C@_05DALJIPE@IfNot?$AA@ 100ad6c0     interop.obj
 0002:000006c8       ??_C@_06FFIACGFC@Column?$AA@ 100ad6c8     interop.obj
 0002:000006d0       ??_C@_08MMCPABPC@Affinity?$AA@ 100ad6d0     interop.obj
 0002:000006dc       ??_C@_0L@PGPMFKDB@MakeRecord?$AA@ 100ad6dc     interop.obj
 0002:000006e8       ??_C@_05IJGIMMHE@Count?$AA@ 100ad6e8     interop.obj
 0002:000006f0       ??_C@_0L@LIFFPDNM@ReadCookie?$AA@ 100ad6f0     interop.obj
 0002:000006fc       ??_C@_09FEDANMPL@SetCookie?$AA@ 100ad6fc     interop.obj
 0002:00000708       ??_C@_08FJFCCPFB@OpenRead?$AA@ 100ad708     interop.obj
 0002:00000714       ??_C@_09FPCAPNBB@OpenWrite?$AA@ 100ad714     interop.obj
 0002:00000720       ??_C@_0O@LLCBFLCA@OpenAutoindex?$AA@ 100ad720     interop.obj
 0002:00000730       ??_C@_0O@MHKNMBPC@OpenEphemeral?$AA@ 100ad730     interop.obj
 0002:00000740       ??_C@_0L@DIBNDBJM@SorterOpen?$AA@ 100ad740     interop.obj
 0002:0000074c       ??_C@_0L@PKPPHKBP@OpenPseudo?$AA@ 100ad74c     interop.obj
 0002:00000758       ??_C@_05LGELBCGM@Close?$AA@ 100ad758     interop.obj
 0002:00000760       ??_C@_06DCDFCJIJ@SeekLT?$AA@ 100ad760     interop.obj
 0002:00000768       ??_C@_06GBOMAKJJ@SeekLE?$AA@ 100ad768     interop.obj
 0002:00000770       ??_C@_06GNLJOFHI@SeekGE?$AA@ 100ad770     interop.obj
 0002:00000778       ??_C@_06DOGAMGGI@SeekGT?$AA@ 100ad778     interop.obj
 0002:00000780       ??_C@_04ICIDABGP@Seek?$AA@ 100ad780     interop.obj
 0002:00000788       ??_C@_0L@MAHEJOGD@NoConflict?$AA@ 100ad788     interop.obj
 0002:00000794       ??_C@_08MDBAGECB@NotFound?$AA@ 100ad794     interop.obj
 0002:000007a0       ??_C@_05JDGHEPJG@Found?$AA@ 100ad7a0     interop.obj
 0002:000007a8       ??_C@_09HMMGFEAA@NotExists?$AA@ 100ad7a8     interop.obj
 0002:000007b4       ??_C@_08DOCONEG@Sequence?$AA@ 100ad7b4     interop.obj
 0002:000007c0       ??_C@_08FEDJPMPH@NewRowid?$AA@ 100ad7c0     interop.obj
 0002:000007cc       ??_C@_06CPFCODOD@Insert?$AA@ 100ad7cc     interop.obj
 0002:000007d4       ??_C@_02GGHBPHGE@Or?$AA@   100ad7d4     interop.obj
 0002:000007d8       ??_C@_03LOMLFHDC@And?$AA@  100ad7d8     interop.obj
 0002:000007dc       ??_C@_09LEJELDEO@InsertInt?$AA@ 100ad7dc     interop.obj
 0002:000007e8       ??_C@_06JBKGCNBB@Delete?$AA@ 100ad7e8     interop.obj
 0002:000007f0       ??_C@_0L@NDDNCBN@ResetCount?$AA@ 100ad7f0     interop.obj
 0002:000007fc       ??_C@_06NBBMPCN@IsNull?$AA@ 100ad7fc     interop.obj
 0002:00000804       ??_C@_07HICACDPL@NotNull?$AA@ 100ad804     interop.obj
 0002:0000080c       ??_C@_02GCDABJMF@Ne?$AA@   100ad80c     interop.obj
 0002:00000810       ??_C@_02EAMLCBHB@Eq?$AA@   100ad810     interop.obj
 0002:00000814       ??_C@_02DODIABFK@Gt?$AA@   100ad814     interop.obj
 0002:00000818       ??_C@_02GBLEMNKL@Le?$AA@   100ad818     interop.obj
 0002:0000081c       ??_C@_02DCGNOOLL@Lt?$AA@   100ad81c     interop.obj
 0002:00000820       ??_C@_02GNOBCCEK@Ge?$AA@   100ad820     interop.obj
 0002:00000824       ??_C@_0O@GIINMLJL@SorterCompare?$AA@ 100ad824     interop.obj
 0002:00000834       ??_C@_06PCNOCLJN@BitAnd?$AA@ 100ad834     interop.obj
 0002:0000083c       ??_C@_05BKBNAGEF@BitOr?$AA@ 100ad83c     interop.obj
 0002:00000844       ??_C@_09IIGOLNPP@ShiftLeft?$AA@ 100ad844     interop.obj
 0002:00000850       ??_C@_0L@DHHFIOFJ@ShiftRight?$AA@ 100ad850     interop.obj
 0002:0000085c       ??_C@_03LDFMNCOE@Add?$AA@  100ad85c     interop.obj
 0002:00000860       ??_C@_08DLEJPBEP@Subtract?$AA@ 100ad860     interop.obj
 0002:0000086c       ??_C@_08EOBDLMOI@Multiply?$AA@ 100ad86c     interop.obj
 0002:00000878       ??_C@_06JKMEHOIB@Divide?$AA@ 100ad878     interop.obj
 0002:00000880       ??_C@_09DPOHBCHJ@Remainder?$AA@ 100ad880     interop.obj
 0002:0000088c       ??_C@_06ODAFHOMO@Concat?$AA@ 100ad88c     interop.obj
 0002:00000894       ??_C@_0L@DNBEOFPP@SorterData?$AA@ 100ad894     interop.obj
 0002:000008a0       ??_C@_06OBLNEDKN@BitNot?$AA@ 100ad8a0     interop.obj
 0002:000008a8       ??_C@_07KGFHIBD@String8?$AA@ 100ad8a8     interop.obj
 0002:000008b0       ??_C@_06JIHNENAH@RowKey?$AA@ 100ad8b0     interop.obj
 0002:000008b8       ??_C@_07OHPACBNN@RowData?$AA@ 100ad8b8     interop.obj
 0002:000008c0       ??_C@_05KEGGNBBF@Rowid?$AA@ 100ad8c0     interop.obj
 0002:000008c8       ??_C@_07HJJPPOKN@NullRow?$AA@ 100ad8c8     interop.obj
 0002:000008d0       ??_C@_04DKKAEHDH@Last?$AA@ 100ad8d0     interop.obj
 0002:000008d8       ??_C@_0L@DMDDEDPI@SorterSort?$AA@ 100ad8d8     interop.obj
 0002:000008e4       ??_C@_04DJANFKGA@Sort?$AA@ 100ad8e4     interop.obj
 0002:000008ec       ??_C@_06MAOEIKCJ@Rewind?$AA@ 100ad8ec     interop.obj
 0002:000008f4       ??_C@_0N@PCKBEOAP@SorterInsert?$AA@ 100ad8f4     interop.obj
 0002:00000904       ??_C@_09ENCBCCAM@IdxInsert?$AA@ 100ad904     interop.obj
 0002:00000910       ??_C@_09PDNFOMPO@IdxDelete?$AA@ 100ad910     interop.obj
 0002:0000091c       ??_C@_08KLKOBEJ@IdxRowid?$AA@ 100ad91c     interop.obj
 0002:00000928       ??_C@_05FANNJDOC@IdxLE?$AA@ 100ad928     interop.obj
 0002:00000930       ??_C@_05PFBFPBD@IdxGT?$AA@ 100ad930     interop.obj
 0002:00000938       ??_C@_05DAELAPC@IdxLT?$AA@ 100ad938     interop.obj
 0002:00000940       ??_C@_05FMIIHMAD@IdxGE?$AA@ 100ad940     interop.obj
 0002:00000948       ??_C@_07BDCAJABG@Destroy?$AA@ 100ad948     interop.obj
 0002:00000950       ??_C@_05MDNHABIA@Clear?$AA@ 100ad950     interop.obj
 0002:00000958       ??_C@_0M@IJLMHKBN@ResetSorter?$AA@ 100ad958     interop.obj
 0002:00000964       ??_C@_0M@PLDABJLA@CreateIndex?$AA@ 100ad964     interop.obj
 0002:00000970       ??_C@_0M@BDPOJHGL@CreateTable?$AA@ 100ad970     interop.obj
 0002:0000097c       ??_C@_0M@IPJMJJPI@ParseSchema?$AA@ 100ad97c     interop.obj
 0002:00000988       ??_C@_0N@FEAPPFEN@LoadAnalysis?$AA@ 100ad988     interop.obj
 0002:00000998       ??_C@_09ELPHDPAO@DropTable?$AA@ 100ad998     interop.obj
 0002:000009a4       ??_C@_09KDDJLBNF@DropIndex?$AA@ 100ad9a4     interop.obj
 0002:000009b0       ??_C@_0M@JKNINGPB@DropTrigger?$AA@ 100ad9b0     interop.obj
 0002:000009bc       ??_C@_0M@KCIGPGBI@IntegrityCk?$AA@ 100ad9bc     interop.obj
 0002:000009c8       ??_C@_09KPGKMOML@RowSetAdd?$AA@ 100ad9c8     interop.obj
 0002:000009d4       ??_C@_0L@JELPJHIJ@RowSetRead?$AA@ 100ad9d4     interop.obj
 0002:000009e0       ??_C@_0L@EOJPAHGG@RowSetTest?$AA@ 100ad9e0     interop.obj
 0002:000009ec       ??_C@_07DOMMNIGK@Program?$AA@ 100ad9ec     interop.obj
 0002:000009f4       ??_C@_05LOJBNELM@Param?$AA@ 100ad9f4     interop.obj
 0002:000009fc       ??_C@_09EBKOHGDP@FkCounter?$AA@ 100ad9fc     interop.obj
 0002:00000a08       ??_C@_08PNIKOKNB@FkIfZero?$AA@ 100ada08     interop.obj
 0002:00000a14       ??_C@_06LJFJMLCE@MemMax?$AA@ 100ada14     interop.obj
 0002:00000a1c       ??_C@_04PHKLBGME@Real?$AA@ 100ada1c     interop.obj
 0002:00000a24       ??_C@_05PMIMCOJP@IfPos?$AA@ 100ada24     interop.obj
 0002:00000a2c       ??_C@_05GPHDFMLA@IfNeg?$AA@ 100ada2c     interop.obj
 0002:00000a34       ??_C@_06KGOGOHGB@IfZero?$AA@ 100ada34     interop.obj
 0002:00000a3c       ??_C@_08FCKHNOBN@AggFinal?$AA@ 100ada3c     interop.obj
 0002:00000a48       ??_C@_0L@POHPJECG@IncrVacuum?$AA@ 100ada48     interop.obj
 0002:00000a54       ??_C@_06GDNCIOGJ@Expire?$AA@ 100ada54     interop.obj
 0002:00000a5c       ??_C@_09FDKNKOOK@TableLock?$AA@ 100ada5c     interop.obj
 0002:00000a68       ??_C@_06CLFNNGGK@VBegin?$AA@ 100ada68     interop.obj
 0002:00000a70       ??_C@_07KDKHCOMM@VCreate?$AA@ 100ada70     interop.obj
 0002:00000a78       ??_C@_06JMHBLLIK@ToText?$AA@ 100ada78     interop.obj
 0002:00000a80       ??_C@_06LCIJGAA@ToBlob?$AA@ 100ada80     interop.obj
 0002:00000a88       ??_C@_09IAEPJEPI@ToNumeric?$AA@ 100ada88     interop.obj
 0002:00000a94       ??_C@_05CNEGLJEO@ToInt?$AA@ 100ada94     interop.obj
 0002:00000a9c       ??_C@_06ICNNEOIM@ToReal?$AA@ 100ada9c     interop.obj
 0002:00000aa4       ??_C@_08JBEDGDCN@VDestroy?$AA@ 100adaa4     interop.obj
 0002:00000ab0       ??_C@_05JABEJFFA@VOpen?$AA@ 100adab0     interop.obj
 0002:00000ab8       ??_C@_07DOIHNMAE@VColumn?$AA@ 100adab8     interop.obj
 0002:00000ac0       ??_C@_05GOGANBLF@VNext?$AA@ 100adac0     interop.obj
 0002:00000ac8       ??_C@_07BIPKCCHL@VRename?$AA@ 100adac8     interop.obj
 0002:00000ad0       ??_C@_09CNCANJNI@Pagecount?$AA@ 100adad0     interop.obj
 0002:00000adc       ??_C@_08PCPIJAPH@MaxPgcnt?$AA@ 100adadc     interop.obj
 0002:00000ae8       ??_C@_04LLJCPOLH@Init?$AA@ 100adae8     interop.obj
 0002:00000af0       ??_C@_04NBOPPMHE@Noop?$AA@ 100adaf0     interop.obj
 0002:00000af8       ??_C@_07EMCFMDDO@Explain?$AA@ 100adaf8     interop.obj
 0002:00000b00       ??_C@_0BA@FHFNEAED@AreFileApisANSI?$AA@ 100adb00     interop.obj
 0002:00000b10       ??_C@_0L@CDADJILC@CharLowerW?$AA@ 100adb10     interop.obj
 0002:00000b1c       ??_C@_0L@JBOFCNPB@CharUpperW?$AA@ 100adb1c     interop.obj
 0002:00000b28       ??_C@_0M@JHJNLFGC@CloseHandle?$AA@ 100adb28     interop.obj
 0002:00000b34       ??_C@_0M@HDHGNCCA@CreateFileA?$AA@ 100adb34     interop.obj
 0002:00000b40       ??_C@_0M@GPOOGHPH@CreateFileW?$AA@ 100adb40     interop.obj
 0002:00000b4c       ??_C@_0BD@GJENCGJD@CreateFileMappingA?$AA@ 100adb4c     interop.obj
 0002:00000b60       ??_C@_0BD@HFNFJDEE@CreateFileMappingW?$AA@ 100adb60     interop.obj
 0002:00000b74       ??_C@_0N@MDNOAJMP@CreateMutexW?$AA@ 100adb74     interop.obj
 0002:00000b84       ??_C@_0M@CBNKJACB@DeleteFileA?$AA@ 100adb84     interop.obj
 0002:00000b90       ??_C@_0M@DNECCFPG@DeleteFileW?$AA@ 100adb90     interop.obj
 0002:00000b9c       ??_C@_0BI@EKFDIGHI@FileTimeToLocalFileTime?$AA@ 100adb9c     interop.obj
 0002:00000bb4       ??_C@_0BF@KPJNHALE@FileTimeToSystemTime?$AA@ 100adbb4     interop.obj
 0002:00000bcc       ??_C@_0BB@MOGECGEP@FlushFileBuffers?$AA@ 100adbcc     interop.obj
 0002:00000be0       ??_C@_0P@FKPELJOF@FormatMessageA?$AA@ 100adbe0     interop.obj
 0002:00000bf0       ??_C@_0P@EGGMAMDC@FormatMessageW?$AA@ 100adbf0     interop.obj
 0002:00000c00       ??_C@_0M@FACAOGOA@FreeLibrary?$AA@ 100adc00     interop.obj
 0002:00000c0c       ??_C@_0BE@BEODBHKD@GetCurrentProcessId?$AA@ 100adc0c     interop.obj
 0002:00000c20       ??_C@_0BC@CLHNLNI@GetDiskFreeSpaceA?$AA@ 100adc20     interop.obj
 0002:00000c34       ??_C@_0BC@BOCPGOAP@GetDiskFreeSpaceW?$AA@ 100adc34     interop.obj
 0002:00000c48       ??_C@_0BD@DJMMCMCB@GetFileAttributesA?$AA@ 100adc48     interop.obj
 0002:00000c5c       ??_C@_0BD@CFFEJJPG@GetFileAttributesW?$AA@ 100adc5c     interop.obj
 0002:00000c70       ??_C@_0BF@JODNCFOA@GetFileAttributesExW?$AA@ 100adc70     interop.obj
 0002:00000c88       ??_C@_0M@BAICHOOE@GetFileSize?$AA@ 100adc88     interop.obj
 0002:00000c94       ??_C@_0BB@HALHENPC@GetFullPathNameA?$AA@ 100adc94     interop.obj
 0002:00000ca8       ??_C@_0BB@GMCPPICF@GetFullPathNameW?$AA@ 100adca8     interop.obj
 0002:00000cbc       ??_C@_0N@HICKNDGL@GetLastError?$AA@ 100adcbc     interop.obj
 0002:00000ccc       ??_C@_0BA@EJGIKKLP@GetProcAddressA?$AA@ 100adccc     interop.obj
 0002:00000cdc       ??_C@_0O@HJFFHIPG@GetSystemInfo?$AA@ 100adcdc     interop.obj
 0002:00000cec       ??_C@_0O@IKEIBEBH@GetSystemTime?$AA@ 100adcec     interop.obj
 0002:00000cfc       ??_C@_0BI@ENMDHCMK@GetSystemTimeAsFileTime?$AA@ 100adcfc     interop.obj
 0002:00000d14       ??_C@_0N@CMNFBGGC@GetTempPathA?$AA@ 100add14     interop.obj
 0002:00000d24       ??_C@_0N@DAENKDLF@GetTempPathW?$AA@ 100add24     interop.obj
 0002:00000d34       ??_C@_0N@JOMACIEF@GetTickCount?$AA@ 100add34     interop.obj
 0002:00000d44       ??_C@_0O@LLCLDPIK@GetVersionExA?$AA@ 100add44     interop.obj
 0002:00000d54       ??_C@_0O@KHLDIKFN@GetVersionExW?$AA@ 100add54     interop.obj
 0002:00000d64       ??_C@_09JDKINLHP@HeapAlloc?$AA@ 100add64     interop.obj
 0002:00000d70       ??_C@_0L@ICEGIJOB@HeapCreate?$AA@ 100add70     interop.obj
 0002:00000d7c       ??_C@_0M@NELNNOPP@HeapDestroy?$AA@ 100add7c     interop.obj
 0002:00000d88       ??_C@_08ICEHPNNG@HeapFree?$AA@ 100add88     interop.obj
 0002:00000d94       ??_C@_0M@HHKAEGMB@HeapReAlloc?$AA@ 100add94     interop.obj
 0002:00000da0       ??_C@_08LKCFNBPH@HeapSize?$AA@ 100adda0     interop.obj
 0002:00000dac       ??_C@_0N@BKFJNCJM@HeapValidate?$AA@ 100addac     interop.obj
 0002:00000dbc       ??_C@_0M@EIEMDCNL@HeapCompact?$AA@ 100addbc     interop.obj
 0002:00000dc8       ??_C@_0N@LOMLCOFC@LoadLibraryA?$AA@ 100addc8     interop.obj
 0002:00000dd8       ??_C@_0N@KCFDJLIF@LoadLibraryW?$AA@ 100addd8     interop.obj
 0002:00000de8       ??_C@_09FHKJECCN@LocalFree?$AA@ 100adde8     interop.obj
 0002:00000df4       ??_C@_08DICMLIHC@LockFile?$AA@ 100addf4     interop.obj
 0002:00000e00       ??_C@_0L@EJAEKEDD@LockFileEx?$AA@ 100ade00     interop.obj
 0002:00000e0c       ??_C@_0O@IGIELGBD@MapViewOfFile?$AA@ 100ade0c     interop.obj
 0002:00000e1c       ??_C@_0BE@HCIKGJGE@MultiByteToWideChar?$AA@ 100ade1c     interop.obj
 0002:00000e30       ??_C@_0BI@LFICGGHO@QueryPerformanceCounter?$AA@ 100ade30     interop.obj
 0002:00000e48       ??_C@_08KLCHJOKF@ReadFile?$AA@ 100ade48     interop.obj
 0002:00000e54       ??_C@_0N@KGGGLBCJ@SetEndOfFile?$AA@ 100ade54     interop.obj
 0002:00000e64       ??_C@_0P@HKHKGCLN@SetFilePointer?$AA@ 100ade64     interop.obj
 0002:00000e74       ??_C@_05PFDOMJEF@Sleep?$AA@ 100ade74     interop.obj
 0002:00000e7c       ??_C@_0BF@HBHGIPOG@SystemTimeToFileTime?$AA@ 100ade7c     interop.obj
 0002:00000e94       ??_C@_0L@PBJENKDG@UnlockFile?$AA@ 100ade94     interop.obj
 0002:00000ea0       ??_C@_0N@HOKNOHPO@UnlockFileEx?$AA@ 100adea0     interop.obj
 0002:00000eb0       ??_C@_0BA@GLKNLELN@UnmapViewOfFile?$AA@ 100adeb0     interop.obj
 0002:00000ec0       ??_C@_0BE@LJADKLBD@WideCharToMultiByte?$AA@ 100adec0     interop.obj
 0002:00000ed4       ??_C@_09NOIIIIGM@WriteFile?$AA@ 100aded4     interop.obj
 0002:00000ee0       ??_C@_0P@DLHPPCNH@CreateEventExW?$AA@ 100adee0     interop.obj
 0002:00000ef0       ??_C@_0BE@CLKLPNNG@WaitForSingleObject?$AA@ 100adef0     interop.obj
 0002:00000f04       ??_C@_0BG@IFNJHLEG@WaitForSingleObjectEx?$AA@ 100adf04     interop.obj
 0002:00000f1c       ??_C@_0BB@GDGABGCO@SetFilePointerEx?$AA@ 100adf1c     interop.obj
 0002:00000f30       ??_C@_0BN@NEEHBBPO@GetFileInformationByHandleEx?$AA@ 100adf30     interop.obj
 0002:00000f50       ??_C@_0BF@ECJCKDGL@MapViewOfFileFromApp?$AA@ 100adf50     interop.obj
 0002:00000f68       ??_C@_0M@HHGEPIBF@CreateFile2?$AA@ 100adf68     interop.obj
 0002:00000f74       ??_C@_0BE@GMOAPDKA@LoadPackagedLibrary?$AA@ 100adf74     interop.obj
 0002:00000f88       ??_C@_0P@CDHHOHKP@GetTickCount64?$AA@ 100adf88     interop.obj
 0002:00000f98       ??_C@_0BE@HLKFLAJF@GetNativeSystemInfo?$AA@ 100adf98     interop.obj
 0002:00000fac       ??_C@_0BD@ILGKEMFC@OutputDebugStringA?$AA@ 100adfac     interop.obj
 0002:00000fc0       ??_C@_0BD@JHPCPJIF@OutputDebugStringW?$AA@ 100adfc0     interop.obj
 0002:00000fd4       ??_C@_0P@BOLOPLNF@GetProcessHeap?$AA@ 100adfd4     interop.obj
 0002:00000fe4       ??_C@_0BJ@EKFPCGJA@CreateFileMappingFromApp?$AA@ 100adfe4     interop.obj
 0002:00001000       ??_C@_0CK@NGPIDCAA@failed?5to?5HeapCompact?5?$CIno?5space?$CJ@ 100ae000     interop.obj
 0002:0000102c       ??_C@_0CF@BOCDEBEA@failed?5to?5HeapCompact?5?$CI?$CFlu?$CJ?0?5hea@ 100ae02c     interop.obj
 0002:00001054       ??_C@_0CM@NNNFEPLG@failed?5to?5HeapAlloc?5?$CFu?5bytes?5?$CI?$CFl@ 100ae054     interop.obj
 0002:00001080       ??_C@_0CL@JKLAHGLA@failed?5to?5HeapFree?5block?5?$CFp?5?$CI?$CFlu@ 100ae080     interop.obj
 0002:000010ac       ??_C@_0CF@LIJODODC@failed?5to?5?$CFs?5?$CFu?5bytes?5?$CI?$CFlu?$CJ?0?5hea@ 100ae0ac     interop.obj
 0002:000010d4       ??_C@_0CL@HCBMEFAG@failed?5to?5HeapSize?5block?5?$CFp?5?$CI?$CFlu@ 100ae0d4     interop.obj
 0002:00001100       ??_C@_0EA@IKKAKFOI@failed?5to?5HeapCreate?5?$CI?$CFlu?$CJ?0?5flag@ 100ae100     interop.obj
 0002:00001140       ??_C@_0CF@JHBMKENA@failed?5to?5HeapDestroy?5?$CI?$CFlu?$CJ?0?5hea@ 100ae140     interop.obj
 0002:00001168       ??_C@_0BE@MJECGBL@OsError?50x?$CFlx?5?$CI?$CFlu?$CJ?$AA@ 100ae168     interop.obj
 0002:0000117c       ??_C@_02DKCKIIND@?$CFs?$AA@ 100ae17c     interop.obj
 0002:00001180       ??_C@_0BP@JDJJJHMH@os_win?4c?3?$CFd?3?5?$CI?$CFlu?$CJ?5?$CFs?$CI?$CFs?$CJ?5?9?5?$CFs?$AA@ 100ae180     interop.obj
 0002:000011a0       ??_C@_0CH@IOAFGIGM@delayed?5?$CFdms?5for?5lock?1sharing?5co@ 100ae1a0     interop.obj
 0002:000011c8       ??_C@_0M@JAPMDKOE@winSeekFile?$AA@ 100ae1c8     interop.obj
 0002:000011d4       ??_C@_08GBGPIFFF@winClose?$AA@ 100ae1d4     interop.obj
 0002:000011e0       ??_C@_07BGDHELCN@winRead?$AA@ 100ae1e0     interop.obj
 0002:000011e8       ??_C@_09GFOHNLGD@winWrite1?$AA@ 100ae1e8     interop.obj
 0002:000011f4       ??_C@_09EOMKIIKA@winWrite2?$AA@ 100ae1f4     interop.obj
 0002:00001200       ??_C@_0N@JHOIFHJA@winTruncate1?$AA@ 100ae200     interop.obj
 0002:00001210       ??_C@_0N@LMMFAEFD@winTruncate2?$AA@ 100ae210     interop.obj
 0002:00001220       ??_C@_07HFIFFLEA@winSync?$AA@ 100ae220     interop.obj
 0002:00001228       ??_C@_0M@DODNMLAG@winFileSize?$AA@ 100ae228     interop.obj
 0002:00001234       ??_C@_0BC@CHABEBCJ@winUnlockReadLock?$AA@ 100ae234     interop.obj
 0002:00001248       ??_C@_09INENJOCI@winUnlock?$AA@ 100ae248     interop.obj
 0002:00001254       ??_C@_06KEOMCCGA@?$CFs?9shm?$AA@ 100ae254     interop.obj
 0002:0000125c       ??_C@_0L@NHPDAEHO@winOpenShm?$AA@ 100ae25c     interop.obj
 0002:00001268       ??_C@_0L@JMPNPFLA@winShmMap1?$AA@ 100ae268     interop.obj
 0002:00001274       ??_C@_0L@LHNAKGHD@winShmMap2?$AA@ 100ae274     interop.obj
 0002:00001280       ??_C@_0L@KOMLJHDC@winShmMap3?$AA@ 100ae280     interop.obj
 0002:0000128c       ??_C@_0O@MBBPBMPM@winUnmapfile1?$AA@ 100ae28c     interop.obj
 0002:0000129c       ??_C@_0O@OKDCEPDP@winUnmapfile2?$AA@ 100ae29c     interop.obj
 0002:000012ac       ??_C@_0M@FMIFOGHC@winMapfile1?$AA@ 100ae2ac     interop.obj
 0002:000012b8       ??_C@_0M@HHKILFLB@winMapfile2?$AA@ 100ae2b8     interop.obj
 0002:000012c4       ??_C@_07NBNPOOME@etilqs_?$AA@ 100ae2c4     interop.obj
 0002:000012cc       ??_C@_0BA@KKAJEMJB@winGetTempname1?$AA@ 100ae2cc     interop.obj
 0002:000012dc       ??_C@_0BA@IBCEBPFC@winGetTempname2?$AA@ 100ae2dc     interop.obj
 0002:000012ec       ??_C@_0BA@JIDPCOBD@winGetTempname3?$AA@ 100ae2ec     interop.obj
 0002:000012fc       ??_C@_0BA@NHHOLINE@winGetTempname4?$AA@ 100ae2fc     interop.obj
 0002:0000130c       ??_C@_0BA@MOGFIJJF@winGetTempname5?$AA@ 100ae30c     interop.obj
 0002:0000131c       ??_C@_07BEGGPPOF@winOpen?$AA@ 100ae31c     interop.obj
 0002:00001324       ??_C@_04JKHAIEHD@psow?$AA@ 100ae324     interop.obj
 0002:0000132c       ??_C@_09MOHEIBIO@winDelete?$AA@ 100ae32c     interop.obj
 0002:00001338       ??_C@_09NBJCHJLH@winAccess?$AA@ 100ae338     interop.obj
 0002:00001344       ??_C@_06GIIGBPHC@?$CFs?$CFc?$CFs?$AA@ 100ae344     interop.obj
 0002:0000134c       ??_C@_0BB@OFJJKLCE@winFullPathname1?$AA@ 100ae34c     interop.obj
 0002:00001360       ??_C@_0BB@MOLEPIOH@winFullPathname2?$AA@ 100ae360     interop.obj
 0002:00001374       ??_C@_0BB@NHKPMJKG@winFullPathname3?$AA@ 100ae374     interop.obj
 0002:00001388       ??_C@_0BB@JIOOFPGB@winFullPathname4?$AA@ 100ae388     interop.obj
 0002:0000139c       ??_C@_05NMJMPJJB@win32?$AA@ 100ae39c     interop.obj
 0002:000013a4       ??_C@_0P@DDINIIBH@win32?9longpath?$AA@ 100ae3a4     interop.obj
 0002:000013b4       ??_C@_0BL@FJPGAHP@recovered?5?$CFd?5pages?5from?5?$CFs?$AA@ 100ae3b4     interop.obj
 0002:000013d0       ??_C@_09HKLPJOIM@?9journal?$AA?$AA@ 100ae3d0     interop.obj
 0002:000013dc       ??_C@_05HMKKNGEJ@?9wal?$AA?$AA@ 100ae3dc     interop.obj
 0002:000013e4       ??_C@_06LDKHBALK@nolock?$AA@ 100ae3e4     interop.obj
 0002:000013ec       ??_C@_09JFJMBHCC@immutable?$AA@ 100ae3ec     interop.obj
 0002:000013f8       ??_C@_0CF@EDMDCOFB@recovered?5?$CFd?5frames?5from?5WAL?5fil@ 100ae3f8     interop.obj
 0002:00001420       ??_C@_0BK@NCCCKLLJ@cannot?5limit?5WAL?5size?3?5?$CFs?$AA@ 100ae420     interop.obj
 0002:0000143c       ??_C@_08CADOGOJM@?3memory?3?$AA@ 100ae43c     interop.obj
 0002:00001448       ??_C@_01EEMJAFIK@?6?$AA@   100ae448     interop.obj
 0002:0000144c       ??_C@_0BH@LLKFEBHC@invalid?5page?5number?5?$CFd?$AA@ 100ae44c     interop.obj
 0002:00001464       ??_C@_0BJ@HHKCLCDH@2nd?5reference?5to?5page?5?$CFd?$AA@ 100ae464     interop.obj
 0002:00001480       ??_C@_0BN@NJCBBLIO@Failed?5to?5read?5ptrmap?5key?$DN?$CFd?$AA@ 100ae480     interop.obj
 0002:000014a0       ??_C@_0DG@EAEHHDPC@Bad?5ptr?5map?5entry?5key?$DN?$CFd?5expecte@ 100ae4a0     interop.obj
 0002:000014d8       ??_C@_0DJ@PBFEOOMP@?$CFd?5of?5?$CFd?5pages?5missing?5from?5over@ 100ae4d8     interop.obj
 0002:00001514       ??_C@_0BG@GMIBDIEE@failed?5to?5get?5page?5?$CFd?$AA@ 100ae514     interop.obj
 0002:0000152c       ??_C@_0CH@LNHECGJJ@freelist?5leaf?5count?5too?5big?5on?5p@ 100ae52c     interop.obj
 0002:00001554       ??_C@_09OLGIMPDE@Page?5?$CFd?3?5?$AA@ 100ae554     interop.obj
 0002:00001560       ??_C@_0CG@ILLDAEJM@unable?5to?5get?5the?5page?4?5error?5co@ 100ae560     interop.obj
 0002:00001588       ??_C@_0CG@FFKEALPN@btreeInitPage?$CI?$CJ?5returns?5error?5co@ 100ae588     interop.obj
 0002:000015b0       ??_C@_0BK@DEBKKJM@On?5tree?5page?5?$CFd?5cell?5?$CFd?3?5?$AA@ 100ae5b0     interop.obj
 0002:000015cc       ??_C@_0CM@NFGNKDIE@Rowid?5?$CFlld?5out?5of?5order?5?$CIpreviou@ 100ae5cc     interop.obj
 0002:000015f8       ??_C@_0BJ@FLOCKNJL@Child?5page?5depth?5differs?$AA@ 100ae5f8     interop.obj
 0002:00001614       ??_C@_0BM@FMPLCKPB@On?5page?5?$CFd?5at?5right?5child?3?5?$AA@ 100ae614     interop.obj
 0002:00001630       ??_C@_0DN@FNPJJAIO@Rowid?5?$CFlld?5out?5of?5order?5?$CImax?5lar@ 100ae630     interop.obj
 0002:00001670       ??_C@_0DL@JMELIBGM@Rowid?5?$CFlld?5out?5of?5order?5?$CImin?5les@ 100ae670     interop.obj
 0002:000016ac       ??_C@_0DN@BNLGOIPI@Rowid?5?$CFlld?5out?5of?5order?5?$CImax?5lar@ 100ae6ac     interop.obj
 0002:000016ec       ??_C@_0DL@NMAEPJBK@Rowid?5?$CFlld?5out?5of?5order?5?$CImin?5les@ 100ae6ec     interop.obj
 0002:00001728       ??_C@_0CK@JLHLDHFB@Corruption?5detected?5in?5cell?5?$CFd?5o@ 100ae728     interop.obj
 0002:00001754       ??_C@_0CF@DKGAOHID@Multiple?5uses?5for?5byte?5?$CFd?5of?5pag@ 100ae754     interop.obj
 0002:0000177c       ??_C@_0DE@NONOJPEC@Fragmentation?5of?5?$CFd?5bytes?5report@ 100ae77c     interop.obj
 0002:000017b0       ??_C@_0BA@EAICBBKE@Main?5freelist?3?5?$AA@ 100ae7b0     interop.obj
 0002:000017c0       ??_C@_0BF@CFAFGJN@List?5of?5tree?5roots?3?5?$AA@ 100ae7c0     interop.obj
 0002:000017d8       ??_C@_0BG@NJBAMKDO@Page?5?$CFd?5is?5never?5used?$AA@ 100ae7d8     interop.obj
 0002:000017f0       ??_C@_0CC@IBCKHFBM@Pointer?5map?5page?5?$CFd?5is?5reference@ 100ae7f0     interop.obj
 0002:00001814       ??_C@_0DP@PJBOOLEO@Outstanding?5page?5count?5goes?5from@ 100ae814     interop.obj
 0002:00001854       ??_C@_0O@BNNCBLEN@out?5of?5memory?$AA@ 100ae854     interop.obj
 0002:00001864       ??_C@_0BE@OKPJBBEB@unknown?5database?5?$CFs?$AA@ 100ae864     interop.obj
 0002:00001878       ??_C@_0CI@IHDDPHMP@source?5and?5destination?5must?5be?5d@ 100ae878     interop.obj
 0002:000018a0       ??_C@_06NJMDEJD@?$CF?$CB?415g?$AA@ 100ae8a0     interop.obj
 0002:000018a8       ??_C@_01JOAMLHOP@?9?$AA@   100ae8a8     interop.obj
 0002:000018ac       ??_C@_04HDOCAJNK@?$CFs?$CFs?$AA@ 100ae8ac     interop.obj
 0002:000018b4       ??_C@_0O@HEEEJLEO@sqlite_record?$AA@ 100ae8b4     interop.obj
 0002:000018c4       ??_C@_04INKOODMH@k?$CI?$CFd?$AA@ 100ae8c4     interop.obj
 0002:000018cc       ??_C@_03ILAMHENH@nil?$AA@  100ae8cc     interop.obj
 0002:000018d0       ??_C@_06FJHKNKMG@BINARY?$AA@ 100ae8d0     interop.obj
 0002:000018d8       ??_C@_01HMGJMAIH@B?$AA@    100ae8d8     interop.obj
 0002:000018dc       ??_C@_07CJFGHBKN@?$CI?$CF?420s?$CJ?$AA@ 100ae8dc     interop.obj
 0002:000018e4       ??_C@_06BPGFIOAL@?$CFs?$CI?$CFd?$CJ?$AA@ 100ae8e4     interop.obj
 0002:000018ec       ??_C@_02DPKJAMEF@?$CFd?$AA@ 100ae8ec     interop.obj
 0002:000018f0       ??_C@_06OLGPAEJH@?$CIblob?$CJ?$AA@ 100ae8f0     interop.obj
 0002:000018f8       ??_C@_0L@IIBEKKAO@vtab?3?$CFp?3?$CFp?$AA@ 100ae8f8     interop.obj
 0002:00001904       ??_C@_08CBEPOPA@intarray?$AA@ 100ae904     interop.obj
 0002:00001910       ??_C@_07MHLKLKDM@program?$AA@ 100ae910     interop.obj
 0002:00001918       ??_C@_04LABILCJL@?$CF?42x?$AA@ 100ae918     interop.obj
 0002:00001920       ??_C@_0BA@FKMAFLJK@?$CFs?9mjXXXXXX9XXz?$AA@ 100ae920     interop.obj
 0002:00001930       ??_C@_0O@IDFCBAPA@MJ?5delete?3?5?$CFs?$AA@ 100ae930     interop.obj
 0002:00001940       ??_C@_0P@EKBGDFBG@MJ?5collide?3?5?$CFs?$AA@ 100ae940     interop.obj
 0002:00001950       ??_C@_0N@FLHACMNC@?9mj?$CF06X9?$CF02X?$AA@ 100ae950     interop.obj
 0002:00001960       ??_C@_0BO@PMDGIFIC@FOREIGN?5KEY?5constraint?5failed?$AA@ 100ae960     interop.obj
 0002:00001980       ??_C@_0CN@JCKHFJMJ@API?5called?5with?5finalized?5prepar@ 100ae980     interop.obj
 0002:000019b0       ??_C@_0CI@DGDEMKDJ@API?5called?5with?5NULL?5prepared?5st@ 100ae9b0     interop.obj
 0002:000019d8       ??_C@_0BH@BEFJIDGM@string?5or?5blob?5too?5big?$AA@ 100ae9d8     interop.obj
 0002:000019f0       ??_C@_0DD@BOPMNMAO@unable?5to?5use?5function?5?$CFs?5in?5the@ 100ae9f0     interop.obj
 0002:00001a24       ??_C@_0CI@NKIMDBDG@bind?5on?5a?5busy?5prepared?5statemen@ 100aea24     interop.obj
 0002:00001a4c       ??_C@_03CJPCKGBB@?9?9?5?$AA@ 100aea4c     interop.obj
 0002:00001a50       ??_C@_06BGANNCL@?8?$CF?4?$CKq?8?$AA@ 100aea50     interop.obj
 0002:00001a58       ??_C@_0N@OGKFEFFN@zeroblob?$CI?$CFd?$CJ?$AA@ 100aea58     interop.obj
 0002:00001a68       ??_C@_02IAJJKNGA@x?8?$AA@  100aea68     interop.obj
 0002:00001a6c       ??_C@_04NOJCDH@?$CF02x?$AA@ 100aea6c     interop.obj
 0002:00001a74       ??_C@_01GEODFPGF@?8?$AA@   100aea74     interop.obj
 0002:00001a78       ??_C@_08BBHBEGAC@NOT?5NULL?$AA@ 100aea78     interop.obj
 0002:00001a84       ??_C@_06OHAHIIGJ@UNIQUE?$AA@ 100aea84     interop.obj
 0002:00001a8c       ??_C@_05GCOJDIEO@CHECK?$AA@ 100aea8c     interop.obj
 0002:00001a94       ??_C@_0M@CFPAHGLH@FOREIGN?5KEY?$AA@ 100aea94     interop.obj
 0002:00001aa0       ??_C@_0BI@CKCEIKAL@abort?5at?5?$CFd?5in?5?$FL?$CFs?$FN?3?5?$CFs?$AA@ 100aeaa0     interop.obj
 0002:00001ab8       ??_C@_0BJ@ICEIKGIJ@?$CFs?5constraint?5failed?3?5?$CFs?$AA@ 100aeab8     interop.obj
[...]
               exported name: sqlite3_bind_parameter_name
       25    _sqlite3_bind_parameter_name_interop@12
       26    _sqlite3_bind_text
               exported name: sqlite3_bind_text
       27    _sqlite3_bind_text16
               exported name: sqlite3_bind_text16
       28    _sqlite3_bind_value
               exported name: sqlite3_bind_value
       29    _sqlite3_bind_zeroblob
               exported name: sqlite3_bind_zeroblob
       30    _sqlite3_blob_bytes
               exported name: sqlite3_blob_bytes
       31    _sqlite3_blob_close
               exported name: sqlite3_blob_close
       32    _sqlite3_blob_open
               exported name: sqlite3_blob_open
       33    _sqlite3_blob_read
               exported name: sqlite3_blob_read
       34    _sqlite3_blob_reopen
               exported name: sqlite3_blob_reopen
       35    _sqlite3_blob_write
               exported name: sqlite3_blob_write
       36    _sqlite3_busy_handler
               exported name: sqlite3_busy_handler
       37    _sqlite3_busy_timeout
               exported name: sqlite3_busy_timeout
       38    _sqlite3_cancel_auto_extension
               exported name: sqlite3_cancel_auto_extension
       39    _sqlite3_changes
               exported name: sqlite3_changes
       40    _sqlite3_changes_interop@4
       41    _sqlite3_clear_bindings
               exported name: sqlite3_clear_bindings
       42    _sqlite3_close
               exported name: sqlite3_close
       43    _sqlite3_close_interop@4
       44    _sqlite3_close_v2
               exported name: sqlite3_close_v2
       45    _sqlite3_collation_needed
               exported name: sqlite3_collation_needed
       46    _sqlite3_collation_needed16
               exported name: sqlite3_collation_needed16
       47    _sqlite3_column_blob
               exported name: sqlite3_column_blob
       48    _sqlite3_column_bytes
               exported name: sqlite3_column_bytes
       49    _sqlite3_column_bytes16
               exported name: sqlite3_column_bytes16
       50    _sqlite3_column_count
               exported name: sqlite3_column_count
       51    _sqlite3_column_database_name
               exported name: sqlite3_column_database_name
       52    _sqlite3_column_database_name16
               exported name: sqlite3_column_database_name16
       53    _sqlite3_column_database_name16_interop@12
       54    _sqlite3_column_database_name_interop@12
       55    _sqlite3_column_decltype
               exported name: sqlite3_column_decltype
       56    _sqlite3_column_decltype16
               exported name: sqlite3_column_decltype16
       57    _sqlite3_column_decltype16_interop@12
       58    _sqlite3_column_decltype_interop@12
       59    _sqlite3_column_double
               exported name: sqlite3_column_double
       60    _sqlite3_column_double_interop@12
       61    _sqlite3_column_int
               exported name: sqlite3_column_int
       62    _sqlite3_column_int64
               exported name: sqlite3_column_int64
       63    _sqlite3_column_int64_interop@12
       64    _sqlite3_column_name
               exported name: sqlite3_column_name
       65    _sqlite3_column_name16
               exported name: sqlite3_column_name16
       66    _sqlite3_column_name16_interop@12
       67    _sqlite3_column_name_interop@12
       68    _sqlite3_column_origin_name
               exported name: sqlite3_column_origin_name
       69    _sqlite3_column_origin_name16
               exported name: sqlite3_column_origin_name16
       70    _sqlite3_column_origin_name16_interop@12
       71    _sqlite3_column_origin_name_interop@12
       72    _sqlite3_column_table_name
               exported name: sqlite3_column_table_name
       73    _sqlite3_column_table_name16
               exported name: sqlite3_column_table_name16
       74    _sqlite3_column_table_name16_interop@12
       75    _sqlite3_column_table_name_interop@12
       76    _sqlite3_column_text
               exported name: sqlite3_column_text
       77    _sqlite3_column_text16
               exported name: sqlite3_column_text16
       78    _sqlite3_column_text16_interop@12
       79    _sqlite3_column_text_interop@12
       80    _sqlite3_column_type
               exported name: sqlite3_column_type
       81    _sqlite3_column_value
               exported name: sqlite3_column_value
       82    _sqlite3_commit_hook
               exported name: sqlite3_commit_hook
       83    _sqlite3_compileoption_get
               exported name: sqlite3_compileoption_get
       84    _sqlite3_compileoption_used
               exported name: sqlite3_compileoption_used
       85    _sqlite3_complete
               exported name: sqlite3_complete
       86    _sqlite3_complete16
               exported name: sqlite3_complete16
       87    _sqlite3_config
               exported name: sqlite3_config
       88    _sqlite3_context_collcompare_interop@20
       89    _sqlite3_context_collseq_interop@16
       90    _sqlite3_context_db_handle
               exported name: sqlite3_context_db_handle
       91    _sqlite3_create_collation
               exported name: sqlite3_create_collation
       92    _sqlite3_create_collation16
               exported name: sqlite3_create_collation16
       93    _sqlite3_create_collation_v2
               exported name: sqlite3_create_collation_v2
       94    _sqlite3_create_disposable_module
               exported name: sqlite3_create_disposable_module
       95    _sqlite3_create_disposable_module_interop@112
       96    _sqlite3_create_function
               exported name: sqlite3_create_function
       97    _sqlite3_create_function16
               exported name: sqlite3_create_function16
       98    _sqlite3_create_function_interop@36
       99    _sqlite3_create_function_v2
               exported name: sqlite3_create_function_v2
      100    _sqlite3_create_module
               exported name: sqlite3_create_module
      101    _sqlite3_create_module_v2
               exported name: sqlite3_create_module_v2
      102    _sqlite3_cursor_rowid_interop@12
      103    _sqlite3_data_count
               exported name: sqlite3_data_count
      104    _sqlite3_data_directory
               exported name: sqlite3_data_directory
      105    _sqlite3_db_config
               exported name: sqlite3_db_config
      106    _sqlite3_db_filename
               exported name: sqlite3_db_filename
      107    _sqlite3_db_handle
               exported name: sqlite3_db_handle
      108    _sqlite3_db_mutex
               exported name: sqlite3_db_mutex
      109    _sqlite3_db_readonly
               exported name: sqlite3_db_readonly
      110    _sqlite3_db_release_memory
               exported name: sqlite3_db_release_memory
      111    _sqlite3_db_status
               exported name: sqlite3_db_status
      112    _sqlite3_declare_vtab
               exported name: sqlite3_declare_vtab
      113    _sqlite3_dispose_module
               exported name: sqlite3_dispose_module
      114    _sqlite3_enable_load_extension
               exported name: sqlite3_enable_load_extension
      115    _sqlite3_enable_shared_cache
               exported name: sqlite3_enable_shared_cache
      116    _sqlite3_errcode
               exported name: sqlite3_errcode
      117    _sqlite3_errmsg
               exported name: sqlite3_errmsg
      118    _sqlite3_errmsg16
               exported name: sqlite3_errmsg16
      119    _sqlite3_errmsg_interop@8
      120    _sqlite3_errstr
               exported name: sqlite3_errstr
      121    _sqlite3_exec
               exported name: sqlite3_exec
      122    _sqlite3_expired
               exported name: sqlite3_expired
      123    _sqlite3_extended_errcode
               exported name: sqlite3_extended_errcode
      124    _sqlite3_extended_result_codes
               exported name: sqlite3_extended_result_codes
      125    _sqlite3_file_control
               exported name: sqlite3_file_control
      126    _sqlite3_finalize
               exported name: sqlite3_finalize
      127    _sqlite3_finalize_interop@4
      128    _sqlite3_free
               exported name: sqlite3_free
      129    _sqlite3_free_table
               exported name: sqlite3_free_table
      130    _sqlite3_get_autocommit
               exported name: sqlite3_get_autocommit
      131    _sqlite3_get_auxdata
               exported name: sqlite3_get_auxdata
      132    _sqlite3_get_table
               exported name: sqlite3_get_table
      133    _sqlite3_global_recover
               exported name: sqlite3_global_recover
      134    _sqlite3_index_column_info_interop@32
      135    _sqlite3_initialize
               exported name: sqlite3_initialize
      136    _sqlite3_interrupt
               exported name: sqlite3_interrupt
      137    _sqlite3_key
               exported name: sqlite3_key
      138    _sqlite3_key_v2
               exported name: sqlite3_key_v2
      139    _sqlite3_last_insert_rowid
               exported name: sqlite3_last_insert_rowid
      140    _sqlite3_last_insert_rowid_interop@8
      141    _sqlite3_libversion
               exported name: sqlite3_libversion
      142    _sqlite3_libversion_number
               exported name: sqlite3_libversion_number
      143    _sqlite3_limit
               exported name: sqlite3_limit
      144    _sqlite3_load_extension
               exported name: sqlite3_load_extension
      145    _sqlite3_log
               exported name: sqlite3_log
      146    _sqlite3_malloc
               exported name: sqlite3_malloc
      147    _sqlite3_malloc_size_interop@4
      148    _sqlite3_memory_alarm
               exported name: sqlite3_memory_alarm
      149    _sqlite3_memory_highwater
               exported name: sqlite3_memory_highwater
      150    _sqlite3_memory_highwater_interop@8
      151    _sqlite3_memory_used
               exported name: sqlite3_memory_used
      152    _sqlite3_memory_used_interop@4
      153    _sqlite3_mprintf
               exported name: sqlite3_mprintf
      154    _sqlite3_mutex_alloc
               exported name: sqlite3_mutex_alloc
      155    _sqlite3_mutex_enter
               exported name: sqlite3_mutex_enter
      156    _sqlite3_mutex_free
               exported name: sqlite3_mutex_free
      157    _sqlite3_mutex_leave
               exported name: sqlite3_mutex_leave
      158    _sqlite3_mutex_try
               exported name: sqlite3_mutex_try
      159    _sqlite3_next_stmt
               exported name: sqlite3_next_stmt
      160    _sqlite3_open
               exported name: sqlite3_open
      161    _sqlite3_open16
               exported name: sqlite3_open16
      162    _sqlite3_open16_interop@12
      163    _sqlite3_open_interop@12
      164    _sqlite3_open_v2
               exported name: sqlite3_open_v2
      165    _sqlite3_os_end
               exported name: sqlite3_os_end
      166    _sqlite3_os_init
               exported name: sqlite3_os_init
      167    _sqlite3_overload_function
               exported name: sqlite3_overload_function
      168    _sqlite3_percentile_init
               exported name: sqlite3_percentile_init
      169    _sqlite3_prepare
               exported name: sqlite3_prepare
      170    _sqlite3_prepare16
               exported name: sqlite3_prepare16
      171    _sqlite3_prepare16_interop@24
      172    _sqlite3_prepare16_v2
               exported name: sqlite3_prepare16_v2
      173    _sqlite3_prepare_interop@24
      174    _sqlite3_prepare_v2
               exported name: sqlite3_prepare_v2
      175    _sqlite3_profile
               exported name: sqlite3_profile
      176    _sqlite3_progress_handler
               exported name: sqlite3_progress_handler
      177    _sqlite3_randomness
               exported name: sqlite3_randomness
      178    _sqlite3_realloc
               exported name: sqlite3_realloc
      179    _sqlite3_regexp_init
               exported name: sqlite3_regexp_init
      180    _sqlite3_rekey
               exported name: sqlite3_rekey
      181    _sqlite3_rekey_v2
               exported name: sqlite3_rekey_v2
      182    _sqlite3_release_memory
               exported name: sqlite3_release_memory
      183    _sqlite3_reset
               exported name: sqlite3_reset
      184    _sqlite3_reset_auto_extension
               exported name: sqlite3_reset_auto_extension
      185    _sqlite3_reset_interop@4
      186    _sqlite3_result_blob
               exported name: sqlite3_result_blob
      187    _sqlite3_result_double
               exported name: sqlite3_result_double
      188    _sqlite3_result_double_interop@8
      189    _sqlite3_result_error
               exported name: sqlite3_result_error
      190    _sqlite3_result_error16
               exported name: sqlite3_result_error16
      191    _sqlite3_result_error_code
               exported name: sqlite3_result_error_code
      192    _sqlite3_result_error_nomem
               exported name: sqlite3_result_error_nomem
      193    _sqlite3_result_error_toobig
               exported name: sqlite3_result_error_toobig
      194    _sqlite3_result_int
               exported name: sqlite3_result_int
      195    _sqlite3_result_int64
               exported name: sqlite3_result_int64
      196    _sqlite3_result_int64_interop@8
      197    _sqlite3_result_null
               exported name: sqlite3_result_null
      198    _sqlite3_result_text
               exported name: sqlite3_result_text
      199    _sqlite3_result_text16
               exported name: sqlite3_result_text16
      200    _sqlite3_result_text16be
               exported name: sqlite3_result_text16be
      201    _sqlite3_result_text16le
               exported name: sqlite3_result_text16le
      202    _sqlite3_result_value
               exported name: sqlite3_result_value
      203    _sqlite3_result_zeroblob
               exported name: sqlite3_result_zeroblob
      204    _sqlite3_rollback_hook
               exported name: sqlite3_rollback_hook
      205    _sqlite3_rtree_geometry_callback
               exported name: sqlite3_rtree_geometry_callback
      206    _sqlite3_rtree_query_callback
               exported name: sqlite3_rtree_query_callback
      207    _sqlite3_set_authorizer
               exported name: sqlite3_set_authorizer
      208    _sqlite3_set_auxdata
               exported name: sqlite3_set_auxdata
      209    _sqlite3_shutdown
               exported name: sqlite3_shutdown
      210    _sqlite3_sleep
               exported name: sqlite3_sleep
      211    _sqlite3_snprintf
               exported name: sqlite3_snprintf
      212    _sqlite3_soft_heap_limit
               exported name: sqlite3_soft_heap_limit
      213    _sqlite3_soft_heap_limit64
               exported name: sqlite3_soft_heap_limit64
      214    _sqlite3_sourceid
               exported name: sqlite3_sourceid
      215    _sqlite3_sql
               exported name: sqlite3_sql
      216    _sqlite3_status
               exported name: sqlite3_status
      217    _sqlite3_step
               exported name: sqlite3_step
      218    _sqlite3_stmt_busy
               exported name: sqlite3_stmt_busy
      219    _sqlite3_stmt_readonly
               exported name: sqlite3_stmt_readonly
      220    _sqlite3_stmt_status
               exported name: sqlite3_stmt_status
      221    _sqlite3_strglob
               exported name: sqlite3_strglob
      222    _sqlite3_stricmp
               exported name: sqlite3_stricmp
      223    _sqlite3_strnicmp
               exported name: sqlite3_strnicmp
      224    _sqlite3_table_column_metadata
               exported name: sqlite3_table_column_metadata
      225    _sqlite3_table_column_metadata_interop@44
      226    _sqlite3_table_cursor_interop@12
      227    _sqlite3_temp_directory
               exported name: sqlite3_temp_directory
      228    _sqlite3_test_control
               exported name: sqlite3_test_control
      229    _sqlite3_thread_cleanup
               exported name: sqlite3_thread_cleanup
      230    _sqlite3_threadsafe
               exported name: sqlite3_threadsafe
      231    _sqlite3_total_changes
               exported name: sqlite3_total_changes
      232    _sqlite3_totype_init
               exported name: sqlite3_totype_init
      233    _sqlite3_trace
               exported name: sqlite3_trace
      234    _sqlite3_transfer_bindings
               exported name: sqlite3_transfer_bindings
      235    _sqlite3_update_hook
               exported name: sqlite3_update_hook
      236    _sqlite3_uri_boolean
               exported name: sqlite3_uri_boolean
      237    _sqlite3_uri_int64
               exported name: sqlite3_uri_int64
      238    _sqlite3_uri_parameter
               exported name: sqlite3_uri_parameter
      239    _sqlite3_user_data
               exported name: sqlite3_user_data
      240    _sqlite3_value_blob
               exported name: sqlite3_value_blob
      241    _sqlite3_value_bytes
               exported name: sqlite3_value_bytes
      242    _sqlite3_value_bytes16
               exported name: sqlite3_value_bytes16
      243    _sqlite3_value_double
               exported name: sqlite3_value_double
      244    _sqlite3_value_double_interop@8
      245    _sqlite3_value_int
               exported name: sqlite3_value_int
      246    _sqlite3_value_int64
               exported name: sqlite3_value_int64
      247    _sqlite3_value_int64_interop@8
      248    _sqlite3_value_numeric_type
               exported name: sqlite3_value_numeric_type
      249    _sqlite3_value_text
               exported name: sqlite3_value_text
      250    _sqlite3_value_text16
               exported name: sqlite3_value_text16
      251    _sqlite3_value_text16_interop@8
      252    _sqlite3_value_text16be
               exported name: sqlite3_value_text16be
      253    _sqlite3_value_text16le
               exported name: sqlite3_value_text16le
      254    _sqlite3_value_text_interop@8
      255    _sqlite3_value_type
               exported name: sqlite3_value_type
      256    _sqlite3_version
               exported name: sqlite3_version
      257    _sqlite3_vfs_find
               exported name: sqlite3_vfs_find
      258    _sqlite3_vfs_register
               exported name: sqlite3_vfs_register
      259    _sqlite3_vfs_unregister
               exported name: sqlite3_vfs_unregister
      260    _sqlite3_vmprintf
               exported name: sqlite3_vmprintf
      261    _sqlite3_vsnprintf
               exported name: sqlite3_vsnprintf
      262    _sqlite3_vtab_config
               exported name: sqlite3_vtab_config
      263    _sqlite3_vtab_on_conflict
               exported name: sqlite3_vtab_on_conflict
      264    _sqlite3_vtshim_init
               exported name: sqlite3_vtshim_init
      265    _sqlite3_wal_autocheckpoint
               exported name: sqlite3_wal_autocheckpoint
      266    _sqlite3_wal_checkpoint
               exported name: sqlite3_wal_checkpoint
      267    _sqlite3_wal_checkpoint_v2
               exported name: sqlite3_wal_checkpoint_v2
      268    _sqlite3_wal_hook
               exported name: sqlite3_wal_hook
      269    _sqlite3_win32_compact_heap
               exported name: sqlite3_win32_compact_heap
      270    _sqlite3_win32_mbcs_to_utf8
               exported name: sqlite3_win32_mbcs_to_utf8
      271    _sqlite3_win32_reset_heap
               exported name: sqlite3_win32_reset_heap
      272    _sqlite3_win32_set_directory
               exported name: sqlite3_win32_set_directory
      273    _sqlite3_win32_sleep
               exported name: sqlite3_win32_sleep
      274    _sqlite3_win32_utf8_to_mbcs
               exported name: sqlite3_win32_utf8_to_mbcs
      275    _sqlite3_win32_write_debug
               exported name: sqlite3_win32_write_debug
