 System.Data.SQLite

 Timestamp is 53ec9a0f (Thu Aug 14 14:14:23 2014)

 Preferred load address is 10000000

 Start         Length     Name                   Class
 0001:00000000 0009e464H .text                   CODE
 0002:00000000 00000214H .idata$5                DATA
 0002:00000214 00000004H .CRT$XCA                DATA
 0002:00000218 00000004H .CRT$XCZ                DATA
 0002:0000021c 00000004H .CRT$XIA                DATA
 0002:00000220 00000004H .CRT$XIAA               DATA
 0002:00000224 00000008H .CRT$XIC                DATA
 0002:0000022c 00000004H .CRT$XIZ                DATA
 0002:00000230 000365c8H .rdata                  DATA
 0002:000367f8 00000084H .rdata$debug            DATA
 0002:00036880 00000004H .rdata$sxdata           DATA
 0002:00036884 00000004H .rtc$IAA                DATA
 0002:00036888 00000004H .rtc$IZZ                DATA
 0002:0003688c 00000004H .rtc$TAA                DATA
 0002:00036890 00000004H .rtc$TZZ                DATA
 0002:00036898 00000064H .xdata$x                DATA
 0002:000368fc 00000050H .idata$2                DATA
 0002:0003694c 00000014H .idata$3                DATA
 0002:00036960 00000214H .idata$4                DATA
 0002:00036b74 00000904H .idata$6                DATA
 0002:00037480 000023f4H .edata                  DATA
 0003:00000000 00001094H .data                   DATA
 0003:00001098 00001dfcH .bss                    DATA
 0004:00000000 00000200H CONST                   DATA
 0005:00000000 00000058H .rsrc$01                DATA
 0005:00000060 000005b8H .rsrc$02                DATA

  Address         Publics by Value              Rva+Base       Lib:Object

 0000:00000000       __except_list              00000000     <absolute>
 0000:00000001       ___safe_se_handler_count   00000001     <absolute>
 0000:00009876       __ldused                   00009876     <absolute>
 0000:00009876       __fltused                  00009876     <absolute>
 0000:00000000       ___ImageBase               10000000     <linker-defined>
 0001:00000000       _GetFullPathNameW@16       10001000 f   kernel32:KERNEL32.dll
 0001:00000006       _GetFullPathNameA@16       10001006 f   kernel32:KERNEL32.dll
 0001:0000000c       _HeapReAlloc@16            1000100c f   kernel32:KERNEL32.dll
 0001:00000012       _CreateFileA@28            10001012 f   kernel32:KERNEL32.dll
 0001:00000018       _GetFileSize@8             10001018 f   kernel32:KERNEL32.dll
 0001:0000001e       _CreateMutexW@12           1000101e f   kernel32:KERNEL32.dll
 0001:00000024       _HeapCompact@8             10001024 f   kernel32:KERNEL32.dll
 0001:0000002a       _SetFilePointer@16         1000102a f   kernel32:KERNEL32.dll
 0001:00000030       _MapViewOfFile@20          10001030 f   kernel32:KERNEL32.dll
 0001:00000036       _UnmapViewOfFile@4         10001036 f   kernel32:KERNEL32.dll
 0001:0000003c       _SetEndOfFile@4            1000103c f   kernel32:KERNEL32.dll
 0001:00000042       _FreeLibrary@4             10001042 f   kernel32:KERNEL32.dll
 0001:00000048       _HeapAlloc@12              10001048 f   kernel32:KERNEL32.dll
 0001:0000004e       _SystemTimeToFileTime@8    1000104e f   kernel32:KERNEL32.dll
 0001:00000054       _QueryPerformanceCounter@4 10001054 f   kernel32:KERNEL32.dll
 0001:0000005a       _HeapFree@12               1000105a f   kernel32:KERNEL32.dll
 0001:00000060       _WaitForSingleObject@8     10001060 f   kernel32:KERNEL32.dll
 0001:00000066       _UnlockFile@20             10001066 f   kernel32:KERNEL32.dll
 0001:0000006c       _LockFile@20               1000106c f   kernel32:KERNEL32.dll
 0001:00000072       _OutputDebugStringW@4      10001072 f   kernel32:KERNEL32.dll
 0001:00000078       _GetTickCount@0            10001078 f   kernel32:KERNEL32.dll
 0001:0000007e       _UnlockFileEx@20           1000107e f   kernel32:KERNEL32.dll
 0001:00000084       _GetProcessHeap@0          10001084 f   kernel32:KERNEL32.dll
 0001:0000008a       _GetSystemTimeAsFileTime@4 1000108a f   kernel32:KERNEL32.dll
 0001:00000090       _FormatMessageA@28         10001090 f   kernel32:KERNEL32.dll
 0001:00000096       _WriteFile@20              10001096 f   kernel32:KERNEL32.dll
 0001:0000009c       _WideCharToMultiByte@32    1000109c f   kernel32:KERNEL32.dll
 0001:000000a2       _LoadLibraryW@4            100010a2 f   kernel32:KERNEL32.dll
 0001:000000a8       _Sleep@4                   100010a8 f   kernel32:KERNEL32.dll
 0001:000000ae       _FormatMessageW@28         100010ae f   kernel32:KERNEL32.dll
 0001:000000b4       _GetVersionExW@4           100010b4 f   kernel32:KERNEL32.dll
 0001:000000ba       _HeapDestroy@4             100010ba f   kernel32:KERNEL32.dll
 0001:000000c0       _GetFileAttributesA@4      100010c0 f   kernel32:KERNEL32.dll
 0001:000000c6       _HeapCreate@12             100010c6 f   kernel32:KERNEL32.dll
 0001:000000cc       _HeapValidate@12           100010cc f   kernel32:KERNEL32.dll
 0001:000000d2       _GetFileAttributesW@4      100010d2 f   kernel32:KERNEL32.dll
 0001:000000d8       _ReadFile@20               100010d8 f   kernel32:KERNEL32.dll
 0001:000000de       _CreateFileW@28            100010de f   kernel32:KERNEL32.dll
 0001:000000e4       _MultiByteToWideChar@24    100010e4 f   kernel32:KERNEL32.dll
 0001:000000ea       _FlushFileBuffers@4        100010ea f   kernel32:KERNEL32.dll
 0001:000000f0       _GetTempPathW@8            100010f0 f   kernel32:KERNEL32.dll
 0001:000000f6       _GetLastError@0            100010f6 f   kernel32:KERNEL32.dll
 0001:000000fc       _GetProcAddress@8          100010fc f   kernel32:KERNEL32.dll
 0001:00000102       _HeapSize@12               10001102 f   kernel32:KERNEL32.dll
 0001:00000108       _LockFileEx@24             10001108 f   kernel32:KERNEL32.dll
 0001:0000010e       _GetDiskFreeSpaceW@20      1000110e f   kernel32:KERNEL32.dll
 0001:00000114       _LoadLibraryA@4            10001114 f   kernel32:KERNEL32.dll
 0001:0000011a       _CreateFileMappingA@24     1000111a f   kernel32:KERNEL32.dll
 0001:00000120       _CreateFileMappingW@24     10001120 f   kernel32:KERNEL32.dll
 0001:00000126       _GetDiskFreeSpaceA@20      10001126 f   kernel32:KERNEL32.dll
 0001:0000012c       _GetSystemInfo@4           1000112c f   kernel32:KERNEL32.dll
 0001:00000132       _GetFileAttributesExW@12   10001132 f   kernel32:KERNEL32.dll
 0001:00000138       _OutputDebugStringA@4      10001138 f   kernel32:KERNEL32.dll
 0001:0000013e       _GetVersionExA@4           1000113e f   kernel32:KERNEL32.dll
 0001:00000144       _CloseHandle@4             10001144 f   kernel32:KERNEL32.dll
 0001:0000014a       _DeleteFileW@4             1000114a f   kernel32:KERNEL32.dll
 0001:00000150       _GetCurrentProcessId@0     10001150 f   kernel32:KERNEL32.dll
 0001:00000156       _GetTempPathA@8            10001156 f   kernel32:KERNEL32.dll
 0001:0000015c       _LocalFree@4               1000115c f   kernel32:KERNEL32.dll
 0001:00000162       _GetSystemTime@4           10001162 f   kernel32:KERNEL32.dll
 0001:00000168       _AreFileApisANSI@0         10001168 f   kernel32:KERNEL32.dll
 0001:0000016e       _DeleteFileA@4             1000116e f   kernel32:KERNEL32.dll
 0001:00000174       @__security_check_cookie@4 10001174 f   MSVCRT:secchk.obj
 0001:00000183       ___raise_securityfailure   10001183 f   MSVCRT:gs_report.obj
 0001:000001c0       ___report_gsfailure        100011c0 f   MSVCRT:gs_report.obj
 0001:000002b9       ___report_rangecheckfailure 100012b9 f   MSVCRT:gs_report.obj
 0001:000002c5       ___report_securityfailure  100012c5 f   MSVCRT:gs_report.obj
 0001:000003df       __CRT_INIT@12              100013df f   MSVCRT:crtdll.obj
 0001:000005d4       __DllMainCRTStartup@12     100015d4 f   MSVCRT:crtdll.obj
 0001:0000072a       __crt_debugger_hook        1000172a f   MSVCRT:MSVCR110.dll
 0001:00000730       ___crtUnhandledException   10001730 f   MSVCRT:MSVCR110.dll
 0001:00000736       ___crtTerminateProcess     10001736 f   MSVCRT:MSVCR110.dll
 0001:0000073c       ___CppXcptFilter           1000173c f   MSVCRT:MSVCR110.dll
 0001:00000742       __amsg_exit                10001742 f   MSVCRT:MSVCR110.dll
 0001:00000750       __FindPESection            10001750 f   MSVCRT:pesect.obj
 0001:000007a0       __IsNonwritableInCurrentImage 100017a0 f   MSVCRT:pesect.obj
 0001:00000860       __ValidateImageBase        10001860 f   MSVCRT:pesect.obj
 0001:00000891       ___atonexitinit            10001891 f   MSVCRT:atonexit.obj
 0001:000008cd       __onexit                   100018cd f   MSVCRT:atonexit.obj
 0001:00000972       _atexit                    10001972 f   MSVCRT:atonexit.obj
 0001:00000987       ___security_init_cookie    10001987 f   MSVCRT:gs_support.obj
 0001:00000a21       _DllMain@12                10001a21 f   MSVCRT:dllmain.obj
 0001:00000a43       __RTC_Initialize           10001a43 f   MSVCRT:initsect.obj
 0001:00000a63       __RTC_Terminate            10001a63 f   MSVCRT:initsect.obj
 0001:00000a84       __initterm                 10001a84 f   MSVCRT:MSVCR110.dll
 0001:00000a8a       __initterm_e               10001a8a f   MSVCRT:MSVCR110.dll
 0001:00000a90       ___clean_type_info_names   10001a90 f   MSVCRT:tncleanup.obj
 0001:00000aa0       __SEH_prolog4              10001aa0 f   MSVCRT:sehprolg4.obj
 0001:00000ae5       __SEH_epilog4              10001ae5 f   MSVCRT:sehprolg4.obj
 0001:00000af9       __except_handler4          10001af9 f   MSVCRT:chandler4gs.obj
 0001:00000b1c       __lock                     10001b1c f   MSVCRT:MSVCR110.dll
 0001:00000b22       __unlock                   10001b22 f   MSVCRT:MSVCR110.dll
 0001:00000b28       ___dllonexit               10001b28 f   MSVCRT:MSVCR110.dll
 0001:00000b2e       ___clean_type_info_names_internal 10001b2e f   MSVCRT:MSVCR110.dll
 0001:00000b34       __except_handler4_common   10001b34 f   MSVCRT:MSVCR110.dll
 0001:00000b3a       _IsProcessorFeaturePresent@4 10001b3a f   kernel32:KERNEL32.dll
 0001:00000ba8       ?System.Data.SQLite.AssemblySourceIdAttribute..ctor@@2001010O 10001ba8 f   System.Data.SQLite.netmodule
 0001:00000bc4       ?System.Data.SQLite.AssemblySourceIdAttribute.get_SourceId@@20000O 10001bc4 f   System.Data.SQLite.netmodule
 0001:00000bd8       ?System.Data.SQLite.AssemblySourceTimeStampAttribute..ctor@@2001010O 10001bd8 f   System.Data.SQLite.netmodule
 0001:00000bf4       ?System.Data.SQLite.AssemblySourceTimeStampAttribute.get_SourceTimeStamp@@20000O 10001bf4 f   System.Data.SQLite.netmodule
 0001:00000c08       ?System.Data.SQLite.SQLiteConvert..ctor@@2003011180K41180850O 10001c08 f   System.Data.SQLite.netmodule
 0001:00000c30       ?System.Data.SQLite.SQLiteConvert.ToUTF8@@00011N050O 10001c30 f   System.Data.SQLite.netmodule
 0001:00000c6c       ?System.Data.SQLite.SQLiteConvert.ToUTF8@@20011N05117N 10001c6c f   System.Data.SQLite.netmodule
 0001:00000c88       ?System.Data.SQLite.SQLiteConvert.ToString@@20020O1808 10001c88 f   System.Data.SQLite.netmodule
 0001:00000c9c       ?System.Data.SQLite.SQLiteConvert.UTF8ToString@@00020O1808 10001c9c f   System.Data.SQLite.netmodule
 0001:00000cfc       ?System.Data.SQLite.SQLiteConvert.ToDateTime@@2001117N0O 10001cfc f   System.Data.SQLite.netmodule
 0001:00000d24       ?System.Data.SQLite.SQLiteConvert.ToDateTime@@0004117N0O1180K41180850O 10001d24 f   System.Data.SQLite.netmodule
 0001:00000e40       ?System.Data.SQLite.SQLiteConvert.ToDateTime@@2001117N0N 10001e40 f   System.Data.SQLite.netmodule
 0001:00000e5c       ?System.Data.SQLite.SQLiteConvert.ToDateTime@@0002117N0N118085 10001e5c f   System.Data.SQLite.netmodule
 0001:00000e7c       ?System.Data.SQLite.SQLiteConvert.ToDateTime@@0002117N08118085 10001e7c f   System.Data.SQLite.netmodule
 0001:00000ea0       ?System.Data.SQLite.SQLiteConvert.ToDateTime@@0002117N0K118085 10001ea0 f   System.Data.SQLite.netmodule
 0001:00000eb4       ?System.Data.SQLite.SQLiteConvert.ToJulianDay@@00010N117N 10001eb4 f   System.Data.SQLite.netmodule
 0001:00000ed0       ?System.Data.SQLite.SQLiteConvert.ToUnixEpoch@@00010K117N 10001ed0 f   System.Data.SQLite.netmodule
 0001:00000ef8       ?System.Data.SQLite.SQLiteConvert.GetDateTimeKindFormat@@00020O1180850O 10001ef8 f   System.Data.SQLite.netmodule
 0001:00000f1c       ?System.Data.SQLite.SQLiteConvert.ToString@@20010O117N 10001f1c f   System.Data.SQLite.netmodule
 0001:00000f44       ?System.Data.SQLite.SQLiteConvert.ToString@@00040O117N1180K41180850O 10001f44 f   System.Data.SQLite.netmodule
 0001:00001034       ?System.Data.SQLite.SQLiteConvert.ToDateTime@@2002117N1808 10002034 f   System.Data.SQLite.netmodule
 0001:00001050       ?System.Data.SQLite.SQLiteConvert.Split@@00021N0O0O03 10002050 f   System.Data.SQLite.netmodule
 0001:000011ac       ?System.Data.SQLite.SQLiteConvert.NewSplit@@00041N0O0O0302100O 100021ac f   System.Data.SQLite.netmodule
 0001:000012bc       ?System.Data.SQLite.SQLiteConvert.ToStringWithProvider@@00020O1M128089 100022bc f   System.Data.SQLite.netmodule
 0001:000012f8       ?System.Data.SQLite.SQLiteConvert.ToBoolean@@0003021M12808902 100022f8 f   System.Data.SQLite.netmodule
 0001:00001464       ?System.Data.SQLite.SQLiteConvert.ToBoolean@@0001021M 10002464 f   System.Data.SQLite.netmodule
 0001:00001490       ?System.Data.SQLite.SQLiteConvert.ToBoolean@@0001020O 10002490 f   System.Data.SQLite.netmodule
 0001:0000158c       ?System.Data.SQLite.SQLiteConvert.SQLiteTypeToType@@000112808N1280LM 1000258c f   System.Data.SQLite.netmodule
 0001:000015bc       ?System.Data.SQLite.SQLiteConvert.TypeToDbType@@0001117912808N 100025bc f   System.Data.SQLite.netmodule
 0001:00001608       ?System.Data.SQLite.SQLiteConvert.DbTypeToColumnSize@@0001081179 10002608 f   System.Data.SQLite.netmodule
 0001:0000161c       ?System.Data.SQLite.SQLiteConvert.DbTypeToNumericPrecision@@00011M1179 1000261c f   System.Data.SQLite.netmodule
 0001:00001630       ?System.Data.SQLite.SQLiteConvert.DbTypeToNumericScale@@00011M1179 10002630 f   System.Data.SQLite.netmodule
 0001:00001644       ?System.Data.SQLite.SQLiteConvert.GetDefaultTypeName@@00010O1248 10002644 f   System.Data.SQLite.netmodule
 0001:00001688       ?System.Data.SQLite.SQLiteConvert.DefaultTypeNameWarning@@000301117911300O 10002688 f   System.Data.SQLite.netmodule
 0001:000016cc       ?System.Data.SQLite.SQLiteConvert.DefaultDbTypeWarning@@0003010O113015118091011179 100026cc f   System.Data.SQLite.netmodule
 0001:00001718       ?System.Data.SQLite.SQLiteConvert.DbTypeToTypeName@@00030O124811791130 10002718 f   System.Data.SQLite.netmodule
 0001:00001808       ?System.Data.SQLite.SQLiteConvert.DbTypeToType@@000112808N1179 10002808 f   System.Data.SQLite.netmodule
 0001:0000181c       ?System.Data.SQLite.SQLiteConvert.TypeToAffinity@@000111809M12808N 1000281c f   System.Data.SQLite.netmodule
 0001:00001864       ?System.Data.SQLite.SQLiteConvert.GetSQLiteDbTypeMap@@00001280M0 10002864 f   System.Data.SQLite.netmodule
 0001:00001d20       ?System.Data.SQLite.SQLiteConvert.IsStringDbType@@0001021179 10002d20 f   System.Data.SQLite.netmodule
 0001:00001d50       ?System.Data.SQLite.SQLiteConvert.GetDefaultDbType@@000111791248 10002d50 f   System.Data.SQLite.netmodule
 0001:00001db0       ?System.Data.SQLite.SQLiteConvert.LooksLikeNull@@0001020O 10002db0 f   System.Data.SQLite.netmodule
 0001:00001dc4       ?System.Data.SQLite.SQLiteConvert.LooksLikeInt64@@0001020O 10002dc4 f   System.Data.SQLite.netmodule
 0001:00001df8       ?System.Data.SQLite.SQLiteConvert.LooksLikeDouble@@0001020O 10002df8 f   System.Data.SQLite.netmodule
 0001:00001e30       ?System.Data.SQLite.SQLiteConvert.LooksLikeDateTime@@00020212140O 10002e30 f   System.Data.SQLite.netmodule
 0001:00001e84       ?System.Data.SQLite.SQLiteConvert.TypeNameToDbType@@0003117912480O1130 10002e84 f   System.Data.SQLite.netmodule
 0001:00002024       ?System.Data.SQLite.SQLiteConvert..cctor@@000001 10003024 f   System.Data.SQLite.netmodule
 0001:000026b4       ?System.Data.SQLite.SQLiteBase..ctor@@2003011180K41180850O 100036b4 f   System.Data.SQLite.netmodule
 0001:000026cc       ?System.Data.SQLite.SQLiteBase.Dispose@@200001 100036cc f   System.Data.SQLite.netmodule
 0001:000026e8       ?System.Data.SQLite.SQLiteBase.CheckDisposed@@200001 100036e8 f   System.Data.SQLite.netmodule
 0001:00002714       ?System.Data.SQLite.SQLiteBase.Dispose@@20010102 10003714 f   System.Data.SQLite.netmodule
 0001:00002730       ?System.Data.SQLite.SQLiteBase.Finalize@@200001 10003730 f   System.Data.SQLite.netmodule
 0001:0000276c       ?System.Data.SQLite.SQLiteBase.FallbackGetErrorString@@00010O1180O0 1000376c f   System.Data.SQLite.netmodule
 0001:0000279c       ?System.Data.SQLite.SQLiteBase.GetErrorString@@00010O1180O0 1000379c f   System.Data.SQLite.netmodule
 0001:000027f0       ?System.Data.SQLite.SQLiteBase.GetLastError@@00020O1281LM18 100037f0 f   System.Data.SQLite.netmodule
 0001:00002894       ?System.Data.SQLite.SQLiteBase.FinishBackup@@0002011281LM18 10003894 f   System.Data.SQLite.netmodule
 0001:00002914       ?System.Data.SQLite.SQLiteBase.FinalizeStatement@@0002011281LM18 10003914 f   System.Data.SQLite.netmodule
 0001:00002994       ?System.Data.SQLite.SQLiteBase.CloseConnection@@0002011281LM18 10003994 f   System.Data.SQLite.netmodule
 0001:00002a1c       ?System.Data.SQLite.SQLiteBase.CloseConnectionV2@@0002011281LM18 10003a1c f   System.Data.SQLite.netmodule
 0001:00002aa4       ?System.Data.SQLite.SQLiteBase.ResetConnection@@0003021281LM1802 10003aa4 f   System.Data.SQLite.netmodule
 0001:00002bd0       ?System.Data.SQLite.SQLiteBase.IsAutocommit@@0002021281LM18 10003bd0 f   System.Data.SQLite.netmodule
 0001:00002c64       ?System.Data.SQLite.SQLiteBase..cctor@@000001 10003c64 f   System.Data.SQLite.netmodule
 0001:00002d7c       ?System.Data.SQLite.SQLite3..ctor@@2006011180K41180850O180O02 10003d7c f   System.Data.SQLite.netmodule
 0001:00002e08       ?System.Data.SQLite.SQLite3.CheckDisposed@@200001 10003e08 f   System.Data.SQLite.netmodule
 0001:00002e34       ?System.Data.SQLite.SQLite3.Dispose@@20010102 10003e34 f   System.Data.SQLite.netmodule
 0001:00002e84       ?System.Data.SQLite.SQLite3.DisposeModules@@200001 10003e84 f   System.Data.SQLite.netmodule
 0001:00002f00       ?System.Data.SQLite.SQLite3.Close@@20010102 10003f00 f   System.Data.SQLite.netmodule
 0001:00002f7c       ?System.Data.SQLite.SQLite3.Cancel@@200001 10003f7c f   System.Data.SQLite.netmodule
 0001:00002f9c       ?System.Data.SQLite.SQLite3.BindFunction@@2003011281101280O81130 10003f9c f   System.Data.SQLite.netmodule
 0001:00002fd4       ?System.Data.SQLite.SQLite3.get_Version@@20000O 10003fd4 f   System.Data.SQLite.netmodule
 0001:00002fe8       ?System.Data.SQLite.SQLite3.get_VersionNumber@@200008 10003fe8 f   System.Data.SQLite.netmodule
 0001:00002ffc       ?System.Data.SQLite.SQLite3.get_DefineConstants@@00000O 10003ffc f   System.Data.SQLite.netmodule
 0001:0000307c       ?System.Data.SQLite.SQLite3.get_SQLiteVersion@@00000O 1000407c f   System.Data.SQLite.netmodule
 0001:00003094       ?System.Data.SQLite.SQLite3.get_SQLiteVersionNumber@@000008 10004094 f   System.Data.SQLite.netmodule
 0001:000030a8       ?System.Data.SQLite.SQLite3.get_SQLiteSourceId@@00000O 100040a8 f   System.Data.SQLite.netmodule
 0001:000030c0       ?System.Data.SQLite.SQLite3.get_SQLiteCompileOptions@@00000O 100040c0 f   System.Data.SQLite.netmodule
 0001:00003120       ?System.Data.SQLite.SQLite3.get_InteropVersion@@00000O 10004120 f   System.Data.SQLite.netmodule
 0001:00003138       ?System.Data.SQLite.SQLite3.get_InteropSourceId@@00000O 10004138 f   System.Data.SQLite.netmodule
 0001:00003150       ?System.Data.SQLite.SQLite3.get_InteropCompileOptions@@00000O 10004150 f   System.Data.SQLite.netmodule
 0001:000031b0       ?System.Data.SQLite.SQLite3.get_AutoCommit@@200002 100041b0 f   System.Data.SQLite.netmodule
 0001:000031d4       ?System.Data.SQLite.SQLite3.get_LastInsertRowId@@20000K 100041d4 f   System.Data.SQLite.netmodule
 0001:000031f4       ?System.Data.SQLite.SQLite3.get_Changes@@200008 100041f4 f   System.Data.SQLite.netmodule
 0001:00003214       ?System.Data.SQLite.SQLite3.get_MemoryUsed@@20000K 10004214 f   System.Data.SQLite.netmodule
 0001:00003228       ?System.Data.SQLite.SQLite3.get_StaticMemoryUsed@@00000K 10004228 f   System.Data.SQLite.netmodule
 0001:0000323c       ?System.Data.SQLite.SQLite3.get_MemoryHighwater@@20000K 1000423c f   System.Data.SQLite.netmodule
 0001:00003250       ?System.Data.SQLite.SQLite3.get_StaticMemoryHighwater@@00000K 10004250 f   System.Data.SQLite.netmodule
 0001:00003264       ?System.Data.SQLite.SQLite3.get_OwnHandle@@200002 10004264 f   System.Data.SQLite.netmodule
 0001:00003290       ?System.Data.SQLite.SQLite3.SetMemoryStatus@@20011180O002 10004290 f   System.Data.SQLite.netmodule
 0001:000032a4       ?System.Data.SQLite.SQLite3.StaticSetMemoryStatus@@00011180O002 100042a4 f   System.Data.SQLite.netmodule
 0001:000032c4       ?System.Data.SQLite.SQLite3.ReleaseMemory@@20001180O0 100042c4 f   System.Data.SQLite.netmodule
 0001:000032e4       ?System.Data.SQLite.SQLite3.StaticReleaseMemory@@00061180O0080202100810021009 100042e4 f   System.Data.SQLite.netmodule
 0001:0000332c       ?System.Data.SQLite.SQLite3.Shutdown@@20001180O0 1000432c f   System.Data.SQLite.netmodule
 0001:00003340       ?System.Data.SQLite.SQLite3.StaticShutdown@@00011180O002 10004340 f   System.Data.SQLite.netmodule
 0001:00003374       ?System.Data.SQLite.SQLite3.IsOpen@@200002 10004374 f   System.Data.SQLite.netmodule
 0001:000033a8       ?System.Data.SQLite.SQLite3.Open@@2005010O1130112M0802 100043a8 f   System.Data.SQLite.netmodule
 0001:00003538       ?System.Data.SQLite.SQLite3.ClearPool@@200001 10004538 f   System.Data.SQLite.netmodule
 0001:00003550       ?System.Data.SQLite.SQLite3.CountPool@@200008 10004550 f   System.Data.SQLite.netmodule
 0001:0000357c       ?System.Data.SQLite.SQLite3.SetTimeout@@20010108 1000457c f   System.Data.SQLite.netmodule
 0001:000035c8       ?System.Data.SQLite.SQLite3.Step@@200102128138 100045c8 f   System.Data.SQLite.netmodule
 0001:00003670       ?System.Data.SQLite.SQLite3.Reset@@20011180O0128138 10004670 f   System.Data.SQLite.netmodule
 0001:00003720       ?System.Data.SQLite.SQLite3.GetLastError@@20000O 10004720 f   System.Data.SQLite.netmodule
 0001:00003734       ?System.Data.SQLite.SQLite3.GetLastError@@20010O0O 10004734 f   System.Data.SQLite.netmodule
 0001:00003764       ?System.Data.SQLite.SQLite3.Prepare@@200512813812480O12813809100O 10004764 f   System.Data.SQLite.netmodule
 0001:00003b24       ?System.Data.SQLite.SQLite3.LogBind@@0002011281M008 10004b24 f   System.Data.SQLite.netmodule
 0001:00003b68       ?System.Data.SQLite.SQLite3.LogBind@@0003011281M0081251 10004b68 f   System.Data.SQLite.netmodule
 0001:00003bb4       ?System.Data.SQLite.SQLite3.FormatDateTime@@00010O117N 10004bb4 f   System.Data.SQLite.netmodule
 0001:00003c14       ?System.Data.SQLite.SQLite3.LogBind@@0003011281M008117N 10004c14 f   System.Data.SQLite.netmodule
 0001:00003c68       ?System.Data.SQLite.SQLite3.LogBind@@0003011281M0080O 10004c68 f   System.Data.SQLite.netmodule
 0001:00003cc0       ?System.Data.SQLite.SQLite3.ToHexadecimalString@@00010O1N05 10004cc0 f   System.Data.SQLite.netmodule
 0001:00003d0c       ?System.Data.SQLite.SQLite3.LogBind@@0003011281M0081N05 10004d0c f   System.Data.SQLite.netmodule
 0001:00003d6c       ?System.Data.SQLite.SQLite3.Bind_Double@@2004011281381130080N 10004d6c f   System.Data.SQLite.netmodule
 0001:00003db4       ?System.Data.SQLite.SQLite3.Bind_Int32@@20040112813811300808 10004db4 f   System.Data.SQLite.netmodule
 0001:00003dfc       ?System.Data.SQLite.SQLite3.Bind_UInt32@@20040112813811300809 10004dfc f   System.Data.SQLite.netmodule
 0001:00003e60       ?System.Data.SQLite.SQLite3.Bind_Int64@@2004011281381130080K 10004e60 f   System.Data.SQLite.netmodule
 0001:00003ea8       ?System.Data.SQLite.SQLite3.Bind_UInt64@@2004011281381130080L 10004ea8 f   System.Data.SQLite.netmodule
 0001:00003ef0       ?System.Data.SQLite.SQLite3.Bind_Text@@2004011281381130080O 10004ef0 f   System.Data.SQLite.netmodule
 0001:00003f54       ?System.Data.SQLite.SQLite3.Bind_DateTime@@200401128138113008117N 10004f54 f   System.Data.SQLite.netmodule
 0001:000040b0       ?System.Data.SQLite.SQLite3.Bind_Blob@@2004011281381130081N05 100050b0 f   System.Data.SQLite.netmodule
 0001:000040fc       ?System.Data.SQLite.SQLite3.Bind_Null@@200301128138113008 100050fc f   System.Data.SQLite.netmodule
 0001:0000413c       ?System.Data.SQLite.SQLite3.Bind_ParamCount@@2002081281381130 1000513c f   System.Data.SQLite.netmodule
 0001:00004198       ?System.Data.SQLite.SQLite3.Bind_ParamName@@20030O128138113008 10005198 f   System.Data.SQLite.netmodule
 0001:00004204       ?System.Data.SQLite.SQLite3.Bind_ParamIndex@@20030812813811300O 10005204 f   System.Data.SQLite.netmodule
 0001:0000426c       ?System.Data.SQLite.SQLite3.ColumnCount@@200108128138 1000526c f   System.Data.SQLite.netmodule
 0001:0000428c       ?System.Data.SQLite.SQLite3.ColumnName@@20020O12813808 1000528c f   System.Data.SQLite.netmodule
 0001:000042d0       ?System.Data.SQLite.SQLite3.ColumnAffinity@@200211809M12813808 100052d0 f   System.Data.SQLite.netmodule
 0001:000042f0       ?System.Data.SQLite.SQLite3.ColumnType@@20030O128138081011809M 100052f0 f   System.Data.SQLite.netmodule
 0001:00004350       ?System.Data.SQLite.SQLite3.ColumnIndex@@2002081281380O 10005350 f   System.Data.SQLite.netmodule
 0001:00004388       ?System.Data.SQLite.SQLite3.ColumnOriginalName@@20020O12813808 10005388 f   System.Data.SQLite.netmodule
 0001:000043b0       ?System.Data.SQLite.SQLite3.ColumnDatabaseName@@20020O12813808 100053b0 f   System.Data.SQLite.netmodule
 0001:000043d8       ?System.Data.SQLite.SQLite3.ColumnTableName@@20020O12813808 100053d8 f   System.Data.SQLite.netmodule
 0001:00004400       ?System.Data.SQLite.SQLite3.ColumnMetaData@@2008010O0O0O100O100O100210021002 10005400 f   System.Data.SQLite.netmodule
 0001:0000447c       ?System.Data.SQLite.SQLite3.GetDouble@@20020N12813808 1000547c f   System.Data.SQLite.netmodule
 0001:0000449c       ?System.Data.SQLite.SQLite3.GetSByte@@20020412813808 1000549c f   System.Data.SQLite.netmodule
 0001:000044b8       ?System.Data.SQLite.SQLite3.GetByte@@20020512813808 100054b8 f   System.Data.SQLite.netmodule
 0001:000044d4       ?System.Data.SQLite.SQLite3.GetInt16@@20020612813808 100054d4 f   System.Data.SQLite.netmodule
 0001:000044f0       ?System.Data.SQLite.SQLite3.GetUInt16@@20020712813808 100054f0 f   System.Data.SQLite.netmodule
 0001:0000450c       ?System.Data.SQLite.SQLite3.GetInt32@@20020812813808 1000550c f   System.Data.SQLite.netmodule
 0001:0000452c       ?System.Data.SQLite.SQLite3.GetUInt32@@20020912813808 1000552c f   System.Data.SQLite.netmodule
 0001:00004544       ?System.Data.SQLite.SQLite3.GetInt64@@20020K12813808 10005544 f   System.Data.SQLite.netmodule
 0001:00004564       ?System.Data.SQLite.SQLite3.GetUInt64@@20020L12813808 10005564 f   System.Data.SQLite.netmodule
 0001:0000457c       ?System.Data.SQLite.SQLite3.GetText@@20020O12813808 1000557c f   System.Data.SQLite.netmodule
 0001:000045a4       ?System.Data.SQLite.SQLite3.GetDateTime@@2002117N12813808 100055a4 f   System.Data.SQLite.netmodule
 0001:00004624       ?System.Data.SQLite.SQLite3.GetBytes@@20060K12813808081N050808 10005624 f   System.Data.SQLite.netmodule
 0001:000046a0       ?System.Data.SQLite.SQLite3.GetChars@@20060K12813808081N030808 100056a0 f   System.Data.SQLite.netmodule
 0001:000046fc       ?System.Data.SQLite.SQLite3.IsNull@@20020212813808 100056fc f   System.Data.SQLite.netmodule
 0001:00004714       ?System.Data.SQLite.SQLite3.AggregateCount@@20010818 10005714 f   System.Data.SQLite.netmodule
 0001:00004728       ?System.Data.SQLite.SQLite3.CreateFunction@@2006010O08021280P81280P81280PM 10005728 f   System.Data.SQLite.netmodule
 0001:000047a0       ?System.Data.SQLite.SQLite3.CreateCollation@@2003010O128100128100 100057a0 f   System.Data.SQLite.netmodule
 0001:000047fc       ?System.Data.SQLite.SQLite3.ContextCollateCompare@@200408118108180O0O 100057fc f   System.Data.SQLite.netmodule
 0001:00004858       ?System.Data.SQLite.SQLite3.ContextCollateCompare@@200408118108181N031N03 10005858 f   System.Data.SQLite.netmodule
 0001:000048b4       ?System.Data.SQLite.SQLite3.GetCollationSequence@@200211810M1280O818 100058b4 f   System.Data.SQLite.netmodule
 0001:00004900       ?System.Data.SQLite.SQLite3.GetParamValueBytes@@20050K18081N050808 10005900 f   System.Data.SQLite.netmodule
 0001:00004960       ?System.Data.SQLite.SQLite3.GetParamValueDouble@@20010N18 10005960 f   System.Data.SQLite.netmodule
 0001:00004978       ?System.Data.SQLite.SQLite3.GetParamValueInt32@@20010818 10005978 f   System.Data.SQLite.netmodule
 0001:0000498c       ?System.Data.SQLite.SQLite3.GetParamValueInt64@@20010K18 1000598c f   System.Data.SQLite.netmodule
 0001:000049a4       ?System.Data.SQLite.SQLite3.GetParamValueText@@20010O18 100059a4 f   System.Data.SQLite.netmodule
 0001:000049c0       ?System.Data.SQLite.SQLite3.GetParamValueType@@200111809M18 100059c0 f   System.Data.SQLite.netmodule
 0001:000049d4       ?System.Data.SQLite.SQLite3.ReturnBlob@@200201181N05 100059d4 f   System.Data.SQLite.netmodule
 0001:000049f4       ?System.Data.SQLite.SQLite3.ReturnDouble@@200201180N 100059f4 f   System.Data.SQLite.netmodule
 0001:00004a08       ?System.Data.SQLite.SQLite3.ReturnError@@200201180O 10005a08 f   System.Data.SQLite.netmodule
 0001:00004a28       ?System.Data.SQLite.SQLite3.ReturnInt32@@2002011808 10005a28 f   System.Data.SQLite.netmodule
 0001:00004a3c       ?System.Data.SQLite.SQLite3.ReturnInt64@@200201180K 10005a3c f   System.Data.SQLite.netmodule
 0001:00004a50       ?System.Data.SQLite.SQLite3.ReturnNull@@20010118 10005a50 f   System.Data.SQLite.netmodule
 0001:00004a64       ?System.Data.SQLite.SQLite3.ReturnText@@200201180O 10005a64 f   System.Data.SQLite.netmodule
 0001:00004a90       ?System.Data.SQLite.SQLite3.CreateModule@@2002011282181130 10005a90 f   System.Data.SQLite.netmodule
 0001:00004b60       ?System.Data.SQLite.SQLite3.DisposeModule@@2002011282181130 10005b60 f   System.Data.SQLite.netmodule
 0001:00004b84       ?System.Data.SQLite.SQLite3.AggregateContext@@20011818 10005b84 f   System.Data.SQLite.netmodule
 0001:00004b98       ?System.Data.SQLite.SQLite3.DeclareVirtualTable@@20031180O01282180O100O 10005b98 f   System.Data.SQLite.netmodule
 0001:00004c28       ?System.Data.SQLite.SQLite3.DeclareVirtualFunction@@20041180O0128218080O100O 10005c28 f   System.Data.SQLite.netmodule
 0001:00004cb0       ?System.Data.SQLite.SQLite3.SetLoadExtension@@20010102 10005cb0 f   System.Data.SQLite.netmodule
 0001:00004ce8       ?System.Data.SQLite.SQLite3.LoadExtension@@2002010O0O 10005ce8 f   System.Data.SQLite.netmodule
 0001:00004d9c       ?System.Data.SQLite.SQLite3.SetExtendedResultCodes@@20010102 10005d9c f   System.Data.SQLite.netmodule
 0001:00004dd4       ?System.Data.SQLite.SQLite3.ResultCode@@20001180O0 10005dd4 f   System.Data.SQLite.netmodule
 0001:00004df4       ?System.Data.SQLite.SQLite3.ExtendedResultCode@@20001180O0 10005df4 f   System.Data.SQLite.netmodule
 0001:00004e14       ?System.Data.SQLite.SQLite3.LogMessage@@2002011180O00O 10005e14 f   System.Data.SQLite.netmodule
 0001:00004e28       ?System.Data.SQLite.SQLite3.StaticLogMessage@@0002011180O00O 10005e28 f   System.Data.SQLite.netmodule
 0001:00004e44       ?System.Data.SQLite.SQLite3.SetPassword@@2001011N05 10005e44 f   System.Data.SQLite.netmodule
 0001:00004e78       ?System.Data.SQLite.SQLite3.ChangePassword@@2001011N05 10005e78 f   System.Data.SQLite.netmodule
 0001:00004eb0       ?System.Data.SQLite.SQLite3.SetAuthorizerHook@@2001011250 10005eb0 f   System.Data.SQLite.netmodule
 0001:00004ed4       ?System.Data.SQLite.SQLite3.SetUpdateHook@@2001011254 10005ed4 f   System.Data.SQLite.netmodule
 0001:00004ef8       ?System.Data.SQLite.SQLite3.SetCommitHook@@2001011258 10005ef8 f   System.Data.SQLite.netmodule
 0001:00004f1c       ?System.Data.SQLite.SQLite3.SetTraceCallback@@200101125M 10005f1c f   System.Data.SQLite.netmodule
 0001:00004f40       ?System.Data.SQLite.SQLite3.SetRollbackHook@@2001011260 10005f40 f   System.Data.SQLite.netmodule
 0001:00004f64       ?System.Data.SQLite.SQLite3.SetLogCallback@@20011180O01210 10005f64 f   System.Data.SQLite.netmodule
 0001:00004f80       ?System.Data.SQLite.SQLite3.InitializeBackup@@2003122412480O0O 10005f80 f   System.Data.SQLite.netmodule
 0001:000050cc       ?System.Data.SQLite.SQLite3.StepBackup@@2003021224081002 100060cc f   System.Data.SQLite.netmodule
 0001:00005158       ?System.Data.SQLite.SQLite3.RemainingBackup@@2001081224 10006158 f   System.Data.SQLite.netmodule
 0001:000051b0       ?System.Data.SQLite.SQLite3.PageCountBackup@@2001081224 100061b0 f   System.Data.SQLite.netmodule
 0001:00005208       ?System.Data.SQLite.SQLite3.FinishBackup@@2001011224 10006208 f   System.Data.SQLite.netmodule
 0001:00005280       ?System.Data.SQLite.SQLite3.IsInitialized@@200002 10006280 f   System.Data.SQLite.netmodule
 0001:00005294       ?System.Data.SQLite.SQLite3.StaticIsInitialized@@000002 10006294 f   System.Data.SQLite.netmodule
 0001:00005318       ?System.Data.SQLite.SQLite3.GetValue@@20041M1281381130081280LM 10006318 f   System.Data.SQLite.netmodule
 0001:00005548       ?System.Data.SQLite.SQLite3.GetCursorForTable@@2003081281380808 10006548 f   System.Data.SQLite.netmodule
 0001:00005568       ?System.Data.SQLite.SQLite3.GetRowIdForCursor@@20020K12813808 10006568 f   System.Data.SQLite.netmodule
 0001:00005590       ?System.Data.SQLite.SQLite3.GetIndexColumnExtendedInfo@@2006010O0O0O10081008100O 10006590 f   System.Data.SQLite.netmodule
 0001:000055e0       ?System.Data.SQLite.SQLite3.FileControl@@20031180O00O0818 100065e0 f   System.Data.SQLite.netmodule
 0001:0000560c       ?System.Data.SQLite.SQLite3..cctor@@000001 1000660c f   System.Data.SQLite.netmodule
 0001:00005624       ?System.Data.SQLite.SQLite3_UTF16..ctor@@2006011180K41180850O180O02 10006624 f   System.Data.SQLite.netmodule
 0001:00005640       ?System.Data.SQLite.SQLite3_UTF16.CheckDisposed@@200001 10006640 f   System.Data.SQLite.netmodule
 0001:0000566c       ?System.Data.SQLite.SQLite3_UTF16.Dispose@@20010102 1000666c f   System.Data.SQLite.netmodule
 0001:000056b0       ?System.Data.SQLite.SQLite3_UTF16.ToString@@20020O1808 100066b0 f   System.Data.SQLite.netmodule
 0001:000056cc       ?System.Data.SQLite.SQLite3_UTF16.UTF16ToString@@00020O1808 100066cc f   System.Data.SQLite.netmodule
 0001:00005704       ?System.Data.SQLite.SQLite3_UTF16.Open@@2005010O1130112M0802 10006704 f   System.Data.SQLite.netmodule
 0001:000058a0       ?System.Data.SQLite.SQLite3_UTF16.Bind_DateTime@@200401128138113008117N 100068a0 f   System.Data.SQLite.netmodule
 0001:00005908       ?System.Data.SQLite.SQLite3_UTF16.Bind_Text@@2004011281381130080O 10006908 f   System.Data.SQLite.netmodule
 0001:0000595c       ?System.Data.SQLite.SQLite3_UTF16.GetDateTime@@2002117N12813808 1000695c f   System.Data.SQLite.netmodule
 0001:000059d0       ?System.Data.SQLite.SQLite3_UTF16.ColumnName@@20020O12813808 100069d0 f   System.Data.SQLite.netmodule
 0001:00005a14       ?System.Data.SQLite.SQLite3_UTF16.GetText@@20020O12813808 10006a14 f   System.Data.SQLite.netmodule
 0001:00005a3c       ?System.Data.SQLite.SQLite3_UTF16.ColumnOriginalName@@20020O12813808 10006a3c f   System.Data.SQLite.netmodule
 0001:00005a64       ?System.Data.SQLite.SQLite3_UTF16.ColumnDatabaseName@@20020O12813808 10006a64 f   System.Data.SQLite.netmodule
 0001:00005a8c       ?System.Data.SQLite.SQLite3_UTF16.ColumnTableName@@20020O12813808 10006a8c f   System.Data.SQLite.netmodule
 0001:00005ab4       ?System.Data.SQLite.SQLite3_UTF16.GetParamValueText@@20010O18 10006ab4 f   System.Data.SQLite.netmodule
 0001:00005ad0       ?System.Data.SQLite.SQLite3_UTF16.ReturnError@@200201180O 10006ad0 f   System.Data.SQLite.netmodule
 0001:00005aec       ?System.Data.SQLite.SQLite3_UTF16.ReturnText@@200201180O 10006aec f   System.Data.SQLite.netmodule
 0001:00005b10       ?System.Data.SQLite.SQLiteBackup..ctor@@20060112181281M4181N05181N05 10006b10 f   System.Data.SQLite.netmodule
 0001:00005b50       ?System.Data.SQLite.SQLiteBackup.Dispose@@200001 10006b50 f   System.Data.SQLite.netmodule
 0001:00005b6c       ?System.Data.SQLite.SQLiteBackup.CheckDisposed@@200001 10006b6c f   System.Data.SQLite.netmodule
 0001:00005b98       ?System.Data.SQLite.SQLiteBackup.Dispose@@20010102 10006b98 f   System.Data.SQLite.netmodule
 0001:00005bfc       ?System.Data.SQLite.SQLiteBackup.Finalize@@200001 10006bfc f   System.Data.SQLite.netmodule
 0001:00005c38       ?System.Data.SQLite.SQLiteCommand..ctor@@200001 10006c38 f   System.Data.SQLite.netmodule
 0001:00005c50       ?System.Data.SQLite.SQLiteCommand..ctor@@2001010O 10006c50 f   System.Data.SQLite.netmodule
 0001:00005c68       ?System.Data.SQLite.SQLiteCommand..ctor@@2002010O1248 10006c68 f   System.Data.SQLite.netmodule
 0001:00005c80       ?System.Data.SQLite.SQLiteCommand..ctor@@2001011248 10006c80 f   System.Data.SQLite.netmodule
 0001:00005c98       ?System.Data.SQLite.SQLiteCommand..ctor@@2001011238 10006c98 f   System.Data.SQLite.netmodule
 0001:00005d44       ?System.Data.SQLite.SQLiteCommand..ctor@@2003010O124812813M 10006d44 f   System.Data.SQLite.netmodule
 0001:00005db8       ?System.Data.SQLite.SQLiteCommand.Check@@0001011238 10006db8 f   System.Data.SQLite.netmodule
 0001:00005ddc       ?System.Data.SQLite.SQLiteCommand.CheckDisposed@@200001 10006ddc f   System.Data.SQLite.netmodule
 0001:00005e08       ?System.Data.SQLite.SQLiteCommand.Dispose@@20010102 10006e08 f   System.Data.SQLite.netmodule
 0001:00005ef4       ?System.Data.SQLite.SQLiteCommand.GetFlags@@000111301238 10006ef4 f   System.Data.SQLite.netmodule
 0001:00005f40       ?System.Data.SQLite.SQLiteCommand.DisposeStatements@@200001 10006f40 f   System.Data.SQLite.netmodule
 0001:00005f8c       ?System.Data.SQLite.SQLiteCommand.ClearCommands@@200001 10006f8c f   System.Data.SQLite.netmodule
 0001:00005ff8       ?System.Data.SQLite.SQLiteCommand.BuildNextCommand@@2000128138 10006ff8 f   System.Data.SQLite.netmodule
 0001:0000611c       ?System.Data.SQLite.SQLiteCommand.GetStatement@@200112813808 1000711c f   System.Data.SQLite.netmodule
 0001:00006170       ?System.Data.SQLite.SQLiteCommand.Cancel@@200001 10007170 f   System.Data.SQLite.netmodule
 0001:000061a8       ?System.Data.SQLite.SQLiteCommand.get_CommandText@@20000O 100071a8 f   System.Data.SQLite.netmodule
 0001:000061c4       ?System.Data.SQLite.SQLiteCommand.set_CommandText@@2001010O 100071c4 f   System.Data.SQLite.netmodule
 0001:0000621c       ?System.Data.SQLite.SQLiteCommand.get_CommandTimeout@@200008 1000721c f   System.Data.SQLite.netmodule
 0001:00006238       ?System.Data.SQLite.SQLiteCommand.set_CommandTimeout@@20010108 10007238 f   System.Data.SQLite.netmodule
 0001:00006254       ?System.Data.SQLite.SQLiteCommand.get_CommandType@@20001180K1 10007254 f   System.Data.SQLite.netmodule
 0001:00006268       ?System.Data.SQLite.SQLiteCommand.set_CommandType@@2001011180K1 10007268 f   System.Data.SQLite.netmodule
 0001:00006288       ?System.Data.SQLite.SQLiteCommand.CreateDbParameter@@20001255 10007288 f   System.Data.SQLite.netmodule
 0001:0000629c       ?System.Data.SQLite.SQLiteCommand.CreateParameter@@2000128130 1000729c f   System.Data.SQLite.netmodule
 0001:000062b4       ?System.Data.SQLite.SQLiteCommand.get_Connection@@20001248 100072b4 f   System.Data.SQLite.netmodule
 0001:000062d0       ?System.Data.SQLite.SQLiteCommand.set_Connection@@2001011248 100072d0 f   System.Data.SQLite.netmodule
 0001:00006334       ?System.Data.SQLite.SQLiteCommand.get_DbConnection@@20001229 10007334 f   System.Data.SQLite.netmodule
 0001:00006348       ?System.Data.SQLite.SQLiteCommand.set_DbConnection@@2001011229 10007348 f   System.Data.SQLite.netmodule
 0001:00006364       ?System.Data.SQLite.SQLiteCommand.get_Parameters@@2000128134 10007364 f   System.Data.SQLite.netmodule
 0001:00006380       ?System.Data.SQLite.SQLiteCommand.get_DbParameterCollection@@20001259 10007380 f   System.Data.SQLite.netmodule
 0001:00006394       ?System.Data.SQLite.SQLiteCommand.get_Transaction@@200012813M 10007394 f   System.Data.SQLite.netmodule
 0001:000063b0       ?System.Data.SQLite.SQLiteCommand.set_Transaction@@20010112813M 100073b0 f   System.Data.SQLite.netmodule
 0001:00006428       ?System.Data.SQLite.SQLiteCommand.get_DbTransaction@@2000125N 10007428 f   System.Data.SQLite.netmodule
 0001:0000643c       ?System.Data.SQLite.SQLiteCommand.set_DbTransaction@@200101125N 1000743c f   System.Data.SQLite.netmodule
 0001:00006458       ?System.Data.SQLite.SQLiteCommand.InitializeForReader@@200001 10007458 f   System.Data.SQLite.netmodule
 0001:000064e8       ?System.Data.SQLite.SQLiteCommand.ExecuteDbDataReader@@2001123N1180K5 100074e8 f   System.Data.SQLite.netmodule
 0001:000064fc       ?System.Data.SQLite.SQLiteCommand.Execute@@00041M0O1180L00O1N1M 100074fc f   System.Data.SQLite.netmodule
 0001:00006514       ?System.Data.SQLite.SQLiteCommand.Execute@@00051M0O1180L01180K50O1N1M 10007514 f   System.Data.SQLite.netmodule
 0001:00006624       ?System.Data.SQLite.SQLiteCommand.ExecuteReader@@20011280N01180K5 10007624 f   System.Data.SQLite.netmodule
 0001:00006654       ?System.Data.SQLite.SQLiteCommand.ExecuteReader@@20001280N0 10007654 f   System.Data.SQLite.netmodule
 0001:00006670       ?System.Data.SQLite.SQLiteCommand.ClearDataReader@@200001 10007670 f   System.Data.SQLite.netmodule
 0001:00006684       ?System.Data.SQLite.SQLiteCommand.ExecuteNonQuery@@200008 10007684 f   System.Data.SQLite.netmodule
 0001:000066a0       ?System.Data.SQLite.SQLiteCommand.ExecuteNonQuery@@2001081180K5 100076a0 f   System.Data.SQLite.netmodule
 0001:000066f8       ?System.Data.SQLite.SQLiteCommand.ExecuteScalar@@20001M 100076f8 f   System.Data.SQLite.netmodule
 0001:00006714       ?System.Data.SQLite.SQLiteCommand.ExecuteScalar@@20011M1180K5 10007714 f   System.Data.SQLite.netmodule
 0001:00006770       ?System.Data.SQLite.SQLiteCommand.Prepare@@200001 10007770 f   System.Data.SQLite.netmodule
 0001:00006784       ?System.Data.SQLite.SQLiteCommand.get_UpdatedRowSource@@200011809N 10007784 f   System.Data.SQLite.netmodule
 0001:000067a0       ?System.Data.SQLite.SQLiteCommand.set_UpdatedRowSource@@20010111809N 100077a0 f   System.Data.SQLite.netmodule
 0001:000067bc       ?System.Data.SQLite.SQLiteCommand.get_DesignTimeVisible@@200002 100077bc f   System.Data.SQLite.netmodule
 0001:000067d8       ?System.Data.SQLite.SQLiteCommand.set_DesignTimeVisible@@20010102 100077d8 f   System.Data.SQLite.netmodule
 0001:000067f8       ?System.Data.SQLite.SQLiteCommand.Clone@@20001M 100077f8 f   System.Data.SQLite.netmodule
 0001:00006814       ?System.Data.SQLite.SQLiteCommand..cctor@@000001 10007814 f   System.Data.SQLite.netmodule
 0001:0000682c       ?System.Data.SQLite.SQLiteCommandBuilder..ctor@@200001 1000782c f   System.Data.SQLite.netmodule
 0001:00006840       ?System.Data.SQLite.SQLiteCommandBuilder..ctor@@2001011280MM 10007840 f   System.Data.SQLite.netmodule
 0001:00006870       ?System.Data.SQLite.SQLiteCommandBuilder.CheckDisposed@@200001 10007870 f   System.Data.SQLite.netmodule
 0001:0000689c       ?System.Data.SQLite.SQLiteCommandBuilder.Dispose@@20010102 1000789c f   System.Data.SQLite.netmodule
 0001:000068e0       ?System.Data.SQLite.SQLiteCommandBuilder.ApplyParameterInfo@@20040112551280K91180KN02 100078e0 f   System.Data.SQLite.netmodule
 0001:0000690c       ?System.Data.SQLite.SQLiteCommandBuilder.GetParameterName@@20010O0O 1000790c f   System.Data.SQLite.netmodule
 0001:00006934       ?System.Data.SQLite.SQLiteCommandBuilder.GetParameterName@@20010O08 10007934 f   System.Data.SQLite.netmodule
 0001:00006964       ?System.Data.SQLite.SQLiteCommandBuilder.GetParameterPlaceholder@@20010O08 10007964 f   System.Data.SQLite.netmodule
 0001:00006978       ?System.Data.SQLite.SQLiteCommandBuilder.SetRowUpdatingHandler@@2001011239 10007978 f   System.Data.SQLite.netmodule
 0001:000069c0       ?System.Data.SQLite.SQLiteCommandBuilder.RowUpdatingEventHandler@@2002011M1280L1 100079c0 f   System.Data.SQLite.netmodule
 0001:000069d4       ?System.Data.SQLite.SQLiteCommandBuilder.get_DataAdapter@@20001280MM 100079d4 f   System.Data.SQLite.netmodule
 0001:000069f4       ?System.Data.SQLite.SQLiteCommandBuilder.set_DataAdapter@@2001011280MM 100079f4 f   System.Data.SQLite.netmodule
 0001:00006a10       ?System.Data.SQLite.SQLiteCommandBuilder.GetDeleteCommand@@20001238 10007a10 f   System.Data.SQLite.netmodule
 0001:00006a30       ?System.Data.SQLite.SQLiteCommandBuilder.GetDeleteCommand@@2001123802 10007a30 f   System.Data.SQLite.netmodule
 0001:00006a50       ?System.Data.SQLite.SQLiteCommandBuilder.GetUpdateCommand@@20001238 10007a50 f   System.Data.SQLite.netmodule
 0001:00006a70       ?System.Data.SQLite.SQLiteCommandBuilder.GetUpdateCommand@@2001123802 10007a70 f   System.Data.SQLite.netmodule
 0001:00006a90       ?System.Data.SQLite.SQLiteCommandBuilder.GetInsertCommand@@20001238 10007a90 f   System.Data.SQLite.netmodule
 0001:00006ab0       ?System.Data.SQLite.SQLiteCommandBuilder.GetInsertCommand@@2001123802 10007ab0 f   System.Data.SQLite.netmodule
 0001:00006ad0       ?System.Data.SQLite.SQLiteCommandBuilder.get_CatalogLocation@@20001180L5 10007ad0 f   System.Data.SQLite.netmodule
 0001:00006aec       ?System.Data.SQLite.SQLiteCommandBuilder.set_CatalogLocation@@2001011180L5 10007aec f   System.Data.SQLite.netmodule
 0001:00006b08       ?System.Data.SQLite.SQLiteCommandBuilder.get_CatalogSeparator@@20000O 10007b08 f   System.Data.SQLite.netmodule
 0001:00006b24       ?System.Data.SQLite.SQLiteCommandBuilder.set_CatalogSeparator@@2001010O 10007b24 f   System.Data.SQLite.netmodule
 0001:00006b40       ?System.Data.SQLite.SQLiteCommandBuilder.get_QuotePrefix@@20000O 10007b40 f   System.Data.SQLite.netmodule
 0001:00006b5c       ?System.Data.SQLite.SQLiteCommandBuilder.set_QuotePrefix@@2001010O 10007b5c f   System.Data.SQLite.netmodule
 0001:00006b78       ?System.Data.SQLite.SQLiteCommandBuilder.get_QuoteSuffix@@20000O 10007b78 f   System.Data.SQLite.netmodule
 0001:00006b94       ?System.Data.SQLite.SQLiteCommandBuilder.set_QuoteSuffix@@2001010O 10007b94 f   System.Data.SQLite.netmodule
 0001:00006bb0       ?System.Data.SQLite.SQLiteCommandBuilder.QuoteIdentifier@@20010O0O 10007bb0 f   System.Data.SQLite.netmodule
 0001:00006c18       ?System.Data.SQLite.SQLiteCommandBuilder.UnquoteIdentifier@@20010O0O 10007c18 f   System.Data.SQLite.netmodule
 0001:00006cbc       ?System.Data.SQLite.SQLiteCommandBuilder.get_SchemaSeparator@@20000O 10007cbc f   System.Data.SQLite.netmodule
 0001:00006cd8       ?System.Data.SQLite.SQLiteCommandBuilder.set_SchemaSeparator@@2001010O 10007cd8 f   System.Data.SQLite.netmodule
 0001:00006cf4       ?System.Data.SQLite.SQLiteCommandBuilder.GetSchemaTable@@20011280L91219 10007cf4 f   System.Data.SQLite.netmodule
 0001:00006d4c       ?System.Data.SQLite.SQLiteCommandBuilder.HasSchemaPrimaryKey@@2001021280L9 10007d4c f   System.Data.SQLite.netmodule
 0001:00006dd4       ?System.Data.SQLite.SQLiteCommandBuilder.ResetIsUniqueSchemaColumn@@2001011280L9 10007dd4 f   System.Data.SQLite.netmodule
 0001:00006e78       ?System.Data.SQLite.ConnectionEventArgs..ctor@@2008011180K01280LN1280M11280M51280M912610O1M 10007e78 f   System.Data.SQLite.netmodule
 0001:00006ec8       ?System.Data.SQLite.SQLiteConnection.add__handlers@@0001011244 10007ec8 f   System.Data.SQLite.netmodule
 0001:00006efc       ?System.Data.SQLite.SQLiteConnection.remove__handlers@@0001011244 10007efc f   System.Data.SQLite.netmodule
 0001:00006f30       ?System.Data.SQLite.SQLiteConnection.add__authorizerHandler@@2001011264 10007f30 f   System.Data.SQLite.netmodule
 0001:00006f68       ?System.Data.SQLite.SQLiteConnection.remove__authorizerHandler@@2001011264 10007f68 f   System.Data.SQLite.netmodule
 0001:00006fa0       ?System.Data.SQLite.SQLiteConnection.add__updateHandler@@200101126M 10007fa0 f   System.Data.SQLite.netmodule
 0001:00006fd8       ?System.Data.SQLite.SQLiteConnection.remove__updateHandler@@200101126M 10007fd8 f   System.Data.SQLite.netmodule
 0001:00007010       ?System.Data.SQLite.SQLiteConnection.add__commitHandler@@2001011268 10008010 f   System.Data.SQLite.netmodule
 0001:00007048       ?System.Data.SQLite.SQLiteConnection.remove__commitHandler@@2001011268 10008048 f   System.Data.SQLite.netmodule
 0001:00007080       ?System.Data.SQLite.SQLiteConnection.add__traceHandler@@2001011270 10008080 f   System.Data.SQLite.netmodule
 0001:000070b8       ?System.Data.SQLite.SQLiteConnection.remove__traceHandler@@2001011270 100080b8 f   System.Data.SQLite.netmodule
 0001:000070f0       ?System.Data.SQLite.SQLiteConnection.add__rollbackHandler@@2001011280N9 100080f0 f   System.Data.SQLite.netmodule
 0001:00007128       ?System.Data.SQLite.SQLiteConnection.remove__rollbackHandler@@2001011280N9 10008128 f   System.Data.SQLite.netmodule
 0001:00007160       ?System.Data.SQLite.SQLiteConnection.add_StateChange@@2001011280NN 10008160 f   System.Data.SQLite.netmodule
 0001:00007198       ?System.Data.SQLite.SQLiteConnection.remove_StateChange@@2001011280NN 10008198 f   System.Data.SQLite.netmodule
 0001:000071d0       ?System.Data.SQLite.SQLiteConnection..ctor@@200001 100081d0 f   System.Data.SQLite.netmodule
 0001:000071e4       ?System.Data.SQLite.SQLiteConnection..ctor@@2001010O 100081e4 f   System.Data.SQLite.netmodule
 0001:000071fc       ?System.Data.SQLite.SQLiteConnection..ctor@@200301180O02 100081fc f   System.Data.SQLite.netmodule
 0001:00007248       ?System.Data.SQLite.SQLiteConnection..ctor@@2002010O02 10008248 f   System.Data.SQLite.netmodule
 0001:000072b0       ?System.Data.SQLite.SQLiteConnection..ctor@@2001011248 100082b0 f   System.Data.SQLite.netmodule
 0001:00007400       ?System.Data.SQLite.SQLiteConnection.OnChanged@@00020112481240 10008400 f   System.Data.SQLite.netmodule
 0001:00007478       ?System.Data.SQLite.SQLiteConnection.add_Changed@@0001011244 10008478 f   System.Data.SQLite.netmodule
 0001:000074cc       ?System.Data.SQLite.SQLiteConnection.remove_Changed@@0001011244 100084cc f   System.Data.SQLite.netmodule
 0001:00007518       ?System.Data.SQLite.SQLiteConnection.get_ConnectionPool@@000012808M 10008518 f   System.Data.SQLite.netmodule
 0001:0000752c       ?System.Data.SQLite.SQLiteConnection.set_ConnectionPool@@00010112808M 1000852c f   System.Data.SQLite.netmodule
 0001:00007540       ?System.Data.SQLite.SQLiteConnection.CreateHandle@@00011M18 10008540 f   System.Data.SQLite.netmodule
 0001:000075ac       ?System.Data.SQLite.SQLiteConnection.BackupDatabase@@20060112480O0O08127408 100085ac f   System.Data.SQLite.netmodule
 0001:000076f4       ?System.Data.SQLite.SQLiteConnection.ClearTypeMappings@@200008 100086f4 f   System.Data.SQLite.netmodule
 0001:00007720       ?System.Data.SQLite.SQLiteConnection.GetTypeMappings@@2000151231020O1M 10008720 f   System.Data.SQLite.netmodule
 0001:00007804       ?System.Data.SQLite.SQLiteConnection.AddTypeMapping@@2003080O117902 10008804 f   System.Data.SQLite.netmodule
 0001:00007890       ?System.Data.SQLite.SQLiteConnection.BindFunction@@2002011281101280O8 10008890 f   System.Data.SQLite.netmodule
 0001:000078cc       ?System.Data.SQLite.SQLiteConnection.Check@@0001011248 100088cc f   System.Data.SQLite.netmodule
 0001:00007958       ?System.Data.SQLite.SQLiteConnection.ParseConnectionString@@0002151280O1020O0O0O02 10008958 f   System.Data.SQLite.netmodule
 0001:00007978       ?System.Data.SQLite.SQLiteConnection.SetupSQLiteBase@@200101151280O1020O0O 10008978 f   System.Data.SQLite.netmodule
 0001:00007a4c       ?System.Data.SQLite.SQLiteConnection.CheckDisposed@@200001 10008a4c f   System.Data.SQLite.netmodule
 0001:00007a78       ?System.Data.SQLite.SQLiteConnection.Dispose@@20010102 10008a78 f   System.Data.SQLite.netmodule
 0001:00007ac8       ?System.Data.SQLite.SQLiteConnection.Clone@@20001M 10008ac8 f   System.Data.SQLite.netmodule
 0001:00007ae4       ?System.Data.SQLite.SQLiteConnection.CreateFile@@0001010O 10008ae4 f   System.Data.SQLite.netmodule
 0001:00007b00       ?System.Data.SQLite.SQLiteConnection.OnStateChange@@2002011180N5101280LN 10008b00 f   System.Data.SQLite.netmodule
 0001:00007b40       ?System.Data.SQLite.SQLiteConnection.GetFallbackDefaultIsolationLevel@@00001180MN 10008b40 f   System.Data.SQLite.netmodule
 0001:00007b54       ?System.Data.SQLite.SQLiteConnection.GetDefaultIsolationLevel@@20001180MN 10008b54 f   System.Data.SQLite.netmodule
 0001:00007b68       ?System.Data.SQLite.SQLiteConnection.BeginTransaction@@200212813M1180MN02 10008b68 f   System.Data.SQLite.netmodule
 0001:00007b98       ?System.Data.SQLite.SQLiteConnection.BeginTransaction@@200112813M02 10008b98 f   System.Data.SQLite.netmodule
 0001:00007bc8       ?System.Data.SQLite.SQLiteConnection.BeginTransaction@@200112813M1180MN 10008bc8 f   System.Data.SQLite.netmodule
 0001:00007be8       ?System.Data.SQLite.SQLiteConnection.BeginTransaction@@200012813M 10008be8 f   System.Data.SQLite.netmodule
 0001:00007c0c       ?System.Data.SQLite.SQLiteConnection.BeginDbTransaction@@2001125N1180MN 10008c0c f   System.Data.SQLite.netmodule
 0001:00007c80       ?System.Data.SQLite.SQLiteConnection.ChangeDatabase@@2001010O 10008c80 f   System.Data.SQLite.netmodule
 0001:00007cac       ?System.Data.SQLite.SQLiteConnection.Close@@200001 10008cac f   System.Data.SQLite.netmodule
 0001:00007d9c       ?System.Data.SQLite.SQLiteConnection.get_PoolCount@@200008 10008d9c f   System.Data.SQLite.netmodule
 0001:00007dc0       ?System.Data.SQLite.SQLiteConnection.ClearPool@@0001011248 10008dc0 f   System.Data.SQLite.netmodule
 0001:00007de4       ?System.Data.SQLite.SQLiteConnection.ClearAllPools@@000001 10008de4 f   System.Data.SQLite.netmodule
 0001:00007df8       ?System.Data.SQLite.SQLiteConnection.get_ConnectionString@@20000O 10008df8 f   System.Data.SQLite.netmodule
 0001:00007e14       ?System.Data.SQLite.SQLiteConnection.set_ConnectionString@@2001010O 10008e14 f   System.Data.SQLite.netmodule
 0001:00007e48       ?System.Data.SQLite.SQLiteConnection.CreateCommand@@20001238 10008e48 f   System.Data.SQLite.netmodule
 0001:00007e64       ?System.Data.SQLite.SQLiteConnection.CreateDbCommand@@20001219 10008e64 f   System.Data.SQLite.netmodule
 0001:00007e78       ?System.Data.SQLite.SQLiteConnection.get_DataSource@@20000O 10008e78 f   System.Data.SQLite.netmodule
 0001:00007e94       ?System.Data.SQLite.SQLiteConnection.get_Database@@20000O 10008e94 f   System.Data.SQLite.netmodule
 0001:00007eac       ?System.Data.SQLite.SQLiteConnection.MapUriPath@@00010O0O 10008eac f   System.Data.SQLite.netmodule
 0001:00007f00       ?System.Data.SQLite.SQLiteConnection.ParseConnectionString@@0001151280O1020O0O0O 10008f00 f   System.Data.SQLite.netmodule
 0001:0000801c       ?System.Data.SQLite.SQLiteConnection.ParseConnectionStringViaFramework@@0002151280O1020O0O0O02 1000901c f   System.Data.SQLite.netmodule
 0001:000080dc       ?System.Data.SQLite.SQLiteConnection.EnlistTransaction@@2001011280O5 100090dc f   System.Data.SQLite.netmodule
 0001:0000819c       ?System.Data.SQLite.SQLiteConnection.FindKey@@00030O151280O1020O0O0O0O 1000919c f   System.Data.SQLite.netmodule
 0001:000081e0       ?System.Data.SQLite.SQLiteConnection.TryParseEnum@@00031M12808N0O02 100091e0 f   System.Data.SQLite.netmodule
 0001:00008224       ?System.Data.SQLite.SQLiteConnection.TryParseByte@@0003020O1180O91005 10009224 f   System.Data.SQLite.netmodule
 0001:0000823c       ?System.Data.SQLite.SQLiteConnection.EnableExtensions@@20010102 1000923c f   System.Data.SQLite.netmodule
 0001:000082b0       ?System.Data.SQLite.SQLiteConnection.LoadExtension@@2001010O 100092b0 f   System.Data.SQLite.netmodule
 0001:000082cc       ?System.Data.SQLite.SQLiteConnection.LoadExtension@@2002010O0O 100092cc f   System.Data.SQLite.netmodule
 0001:00008320       ?System.Data.SQLite.SQLiteConnection.CreateModule@@200101128218 10009320 f   System.Data.SQLite.netmodule
 0001:00008378       ?System.Data.SQLite.SQLiteConnection.FromHexString@@00011N050O 10009378 f   System.Data.SQLite.netmodule
 0001:00008390       ?System.Data.SQLite.SQLiteConnection.ToHexString@@00010O1N05 10009390 f   System.Data.SQLite.netmodule
 0001:000083d4       ?System.Data.SQLite.SQLiteConnection.FromHexString@@00021N050O100O 100093d4 f   System.Data.SQLite.netmodule
 0001:00008464       ?System.Data.SQLite.SQLiteConnection.GetDefaultPooling@@200002 10009464 f   System.Data.SQLite.netmodule
 0001:000084d0       ?System.Data.SQLite.SQLiteConnection.GetEffectiveIsolationLevel@@20011180MN1180MN 100094d0 f   System.Data.SQLite.netmodule
 0001:0000854c       ?System.Data.SQLite.SQLiteConnection.Open@@200001 1000954c f   System.Data.SQLite.netmodule
 0001:00008efc       ?System.Data.SQLite.SQLiteConnection.OpenAndReturn@@20001248 10009efc f   System.Data.SQLite.netmodule
 0001:00008f18       ?System.Data.SQLite.SQLiteConnection.get_DefaultTimeout@@200008 10009f18 f   System.Data.SQLite.netmodule
 0001:00008f34       ?System.Data.SQLite.SQLiteConnection.set_DefaultTimeout@@20010108 10009f34 f   System.Data.SQLite.netmodule
 0001:00008f50       ?System.Data.SQLite.SQLiteConnection.get_ParseViaFramework@@200002 10009f50 f   System.Data.SQLite.netmodule
 0001:00008f6c       ?System.Data.SQLite.SQLiteConnection.set_ParseViaFramework@@20010102 10009f6c f   System.Data.SQLite.netmodule
 0001:00008f88       ?System.Data.SQLite.SQLiteConnection.get_Flags@@20001130 10009f88 f   System.Data.SQLite.netmodule
 0001:00008fa4       ?System.Data.SQLite.SQLiteConnection.set_Flags@@2001011130 10009fa4 f   System.Data.SQLite.netmodule
 0001:00008fc0       ?System.Data.SQLite.SQLiteConnection.get_DefaultDbType@@200015118091011179 10009fc0 f   System.Data.SQLite.netmodule
 0001:00008fdc       ?System.Data.SQLite.SQLiteConnection.set_DefaultDbType@@20010115118091011179 10009fdc f   System.Data.SQLite.netmodule
 0001:00008ff8       ?System.Data.SQLite.SQLiteConnection.get_DefaultTypeName@@20000O 10009ff8 f   System.Data.SQLite.netmodule
 0001:00009014       ?System.Data.SQLite.SQLiteConnection.set_DefaultTypeName@@2001010O 1000a014 f   System.Data.SQLite.netmodule
 0001:00009030       ?System.Data.SQLite.SQLiteConnection.get_OwnHandle@@200002 1000a030 f   System.Data.SQLite.netmodule
 0001:00009064       ?System.Data.SQLite.SQLiteConnection.get_ServerVersion@@20000O 1000a064 f   System.Data.SQLite.netmodule
 0001:0000907c       ?System.Data.SQLite.SQLiteConnection.get_LastInsertRowId@@20000K 1000a07c f   System.Data.SQLite.netmodule
 0001:000090b0       ?System.Data.SQLite.SQLiteConnection.Cancel@@200001 1000a0b0 f   System.Data.SQLite.netmodule
 0001:000090e4       ?System.Data.SQLite.SQLiteConnection.get_Changes@@200008 1000a0e4 f   System.Data.SQLite.netmodule
 0001:00009118       ?System.Data.SQLite.SQLiteConnection.get_AutoCommit@@200002 1000a118 f   System.Data.SQLite.netmodule
 0001:0000914c       ?System.Data.SQLite.SQLiteConnection.get_MemoryUsed@@20000K 1000a14c f   System.Data.SQLite.netmodule
 0001:00009180       ?System.Data.SQLite.SQLiteConnection.get_MemoryHighwater@@20000K 1000a180 f   System.Data.SQLite.netmodule
 0001:000091b4       ?System.Data.SQLite.SQLiteConnection.GetMemoryStatistics@@00010110151280ON020O0K 1000a1b4 f   System.Data.SQLite.netmodule
 0001:000091f0       ?System.Data.SQLite.SQLiteConnection.ReleaseMemory@@200001 1000a1f0 f   System.Data.SQLite.netmodule
 0001:0000923c       ?System.Data.SQLite.SQLiteConnection.ReleaseMemory@@00061180O0080202100810021009 1000a23c f   System.Data.SQLite.netmodule
 0001:00009258       ?System.Data.SQLite.SQLiteConnection.SetMemoryStatus@@00011180O002 1000a258 f   System.Data.SQLite.netmodule
 0001:0000926c       ?System.Data.SQLite.SQLiteConnection.get_DefineConstants@@00000O 1000a26c f   System.Data.SQLite.netmodule
 0001:00009280       ?System.Data.SQLite.SQLiteConnection.get_SQLiteVersion@@00000O 1000a280 f   System.Data.SQLite.netmodule
 0001:00009294       ?System.Data.SQLite.SQLiteConnection.get_SQLiteSourceId@@00000O 1000a294 f   System.Data.SQLite.netmodule
 0001:000092a8       ?System.Data.SQLite.SQLiteConnection.get_SQLiteCompileOptions@@00000O 1000a2a8 f   System.Data.SQLite.netmodule
 0001:000092bc       ?System.Data.SQLite.SQLiteConnection.get_InteropVersion@@00000O 1000a2bc f   System.Data.SQLite.netmodule
 0001:000092d0       ?System.Data.SQLite.SQLiteConnection.get_InteropSourceId@@00000O 1000a2d0 f   System.Data.SQLite.netmodule
 0001:000092e4       ?System.Data.SQLite.SQLiteConnection.get_InteropCompileOptions@@00000O 1000a2e4 f   System.Data.SQLite.netmodule
 0001:000092f8       ?System.Data.SQLite.SQLiteConnection.get_ProviderVersion@@00000O 1000a2f8 f   System.Data.SQLite.netmodule
 0001:00009328       ?System.Data.SQLite.SQLiteConnection.get_ProviderSourceId@@00000O 1000a328 f   System.Data.SQLite.netmodule
 0001:000093e4       ?System.Data.SQLite.SQLiteConnection.get_SharedFlags@@00001130 1000a3e4 f   System.Data.SQLite.netmodule
 0001:00009430       ?System.Data.SQLite.SQLiteConnection.set_SharedFlags@@0001011130 1000a430 f   System.Data.SQLite.netmodule
 0001:0000947c       ?System.Data.SQLite.SQLiteConnection.get_State@@20001180N5 1000a47c f   System.Data.SQLite.netmodule
 0001:00009498       ?System.Data.SQLite.SQLiteConnection.Shutdown@@20001180O0 1000a498 f   System.Data.SQLite.netmodule
 0001:000094d8       ?System.Data.SQLite.SQLiteConnection.Shutdown@@0002010202 1000a4d8 f   System.Data.SQLite.netmodule
 0001:000094fc       ?System.Data.SQLite.SQLiteConnection.SetExtendedResultCodes@@20010102 1000a4fc f   System.Data.SQLite.netmodule
 0001:00009524       ?System.Data.SQLite.SQLiteConnection.ResultCode@@20001180O0 1000a524 f   System.Data.SQLite.netmodule
 0001:00009558       ?System.Data.SQLite.SQLiteConnection.ExtendedResultCode@@20001180O0 1000a558 f   System.Data.SQLite.netmodule
 0001:0000958c       ?System.Data.SQLite.SQLiteConnection.LogMessage@@2002011180O00O 1000a58c f   System.Data.SQLite.netmodule
 0001:000095c0       ?System.Data.SQLite.SQLiteConnection.LogMessage@@200201080O 1000a5c0 f   System.Data.SQLite.netmodule
 0001:000095f4       ?System.Data.SQLite.SQLiteConnection.ChangePassword@@2001010O 1000a5f4 f   System.Data.SQLite.netmodule
 0001:00009624       ?System.Data.SQLite.SQLiteConnection.ChangePassword@@2001011N05 1000a624 f   System.Data.SQLite.netmodule
 0001:00009658       ?System.Data.SQLite.SQLiteConnection.SetPassword@@2001010O 1000a658 f   System.Data.SQLite.netmodule
 0001:00009688       ?System.Data.SQLite.SQLiteConnection.SetPassword@@2001011N05 1000a688 f   System.Data.SQLite.netmodule
 0001:000096c0       ?System.Data.SQLite.SQLiteConnection.SetAvRetry@@20021180O010081008 1000a6c0 f   System.Data.SQLite.netmodule
 0001:00009760       ?System.Data.SQLite.SQLiteConnection.SetChunkSize@@20011180O008 1000a760 f   System.Data.SQLite.netmodule
 0001:000097e0       ?System.Data.SQLite.SQLiteConnection.UnwrapString@@00010O0O 1000a7e0 f   System.Data.SQLite.netmodule
 0001:0000983c       ?System.Data.SQLite.SQLiteConnection.ExpandFileName@@20020O0O02 1000a83c f   System.Data.SQLite.netmodule
 0001:00009904       ?System.Data.SQLite.SQLiteConnection.GetSchema@@20001280L9 1000a904 f   System.Data.SQLite.netmodule
 0001:00009924       ?System.Data.SQLite.SQLiteConnection.GetSchema@@20011280L90O 1000a924 f   System.Data.SQLite.netmodule
 0001:00009944       ?System.Data.SQLite.SQLiteConnection.GetSchema@@20021280L90O1N0O 1000a944 f   System.Data.SQLite.netmodule
 0001:00009b5c       ?System.Data.SQLite.SQLiteConnection.Schema_ReservedWords@@00001280L9 1000ab5c f   System.Data.SQLite.netmodule
 0001:00009c30       ?System.Data.SQLite.SQLiteConnection.Schema_MetaDataCollections@@00001280L9 1000ac30 f   System.Data.SQLite.netmodule
 0001:00009cd0       ?System.Data.SQLite.SQLiteConnection.Schema_DataSourceInformation@@20001280L9 1000acd0 f   System.Data.SQLite.netmodule
 0001:00009f94       ?System.Data.SQLite.SQLiteConnection.Schema_Columns@@20031280L90O0O0O 1000af94 f   System.Data.SQLite.netmodule
 0001:0000a6f0       ?System.Data.SQLite.SQLiteConnection.Schema_Indexes@@20031280L90O0O0O 1000b6f0 f   System.Data.SQLite.netmodule
 0001:0000af8c       ?System.Data.SQLite.SQLiteConnection.Schema_Triggers@@20031280L90O0O0O 1000bf8c f   System.Data.SQLite.netmodule
 0001:0000b188       ?System.Data.SQLite.SQLiteConnection.Schema_Tables@@20031280L90O0O0O 1000c188 f   System.Data.SQLite.netmodule
 0001:0000b400       ?System.Data.SQLite.SQLiteConnection.Schema_Views@@20021280L90O0O 1000c400 f   System.Data.SQLite.netmodule
 0001:0000b6a0       ?System.Data.SQLite.SQLiteConnection.Schema_Catalogs@@20011280L90O 1000c6a0 f   System.Data.SQLite.netmodule
 0001:0000b7f4       ?System.Data.SQLite.SQLiteConnection.Schema_DataTypes@@20001280L9 1000c7f4 f   System.Data.SQLite.netmodule
 0001:0000ba98       ?System.Data.SQLite.SQLiteConnection.Schema_IndexColumns@@20041280L90O0O0O0O 1000ca98 f   System.Data.SQLite.netmodule
 0001:0000c194       ?System.Data.SQLite.SQLiteConnection.Schema_ViewColumns@@20031280L90O0O0O 1000d194 f   System.Data.SQLite.netmodule
 0001:0000c960       ?System.Data.SQLite.SQLiteConnection.Schema_ForeignKeys@@20031280L90O0O0O 1000d960 f   System.Data.SQLite.netmodule
 0001:0000cf24       ?System.Data.SQLite.SQLiteConnection.add_Authorize@@2001011264 1000df24 f   System.Data.SQLite.netmodule
 0001:0000cf74       ?System.Data.SQLite.SQLiteConnection.remove_Authorize@@2001011264 1000df74 f   System.Data.SQLite.netmodule
 0001:0000cfb4       ?System.Data.SQLite.SQLiteConnection.add_Update@@200101126M 1000dfb4 f   System.Data.SQLite.netmodule
 0001:0000d004       ?System.Data.SQLite.SQLiteConnection.remove_Update@@200101126M 1000e004 f   System.Data.SQLite.netmodule
 0001:0000d044       ?System.Data.SQLite.SQLiteConnection.AuthorizerCallback@@20061180L8181180L418181818 1000e044 f   System.Data.SQLite.netmodule
 0001:0000d094       ?System.Data.SQLite.SQLiteConnection.UpdateCallback@@200501180818180K 1000e094 f   System.Data.SQLite.netmodule
 0001:0000d0c4       ?System.Data.SQLite.SQLiteConnection.add_Commit@@2001011268 1000e0c4 f   System.Data.SQLite.netmodule
 0001:0000d114       ?System.Data.SQLite.SQLiteConnection.remove_Commit@@2001011268 1000e114 f   System.Data.SQLite.netmodule
 0001:0000d154       ?System.Data.SQLite.SQLiteConnection.add_Trace@@2001011270 1000e154 f   System.Data.SQLite.netmodule
 0001:0000d1a4       ?System.Data.SQLite.SQLiteConnection.remove_Trace@@2001011270 1000e1a4 f   System.Data.SQLite.netmodule
 0001:0000d1e4       ?System.Data.SQLite.SQLiteConnection.TraceCallback@@2002011818 1000e1e4 f   System.Data.SQLite.netmodule
 0001:0000d20c       ?System.Data.SQLite.SQLiteConnection.add_RollBack@@2001011280N9 1000e20c f   System.Data.SQLite.netmodule
 0001:0000d25c       ?System.Data.SQLite.SQLiteConnection.remove_RollBack@@2001011280N9 1000e25c f   System.Data.SQLite.netmodule
 0001:0000d29c       ?System.Data.SQLite.SQLiteConnection.CommitCallback@@20010818 1000e29c f   System.Data.SQLite.netmodule
 0001:0000d2c8       ?System.Data.SQLite.SQLiteConnection.RollbackCallback@@20010118 1000e2c8 f   System.Data.SQLite.netmodule
 0001:0000d2e8       ?System.Data.SQLite.SQLiteConnection.get_DbProviderFactory@@20001249 1000e2e8 f   System.Data.SQLite.netmodule
 0001:0000d2fc       ?System.Data.SQLite.SQLiteConnection..cctor@@000001 1000e2fc f   System.Data.SQLite.netmodule
 0001:0000d328       ?System.Data.SQLite.AuthorizerEventArgs..ctor@@200001 1000e328 f   System.Data.SQLite.netmodule
 0001:0000d370       ?System.Data.SQLite.AuthorizerEventArgs..ctor@@200701181180L40O0O0O0O1180L8 1000e370 f   System.Data.SQLite.netmodule
 0001:0000d3b8       ?System.Data.SQLite.UpdateEventArgs..ctor@@2004010O0O117M0K 1000e3b8 f   System.Data.SQLite.netmodule
 0001:0000d3e8       ?System.Data.SQLite.CommitEventArgs..ctor@@200001 1000e3e8 f   System.Data.SQLite.netmodule
 0001:0000d3fc       ?System.Data.SQLite.TraceEventArgs..ctor@@2001010O 1000e3fc f   System.Data.SQLite.netmodule
 0001:0000d418       ?System.Data.SQLite.SQLiteConnectionPool.GetCounts@@0005010O10151231020O08100810081008 1000e418 f   System.Data.SQLite.netmodule
 0001:0000d554       ?System.Data.SQLite.SQLiteConnectionPool.ClearPool@@0001010O 1000e554 f   System.Data.SQLite.netmodule
 0001:0000d608       ?System.Data.SQLite.SQLiteConnectionPool.ClearAllPools@@000001 1000e608 f   System.Data.SQLite.netmodule
 0001:0000d720       ?System.Data.SQLite.SQLiteConnectionPool.Add@@0003010O1281LM08 1000e720 f   System.Data.SQLite.netmodule
 0001:0000d7cc       ?System.Data.SQLite.SQLiteConnectionPool.Remove@@00031281LM0O081008 1000e7cc f   System.Data.SQLite.netmodule
 0001:0000d9d4       ?System.Data.SQLite.SQLiteConnectionPool.GetConnectionPool@@000012808M 1000e9d4 f   System.Data.SQLite.netmodule
 0001:0000da20       ?System.Data.SQLite.SQLiteConnectionPool.SetConnectionPool@@00010112808M 1000ea20 f   System.Data.SQLite.netmodule
 0001:0000da6c       ?System.Data.SQLite.SQLiteConnectionPool.ResizePool@@00020112809402 1000ea6c f   System.Data.SQLite.netmodule
 0001:0000dac4       ?System.Data.SQLite.SQLiteConnectionPool..cctor@@000001 1000eac4 f   System.Data.SQLite.netmodule
 0001:0000db04       ?System.Data.SQLite.SQLiteConnectionPool.PoolQueue..ctor@@2002010808 1000eb04 f   System.Data.SQLite.netmodule
 0001:0000db30       ?System.Data.SQLite.SQLiteConnectionStringBuilder..ctor@@200001 1000eb30 f   System.Data.SQLite.netmodule
 0001:0000db4c       ?System.Data.SQLite.SQLiteConnectionStringBuilder..ctor@@2001010O 1000eb4c f   System.Data.SQLite.netmodule
 0001:0000db68       ?System.Data.SQLite.SQLiteConnectionStringBuilder.Initialize@@2001010O 1000eb68 f   System.Data.SQLite.netmodule
 0001:0000dbd0       ?System.Data.SQLite.SQLiteConnectionStringBuilder.get_Version@@200008 1000ebd0 f   System.Data.SQLite.netmodule
 0001:0000dbf8       ?System.Data.SQLite.SQLiteConnectionStringBuilder.set_Version@@20010108 1000ebf8 f   System.Data.SQLite.netmodule
 0001:0000dc20       ?System.Data.SQLite.SQLiteConnectionStringBuilder.get_SyncMode@@2000114M 1000ec20 f   System.Data.SQLite.netmodule
 0001:0000dc64       ?System.Data.SQLite.SQLiteConnectionStringBuilder.set_SyncMode@@200101114M 1000ec64 f   System.Data.SQLite.netmodule
 0001:0000dc84       ?System.Data.SQLite.SQLiteConnectionStringBuilder.get_UseUTF16Encoding@@200002 1000ec84 f   System.Data.SQLite.netmodule
 0001:0000dca8       ?System.Data.SQLite.SQLiteConnectionStringBuilder.set_UseUTF16Encoding@@20010102 1000eca8 f   System.Data.SQLite.netmodule
 0001:0000dcc8       ?System.Data.SQLite.SQLiteConnectionStringBuilder.get_Pooling@@200002 1000ecc8 f   System.Data.SQLite.netmodule
 0001:0000dcec       ?System.Data.SQLite.SQLiteConnectionStringBuilder.set_Pooling@@20010102 1000ecec f   System.Data.SQLite.netmodule
 0001:0000dd0c       ?System.Data.SQLite.SQLiteConnectionStringBuilder.get_BinaryGUID@@200002 1000ed0c f   System.Data.SQLite.netmodule
 0001:0000dd30       ?System.Data.SQLite.SQLiteConnectionStringBuilder.set_BinaryGUID@@20010102 1000ed30 f   System.Data.SQLite.netmodule
 0001:0000dd50       ?System.Data.SQLite.SQLiteConnectionStringBuilder.get_DataSource@@20000O 1000ed50 f   System.Data.SQLite.netmodule
 0001:0000dd74       ?System.Data.SQLite.SQLiteConnectionStringBuilder.set_DataSource@@2001010O 1000ed74 f   System.Data.SQLite.netmodule
 0001:0000dd90       ?System.Data.SQLite.SQLiteConnectionStringBuilder.get_Uri@@20000O 1000ed90 f   System.Data.SQLite.netmodule
 0001:0000ddb4       ?System.Data.SQLite.SQLiteConnectionStringBuilder.set_Uri@@2001010O 1000edb4 f   System.Data.SQLite.netmodule
 0001:0000ddd0       ?System.Data.SQLite.SQLiteConnectionStringBuilder.get_FullUri@@20000O 1000edd0 f   System.Data.SQLite.netmodule
 0001:0000ddf4       ?System.Data.SQLite.SQLiteConnectionStringBuilder.set_FullUri@@2001010O 1000edf4 f   System.Data.SQLite.netmodule
 0001:0000de10       ?System.Data.SQLite.SQLiteConnectionStringBuilder.get_DefaultTimeout@@200008 1000ee10 f   System.Data.SQLite.netmodule
 0001:0000de38       ?System.Data.SQLite.SQLiteConnectionStringBuilder.set_DefaultTimeout@@20010108 1000ee38 f   System.Data.SQLite.netmodule
 0001:0000de58       ?System.Data.SQLite.SQLiteConnectionStringBuilder.get_Enlist@@200002 1000ee58 f   System.Data.SQLite.netmodule
 0001:0000de7c       ?System.Data.SQLite.SQLiteConnectionStringBuilder.set_Enlist@@20010102 1000ee7c f   System.Data.SQLite.netmodule
 0001:0000de9c       ?System.Data.SQLite.SQLiteConnectionStringBuilder.get_FailIfMissing@@200002 1000ee9c f   System.Data.SQLite.netmodule
 0001:0000dec0       ?System.Data.SQLite.SQLiteConnectionStringBuilder.set_FailIfMissing@@20010102 1000eec0 f   System.Data.SQLite.netmodule
 0001:0000dee0       ?System.Data.SQLite.SQLiteConnectionStringBuilder.get_LegacyFormat@@200002 1000eee0 f   System.Data.SQLite.netmodule
 0001:0000df04       ?System.Data.SQLite.SQLiteConnectionStringBuilder.set_LegacyFormat@@20010102 1000ef04 f   System.Data.SQLite.netmodule
 0001:0000df24       ?System.Data.SQLite.SQLiteConnectionStringBuilder.get_ReadOnly@@200002 1000ef24 f   System.Data.SQLite.netmodule
 0001:0000df48       ?System.Data.SQLite.SQLiteConnectionStringBuilder.set_ReadOnly@@20010102 1000ef48 f   System.Data.SQLite.netmodule
 0001:0000df68       ?System.Data.SQLite.SQLiteConnectionStringBuilder.get_Password@@20000O 1000ef68 f   System.Data.SQLite.netmodule
 0001:0000df8c       ?System.Data.SQLite.SQLiteConnectionStringBuilder.set_Password@@2001010O 1000ef8c f   System.Data.SQLite.netmodule
 0001:0000dfa8       ?System.Data.SQLite.SQLiteConnectionStringBuilder.get_HexPassword@@20001N05 1000efa8 f   System.Data.SQLite.netmodule
 0001:0000dfe4       ?System.Data.SQLite.SQLiteConnectionStringBuilder.set_HexPassword@@2001011N05 1000efe4 f   System.Data.SQLite.netmodule
 0001:0000e004       ?System.Data.SQLite.SQLiteConnectionStringBuilder.get_PageSize@@200008 1000f004 f   System.Data.SQLite.netmodule
 0001:0000e02c       ?System.Data.SQLite.SQLiteConnectionStringBuilder.set_PageSize@@20010108 1000f02c f   System.Data.SQLite.netmodule
 0001:0000e04c       ?System.Data.SQLite.SQLiteConnectionStringBuilder.get_MaxPageCount@@200008 1000f04c f   System.Data.SQLite.netmodule
 0001:0000e074       ?System.Data.SQLite.SQLiteConnectionStringBuilder.set_MaxPageCount@@20010108 1000f074 f   System.Data.SQLite.netmodule
 0001:0000e094       ?System.Data.SQLite.SQLiteConnectionStringBuilder.get_CacheSize@@200008 1000f094 f   System.Data.SQLite.netmodule
 0001:0000e0bc       ?System.Data.SQLite.SQLiteConnectionStringBuilder.set_CacheSize@@20010108 1000f0bc f   System.Data.SQLite.netmodule
 0001:0000e0dc       ?System.Data.SQLite.SQLiteConnectionStringBuilder.get_DateTimeFormat@@20001180K4 1000f0dc f   System.Data.SQLite.netmodule
 0001:0000e128       ?System.Data.SQLite.SQLiteConnectionStringBuilder.set_DateTimeFormat@@2001011180K4 1000f128 f   System.Data.SQLite.netmodule
 0001:0000e148       ?System.Data.SQLite.SQLiteConnectionStringBuilder.get_DateTimeKind@@2000118085 1000f148 f   System.Data.SQLite.netmodule
 0001:0000e194       ?System.Data.SQLite.SQLiteConnectionStringBuilder.set_DateTimeKind@@200101118085 1000f194 f   System.Data.SQLite.netmodule
 0001:0000e1b4       ?System.Data.SQLite.SQLiteConnectionStringBuilder.get_DateTimeFormatString@@20000O 1000f1b4 f   System.Data.SQLite.netmodule
 0001:0000e1ec       ?System.Data.SQLite.SQLiteConnectionStringBuilder.set_DateTimeFormatString@@2001010O 1000f1ec f   System.Data.SQLite.netmodule
 0001:0000e208       ?System.Data.SQLite.SQLiteConnectionStringBuilder.get_BaseSchemaName@@20000O 1000f208 f   System.Data.SQLite.netmodule
 0001:0000e240       ?System.Data.SQLite.SQLiteConnectionStringBuilder.set_BaseSchemaName@@2001010O 1000f240 f   System.Data.SQLite.netmodule
 0001:0000e25c       ?System.Data.SQLite.SQLiteConnectionStringBuilder.get_JournalMode@@20001180K8 1000f25c f   System.Data.SQLite.netmodule
 0001:0000e2a0       ?System.Data.SQLite.SQLiteConnectionStringBuilder.set_JournalMode@@2001011180K8 1000f2a0 f   System.Data.SQLite.netmodule
 0001:0000e2c0       ?System.Data.SQLite.SQLiteConnectionStringBuilder.get_DefaultIsolationLevel@@20001180MN 1000f2c0 f   System.Data.SQLite.netmodule
 0001:0000e304       ?System.Data.SQLite.SQLiteConnectionStringBuilder.set_DefaultIsolationLevel@@2001011180MN 1000f304 f   System.Data.SQLite.netmodule
 0001:0000e324       ?System.Data.SQLite.SQLiteConnectionStringBuilder.get_DefaultDbType@@20001179 1000f324 f   System.Data.SQLite.netmodule
 0001:0000e370       ?System.Data.SQLite.SQLiteConnectionStringBuilder.set_DefaultDbType@@2001011179 1000f370 f   System.Data.SQLite.netmodule
 0001:0000e390       ?System.Data.SQLite.SQLiteConnectionStringBuilder.get_DefaultTypeName@@20000O 1000f390 f   System.Data.SQLite.netmodule
 0001:0000e3b4       ?System.Data.SQLite.SQLiteConnectionStringBuilder.set_DefaultTypeName@@2001010O 1000f3b4 f   System.Data.SQLite.netmodule
 0001:0000e3d0       ?System.Data.SQLite.SQLiteConnectionStringBuilder.get_ForeignKeys@@200002 1000f3d0 f   System.Data.SQLite.netmodule
 0001:0000e3f4       ?System.Data.SQLite.SQLiteConnectionStringBuilder.set_ForeignKeys@@20010102 1000f3f4 f   System.Data.SQLite.netmodule
 0001:0000e414       ?System.Data.SQLite.SQLiteConnectionStringBuilder.get_Flags@@20001130 1000f414 f   System.Data.SQLite.netmodule
 0001:0000e464       ?System.Data.SQLite.SQLiteConnectionStringBuilder.set_Flags@@2001011130 1000f464 f   System.Data.SQLite.netmodule
 0001:0000e484       ?System.Data.SQLite.SQLiteConnectionStringBuilder.get_SetDefaults@@200002 1000f484 f   System.Data.SQLite.netmodule
 0001:0000e4a8       ?System.Data.SQLite.SQLiteConnectionStringBuilder.set_SetDefaults@@20010102 1000f4a8 f   System.Data.SQLite.netmodule
 0001:0000e4c8       ?System.Data.SQLite.SQLiteConnectionStringBuilder.get_ToFullPath@@200002 1000f4c8 f   System.Data.SQLite.netmodule
 0001:0000e4ec       ?System.Data.SQLite.SQLiteConnectionStringBuilder.set_ToFullPath@@20010102 1000f4ec f   System.Data.SQLite.netmodule
 0001:0000e50c       ?System.Data.SQLite.SQLiteConnectionStringBuilder.get_NoSharedFlags@@200002 1000f50c f   System.Data.SQLite.netmodule
 0001:0000e530       ?System.Data.SQLite.SQLiteConnectionStringBuilder.set_NoSharedFlags@@20010102 1000f530 f   System.Data.SQLite.netmodule
 0001:0000e550       ?System.Data.SQLite.SQLiteConnectionStringBuilder.TryGetValue@@2002020O101M 1000f550 f   System.Data.SQLite.netmodule
 0001:0000e610       ?System.Data.SQLite.SQLiteConnectionStringBuilder.FallbackGetProperties@@2001011280P5 1000f610 f   System.Data.SQLite.netmodule
 0001:0000e69c       ?System.Data.SQLite.SQLiteType..ctor@@200001 1000f69c f   System.Data.SQLite.netmodule
 0001:0000e6b0       ?System.Data.SQLite.SQLiteType..ctor@@20020111809M1179 1000f6b0 f   System.Data.SQLite.netmodule
 0001:0000e6d4       ?System.Data.SQLite.SQLiteDbTypeMap..ctor@@200001 1000f6d4 f   System.Data.SQLite.netmodule
 0001:0000e6f8       ?System.Data.SQLite.SQLiteDbTypeMap..ctor@@200101151280P9011280M4 1000f6f8 f   System.Data.SQLite.netmodule
 0001:0000e714       ?System.Data.SQLite.SQLiteDbTypeMap.Clear@@200008 1000f714 f   System.Data.SQLite.netmodule
 0001:0000e754       ?System.Data.SQLite.SQLiteDbTypeMap.Add@@200101151280P9011280M4 1000f754 f   System.Data.SQLite.netmodule
 0001:0000e7b8       ?System.Data.SQLite.SQLiteDbTypeMap.Add@@2001011280M4 1000f7b8 f   System.Data.SQLite.netmodule
 0001:0000e810       ?System.Data.SQLite.SQLiteDbTypeMap.ContainsKey@@2001021179 1000f810 f   System.Data.SQLite.netmodule
 0001:0000e834       ?System.Data.SQLite.SQLiteDbTypeMap.TryGetValue@@2002021179101280M4 1000f834 f   System.Data.SQLite.netmodule
 0001:0000e85c       ?System.Data.SQLite.SQLiteDbTypeMap.Remove@@2001021179 1000f85c f   System.Data.SQLite.netmodule
 0001:0000e880       ?System.Data.SQLite.SQLiteDbTypeMapping..ctor@@2003010O117902 1000f880 f   System.Data.SQLite.netmodule
[...]
               exported name: sqlite3_bind_parameter_name
       25    _sqlite3_bind_parameter_name_interop@12
       26    _sqlite3_bind_text
               exported name: sqlite3_bind_text
       27    _sqlite3_bind_text16
               exported name: sqlite3_bind_text16
       28    _sqlite3_bind_value
               exported name: sqlite3_bind_value
       29    _sqlite3_bind_zeroblob
               exported name: sqlite3_bind_zeroblob
       30    _sqlite3_blob_bytes
               exported name: sqlite3_blob_bytes
       31    _sqlite3_blob_close
               exported name: sqlite3_blob_close
       32    _sqlite3_blob_open
               exported name: sqlite3_blob_open
       33    _sqlite3_blob_read
               exported name: sqlite3_blob_read
       34    _sqlite3_blob_reopen
               exported name: sqlite3_blob_reopen
       35    _sqlite3_blob_write
               exported name: sqlite3_blob_write
       36    _sqlite3_busy_handler
               exported name: sqlite3_busy_handler
       37    _sqlite3_busy_timeout
               exported name: sqlite3_busy_timeout
       38    _sqlite3_cancel_auto_extension
               exported name: sqlite3_cancel_auto_extension
       39    _sqlite3_changes
               exported name: sqlite3_changes
       40    _sqlite3_changes_interop@4
       41    _sqlite3_clear_bindings
               exported name: sqlite3_clear_bindings
       42    _sqlite3_close
               exported name: sqlite3_close
       43    _sqlite3_close_interop@4
       44    _sqlite3_close_v2
               exported name: sqlite3_close_v2
       45    _sqlite3_collation_needed
               exported name: sqlite3_collation_needed
       46    _sqlite3_collation_needed16
               exported name: sqlite3_collation_needed16
       47    _sqlite3_column_blob
               exported name: sqlite3_column_blob
       48    _sqlite3_column_bytes
               exported name: sqlite3_column_bytes
       49    _sqlite3_column_bytes16
               exported name: sqlite3_column_bytes16
       50    _sqlite3_column_count
               exported name: sqlite3_column_count
       51    _sqlite3_column_database_name
               exported name: sqlite3_column_database_name
       52    _sqlite3_column_database_name16
               exported name: sqlite3_column_database_name16
       53    _sqlite3_column_database_name16_interop@12
       54    _sqlite3_column_database_name_interop@12
       55    _sqlite3_column_decltype
               exported name: sqlite3_column_decltype
       56    _sqlite3_column_decltype16
               exported name: sqlite3_column_decltype16
       57    _sqlite3_column_decltype16_interop@12
       58    _sqlite3_column_decltype_interop@12
       59    _sqlite3_column_double
               exported name: sqlite3_column_double
       60    _sqlite3_column_double_interop@12
       61    _sqlite3_column_int
               exported name: sqlite3_column_int
       62    _sqlite3_column_int64
               exported name: sqlite3_column_int64
       63    _sqlite3_column_int64_interop@12
       64    _sqlite3_column_name
               exported name: sqlite3_column_name
       65    _sqlite3_column_name16
               exported name: sqlite3_column_name16
       66    _sqlite3_column_name16_interop@12
       67    _sqlite3_column_name_interop@12
       68    _sqlite3_column_origin_name
               exported name: sqlite3_column_origin_name
       69    _sqlite3_column_origin_name16
               exported name: sqlite3_column_origin_name16
       70    _sqlite3_column_origin_name16_interop@12
       71    _sqlite3_column_origin_name_interop@12
       72    _sqlite3_column_table_name
               exported name: sqlite3_column_table_name
       73    _sqlite3_column_table_name16
               exported name: sqlite3_column_table_name16
       74    _sqlite3_column_table_name16_interop@12
       75    _sqlite3_column_table_name_interop@12
       76    _sqlite3_column_text
               exported name: sqlite3_column_text
       77    _sqlite3_column_text16
               exported name: sqlite3_column_text16
       78    _sqlite3_column_text16_interop@12
       79    _sqlite3_column_text_interop@12
       80    _sqlite3_column_type
               exported name: sqlite3_column_type
       81    _sqlite3_column_value
               exported name: sqlite3_column_value
       82    _sqlite3_commit_hook
               exported name: sqlite3_commit_hook
       83    _sqlite3_compileoption_get
               exported name: sqlite3_compileoption_get
       84    _sqlite3_compileoption_used
               exported name: sqlite3_compileoption_used
       85    _sqlite3_complete
               exported name: sqlite3_complete
       86    _sqlite3_complete16
               exported name: sqlite3_complete16
       87    _sqlite3_config
               exported name: sqlite3_config
       88    _sqlite3_context_collcompare_interop@20
       89    _sqlite3_context_collseq_interop@16
       90    _sqlite3_context_db_handle
               exported name: sqlite3_context_db_handle
       91    _sqlite3_create_collation
               exported name: sqlite3_create_collation
       92    _sqlite3_create_collation16
               exported name: sqlite3_create_collation16
       93    _sqlite3_create_collation_v2
               exported name: sqlite3_create_collation_v2
       94    _sqlite3_create_disposable_module
               exported name: sqlite3_create_disposable_module
       95    _sqlite3_create_disposable_module_interop@112
       96    _sqlite3_create_function
               exported name: sqlite3_create_function
       97    _sqlite3_create_function16
               exported name: sqlite3_create_function16
       98    _sqlite3_create_function_interop@36
       99    _sqlite3_create_function_v2
               exported name: sqlite3_create_function_v2
      100    _sqlite3_create_module
               exported name: sqlite3_create_module
      101    _sqlite3_create_module_v2
               exported name: sqlite3_create_module_v2
      102    _sqlite3_cursor_rowid_interop@12
      103    _sqlite3_data_count
               exported name: sqlite3_data_count
      104    _sqlite3_data_directory
               exported name: sqlite3_data_directory
      105    _sqlite3_db_config
               exported name: sqlite3_db_config
      106    _sqlite3_db_filename
               exported name: sqlite3_db_filename
      107    _sqlite3_db_handle
               exported name: sqlite3_db_handle
      108    _sqlite3_db_mutex
               exported name: sqlite3_db_mutex
      109    _sqlite3_db_readonly
               exported name: sqlite3_db_readonly
      110    _sqlite3_db_release_memory
               exported name: sqlite3_db_release_memory
      111    _sqlite3_db_status
               exported name: sqlite3_db_status
      112    _sqlite3_declare_vtab
               exported name: sqlite3_declare_vtab
      113    _sqlite3_dispose_module
               exported name: sqlite3_dispose_module
      114    _sqlite3_enable_load_extension
               exported name: sqlite3_enable_load_extension
      115    _sqlite3_enable_shared_cache
               exported name: sqlite3_enable_shared_cache
      116    _sqlite3_errcode
               exported name: sqlite3_errcode
      117    _sqlite3_errmsg
               exported name: sqlite3_errmsg
      118    _sqlite3_errmsg16
               exported name: sqlite3_errmsg16
      119    _sqlite3_errmsg_interop@8
      120    _sqlite3_errstr
               exported name: sqlite3_errstr
      121    _sqlite3_exec
               exported name: sqlite3_exec
      122    _sqlite3_expired
               exported name: sqlite3_expired
      123    _sqlite3_extended_errcode
               exported name: sqlite3_extended_errcode
      124    _sqlite3_extended_result_codes
               exported name: sqlite3_extended_result_codes
      125    _sqlite3_file_control
               exported name: sqlite3_file_control
      126    _sqlite3_finalize
               exported name: sqlite3_finalize
      127    _sqlite3_finalize_interop@4
      128    _sqlite3_free
               exported name: sqlite3_free
      129    _sqlite3_free_table
               exported name: sqlite3_free_table
      130    _sqlite3_get_autocommit
               exported name: sqlite3_get_autocommit
      131    _sqlite3_get_auxdata
               exported name: sqlite3_get_auxdata
      132    _sqlite3_get_table
               exported name: sqlite3_get_table
      133    _sqlite3_global_recover
               exported name: sqlite3_global_recover
      134    _sqlite3_index_column_info_interop@32
      135    _sqlite3_initialize
               exported name: sqlite3_initialize
      136    _sqlite3_interrupt
               exported name: sqlite3_interrupt
      137    _sqlite3_key
               exported name: sqlite3_key
      138    _sqlite3_key_v2
               exported name: sqlite3_key_v2
      139    _sqlite3_last_insert_rowid
               exported name: sqlite3_last_insert_rowid
      140    _sqlite3_last_insert_rowid_interop@8
      141    _sqlite3_libversion
               exported name: sqlite3_libversion
      142    _sqlite3_libversion_number
               exported name: sqlite3_libversion_number
      143    _sqlite3_limit
               exported name: sqlite3_limit
      144    _sqlite3_load_extension
               exported name: sqlite3_load_extension
      145    _sqlite3_log
               exported name: sqlite3_log
      146    _sqlite3_malloc
               exported name: sqlite3_malloc
      147    _sqlite3_malloc_size_interop@4
      148    _sqlite3_memory_alarm
               exported name: sqlite3_memory_alarm
      149    _sqlite3_memory_highwater
               exported name: sqlite3_memory_highwater
      150    _sqlite3_memory_highwater_interop@8
      151    _sqlite3_memory_used
               exported name: sqlite3_memory_used
      152    _sqlite3_memory_used_interop@4
      153    _sqlite3_mprintf
               exported name: sqlite3_mprintf
      154    _sqlite3_mutex_alloc
               exported name: sqlite3_mutex_alloc
      155    _sqlite3_mutex_enter
               exported name: sqlite3_mutex_enter
      156    _sqlite3_mutex_free
               exported name: sqlite3_mutex_free
      157    _sqlite3_mutex_leave
               exported name: sqlite3_mutex_leave
      158    _sqlite3_mutex_try
               exported name: sqlite3_mutex_try
      159    _sqlite3_next_stmt
               exported name: sqlite3_next_stmt
      160    _sqlite3_open
               exported name: sqlite3_open
      161    _sqlite3_open16
               exported name: sqlite3_open16
      162    _sqlite3_open16_interop@12
      163    _sqlite3_open_interop@12
      164    _sqlite3_open_v2
               exported name: sqlite3_open_v2
      165    _sqlite3_os_end
               exported name: sqlite3_os_end
      166    _sqlite3_os_init
               exported name: sqlite3_os_init
      167    _sqlite3_overload_function
               exported name: sqlite3_overload_function
      168    _sqlite3_percentile_init
               exported name: sqlite3_percentile_init
      169    _sqlite3_prepare
               exported name: sqlite3_prepare
      170    _sqlite3_prepare16
               exported name: sqlite3_prepare16
      171    _sqlite3_prepare16_interop@24
      172    _sqlite3_prepare16_v2
               exported name: sqlite3_prepare16_v2
      173    _sqlite3_prepare_interop@24
      174    _sqlite3_prepare_v2
               exported name: sqlite3_prepare_v2
      175    _sqlite3_profile
               exported name: sqlite3_profile
      176    _sqlite3_progress_handler
               exported name: sqlite3_progress_handler
      177    _sqlite3_randomness
               exported name: sqlite3_randomness
      178    _sqlite3_realloc
               exported name: sqlite3_realloc
      179    _sqlite3_regexp_init
               exported name: sqlite3_regexp_init
      180    _sqlite3_rekey
               exported name: sqlite3_rekey
      181    _sqlite3_rekey_v2
               exported name: sqlite3_rekey_v2
      182    _sqlite3_release_memory
               exported name: sqlite3_release_memory
      183    _sqlite3_reset
               exported name: sqlite3_reset
      184    _sqlite3_reset_auto_extension
               exported name: sqlite3_reset_auto_extension
      185    _sqlite3_reset_interop@4
      186    _sqlite3_result_blob
               exported name: sqlite3_result_blob
      187    _sqlite3_result_double
               exported name: sqlite3_result_double
      188    _sqlite3_result_double_interop@8
      189    _sqlite3_result_error
               exported name: sqlite3_result_error
      190    _sqlite3_result_error16
               exported name: sqlite3_result_error16
      191    _sqlite3_result_error_code
               exported name: sqlite3_result_error_code
      192    _sqlite3_result_error_nomem
               exported name: sqlite3_result_error_nomem
      193    _sqlite3_result_error_toobig
               exported name: sqlite3_result_error_toobig
      194    _sqlite3_result_int
               exported name: sqlite3_result_int
      195    _sqlite3_result_int64
               exported name: sqlite3_result_int64
      196    _sqlite3_result_int64_interop@8
      197    _sqlite3_result_null
               exported name: sqlite3_result_null
      198    _sqlite3_result_text
               exported name: sqlite3_result_text
      199    _sqlite3_result_text16
               exported name: sqlite3_result_text16
      200    _sqlite3_result_text16be
               exported name: sqlite3_result_text16be
      201    _sqlite3_result_text16le
               exported name: sqlite3_result_text16le
      202    _sqlite3_result_value
               exported name: sqlite3_result_value
      203    _sqlite3_result_zeroblob
               exported name: sqlite3_result_zeroblob
      204    _sqlite3_rollback_hook
               exported name: sqlite3_rollback_hook
      205    _sqlite3_rtree_geometry_callback
               exported name: sqlite3_rtree_geometry_callback
      206    _sqlite3_rtree_query_callback
               exported name: sqlite3_rtree_query_callback
      207    _sqlite3_set_authorizer
               exported name: sqlite3_set_authorizer
      208    _sqlite3_set_auxdata
               exported name: sqlite3_set_auxdata
      209    _sqlite3_shutdown
               exported name: sqlite3_shutdown
      210    _sqlite3_sleep
               exported name: sqlite3_sleep
      211    _sqlite3_snprintf
               exported name: sqlite3_snprintf
      212    _sqlite3_soft_heap_limit
               exported name: sqlite3_soft_heap_limit
      213    _sqlite3_soft_heap_limit64
               exported name: sqlite3_soft_heap_limit64
      214    _sqlite3_sourceid
               exported name: sqlite3_sourceid
      215    _sqlite3_sql
               exported name: sqlite3_sql
      216    _sqlite3_status
               exported name: sqlite3_status
      217    _sqlite3_step
               exported name: sqlite3_step
      218    _sqlite3_stmt_busy
               exported name: sqlite3_stmt_busy
      219    _sqlite3_stmt_readonly
               exported name: sqlite3_stmt_readonly
      220    _sqlite3_stmt_status
               exported name: sqlite3_stmt_status
      221    _sqlite3_strglob
               exported name: sqlite3_strglob
      222    _sqlite3_stricmp
               exported name: sqlite3_stricmp
      223    _sqlite3_strnicmp
               exported name: sqlite3_strnicmp
      224    _sqlite3_table_column_metadata
               exported name: sqlite3_table_column_metadata
      225    _sqlite3_table_column_metadata_interop@44
      226    _sqlite3_table_cursor_interop@12
      227    _sqlite3_temp_directory
               exported name: sqlite3_temp_directory
      228    _sqlite3_test_control
               exported name: sqlite3_test_control
      229    _sqlite3_thread_cleanup
               exported name: sqlite3_thread_cleanup
      230    _sqlite3_threadsafe
               exported name: sqlite3_threadsafe
      231    _sqlite3_total_changes
               exported name: sqlite3_total_changes
      232    _sqlite3_totype_init
               exported name: sqlite3_totype_init
      233    _sqlite3_trace
               exported name: sqlite3_trace
      234    _sqlite3_transfer_bindings
               exported name: sqlite3_transfer_bindings
      235    _sqlite3_update_hook
               exported name: sqlite3_update_hook
      236    _sqlite3_uri_boolean
               exported name: sqlite3_uri_boolean
      237    _sqlite3_uri_int64
               exported name: sqlite3_uri_int64
      238    _sqlite3_uri_parameter
               exported name: sqlite3_uri_parameter
      239    _sqlite3_user_data
               exported name: sqlite3_user_data
      240    _sqlite3_value_blob
               exported name: sqlite3_value_blob
      241    _sqlite3_value_bytes
               exported name: sqlite3_value_bytes
      242    _sqlite3_value_bytes16
               exported name: sqlite3_value_bytes16
      243    _sqlite3_value_double
               exported name: sqlite3_value_double
      244    _sqlite3_value_double_interop@8
      245    _sqlite3_value_int
               exported name: sqlite3_value_int
      246    _sqlite3_value_int64
               exported name: sqlite3_value_int64
      247    _sqlite3_value_int64_interop@8
      248    _sqlite3_value_numeric_type
               exported name: sqlite3_value_numeric_type
      249    _sqlite3_value_text
               exported name: sqlite3_value_text
      250    _sqlite3_value_text16
               exported name: sqlite3_value_text16
      251    _sqlite3_value_text16_interop@8
      252    _sqlite3_value_text16be
               exported name: sqlite3_value_text16be
      253    _sqlite3_value_text16le
               exported name: sqlite3_value_text16le
      254    _sqlite3_value_text_interop@8
      255    _sqlite3_value_type
               exported name: sqlite3_value_type
      256    _sqlite3_version
               exported name: sqlite3_version
      257    _sqlite3_vfs_find
               exported name: sqlite3_vfs_find
      258    _sqlite3_vfs_register
               exported name: sqlite3_vfs_register
      259    _sqlite3_vfs_unregister
               exported name: sqlite3_vfs_unregister
      260    _sqlite3_vmprintf
               exported name: sqlite3_vmprintf
      261    _sqlite3_vsnprintf
               exported name: sqlite3_vsnprintf
      262    _sqlite3_vtab_config
               exported name: sqlite3_vtab_config
      263    _sqlite3_vtab_on_conflict
               exported name: sqlite3_vtab_on_conflict
      264    _sqlite3_vtshim_init
               exported name: sqlite3_vtshim_init
      265    _sqlite3_wal_autocheckpoint
               exported name: sqlite3_wal_autocheckpoint
      266    _sqlite3_wal_checkpoint
               exported name: sqlite3_wal_checkpoint
      267    _sqlite3_wal_checkpoint_v2
               exported name: sqlite3_wal_checkpoint_v2
      268    _sqlite3_wal_hook
               exported name: sqlite3_wal_hook
      269    _sqlite3_win32_compact_heap
               exported name: sqlite3_win32_compact_heap
      270    _sqlite3_win32_mbcs_to_utf8
               exported name: sqlite3_win32_mbcs_to_utf8
      271    _sqlite3_win32_reset_heap
               exported name: sqlite3_win32_reset_heap
      272    _sqlite3_win32_set_directory
               exported name: sqlite3_win32_set_directory
      273    _sqlite3_win32_sleep
               exported name: sqlite3_win32_sleep
      274    _sqlite3_win32_utf8_to_mbcs
               exported name: sqlite3_win32_utf8_to_mbcs
      275    _sqlite3_win32_write_debug
               exported name: sqlite3_win32_write_debug
